docker :  Image mhc-ticketing-backend Building 
At line:3 char:1
+ docker compose build backend 2>&1 | Out-File -FilePath "C:\Users\sour ...
+ ~~~~~~~~~~~~~~~~~~~~~~~~~~~~~~~~~
    + CategoryInfo          : NotSpecified: ( Image mhc-ticketing-backend Building :String) [], RemoteException
    + FullyQualifiedErrorId : NativeCommandError
 
#1 [internal] load local bake definitions
#1 reading from stdin 557B done
#1 DONE 0.0s

#2 [internal] load build definition from Dockerfile
#2 transferring dockerfile: 1.35kB done
#2 DONE 0.0s

#3 resolve image config for docker-image://docker.io/docker/dockerfile:1.7
#3 DONE 2.4s

#4 docker-image://docker.io/docker/dockerfile:1.7@sha256:a57df69d0ea827fb7266491f2813635de6f17269be881f696fbfdf2d83dda33e
#4 resolve docker.io/docker/dockerfile:1.7@sha256:a57df69d0ea827fb7266491f2813635de6f17269be881f696fbfdf2d83dda33e 0.1s done
#4 CACHED

#5 [internal] load metadata for docker.io/library/python:3.12-slim
#5 DONE 1.4s

#6 [internal] load .dockerignore
#6 transferring context: 2B done
#6 DONE 0.0s

#7 [1/7] FROM docker.io/library/python:3.12-slim@sha256:57cd7c3a7a273101a6485ba99423ee568157882804b1124b4dd04266317710de
#7 resolve docker.io/library/python:3.12-slim@sha256:57cd7c3a7a273101a6485ba99423ee568157882804b1124b4dd04266317710de 0.1s done
#7 DONE 0.1s

#8 [internal] load build context
#8 transferring context: 3.52MB 0.3s done
#8 DONE 0.3s

#9 [2/7] RUN apt-get update && apt-get install -y --no-install-recommends         build-essential         libpq-dev         libmagic1         libclamav-dev         clamav-daemon         clamav-freshclam         curl         netcat-openbsd     && rm -rf /var/lib/apt/lists/*
#9 CACHED

#10 [3/7] WORKDIR /app
#10 CACHED

#11 [4/7] COPY requirements/ ./requirements/
#11 CACHED

#12 [5/7] RUN pip install --upgrade pip &&     pip install -r requirements/base.txt
#12 CACHED

#13 [6/7] COPY . /app
#13 DONE 0.2s

#14 [7/7] RUN useradd --create-home --shell /bin/bash app && chown -R app:app /app
#14 DONE 3.5s

#15 exporting to image
#15 exporting layers
#15 exporting layers 0.5s done
#15 exporting manifest sha256:46a7f2174565810b4cf0d18c7ac2fc490c481d583504ecf6c7916b52bb0260e8 0.0s done
#15 exporting config sha256:d04a093c7e524ba0b55cae4fb24f9ab84ea78e44339c961dffeb72e123e8669a 0.1s done
#15 exporting attestation manifest sha256:ae5ab7ddee79c83480c3f46959ae2ed6bc94640e734b9d4541f91810c7a8e992 0.1s done
#15 exporting manifest list sha256:4807a05f977cd81e336bf01bcb693c080f939b3b6d685bf535573626afe2d753
#15 exporting manifest list sha256:4807a05f977cd81e336bf01bcb693c080f939b3b6d685bf535573626afe2d753 0.1s done
#15 naming to docker.io/library/mhc-ticketing-backend:latest 0.0s done
#15 unpacking to docker.io/library/mhc-ticketing-backend:latest
#15 unpacking to docker.io/library/mhc-ticketing-backend:latest 0.2s done
#15 DONE 1.2s

#16 resolving provenance for metadata file
#16 DONE 0.0s
 Image mhc-ticketing-backend Built 
