docker :  Container mhc-ticketing-minio-1 Running 
At line:4 char:1
+ docker compose up -d backend 2>&1 | Out-File -FilePath "C:\Users\sour ...
+ ~~~~~~~~~~~~~~~~~~~~~~~~~~~~~~~~~
    + CategoryInfo          : NotSpecified: ( Container mhc-...inio-1 Running :String) [], RemoteException
    + FullyQualifiedErrorId : NativeCommandError
 
 Container mhc-ticketing-postgres-1 Running 
 Container mhc-ticketing-keycloak-1 Running 
 Container mhc-ticketing-redis-1 Running 
 Container mhc-ticketing-beat-1 Running 
 Container mhc-ticketing-clamav-1 Running 
 Container mhc-ticketing-rabbitmq-1 Running 
 Container mhc-ticketing-worker-1 Running 
 Container mhc-ticketing-frontend-1 Running 
 Container mhc-ticketing-backend-1 Recreate 
 Container mhc-ticketing-backend-1 Recreated 
 Container mhc-ticketing-postgres-1 Waiting 
 Container mhc-ticketing-redis-1 Waiting 
 Container mhc-ticketing-rabbitmq-1 Waiting 
 Container mhc-ticketing-minio-1 Waiting 
 Container mhc-ticketing-keycloak-1 Waiting 
 Container mhc-ticketing-rabbitmq-1 Healthy 
 Container mhc-ticketing-keycloak-1 Healthy 
 Container mhc-ticketing-postgres-1 Healthy 
 Container mhc-ticketing-redis-1 Healthy 
 Container mhc-ticketing-minio-1 Healthy 
 Container mhc-ticketing-backend-1 Starting 
 Container mhc-ticketing-backend-1 Started 
