docker :  Image mhc-ticketing-backend Building 
At line:1 char:143
+ ... cd C:\Users\sourc\Downloads\ticket; docker compose up -d 2>&1 | Out-F ...
+                                         ~~~~~~~~~~~~~~~~~~~~~~~~~
    + CategoryInfo          : NotSpecified: ( Image mhc-ticketing-backend Building :String) [], RemoteException
    + FullyQualifiedErrorId : NativeCommandError
 
 Image mhc-ticketing-beat Building 
 Image mhc-ticketing-worker Building 
#1 [internal] load local bake definitions
#1 reading from stdin 1.94kB done
#1 DONE 0.0s

#2 [beat internal] load build definition from Dockerfile
#2 transferring dockerfile: 1.35kB 0.0s done
#2 DONE 0.1s

#3 [backend] resolve image config for docker-image://docker.io/docker/dockerfile:1.7
#3 DONE 2.4s

#4 [backend] docker-image://docker.io/docker/dockerfile:1.7@sha256:a57df69d0ea827fb7266491f2813635de6f17269be881f696fbfdf2d83dda33e
#4 resolve docker.io/docker/dockerfile:1.7@sha256:a57df69d0ea827fb7266491f2813635de6f17269be881f696fbfdf2d83dda33e 0.1s done
#4 resolve docker.io/docker/dockerfile:1.7@sha256:a57df69d0ea827fb7266491f2813635de6f17269be881f696fbfdf2d83dda33e 0.1s done
#4 CACHED

#5 [backend internal] load build definition from Dockerfile
#5 transferring dockerfile: 1.35kB 0.0s done
#5 DONE 0.1s

#6 [backend internal] load metadata for docker.io/library/python:3.12-slim
#6 ...

#7 [beat internal] load build definition from Dockerfile
#7 transferring dockerfile: 1.35kB 0.0s done
#7 DONE 0.1s

#8 [worker internal] load build definition from Dockerfile
#8 transferring dockerfile: 1.35kB 0.0s done
#8 DONE 0.1s

#6 [worker internal] load metadata for docker.io/library/python:3.12-slim
#6 DONE 1.3s

#9 [backend internal] load .dockerignore
#9 transferring context: 2B 0.0s done
#9 DONE 0.1s

#10 [worker internal] load .dockerignore
#10 transferring context: 2B done
#10 DONE 0.1s

#11 [beat internal] load .dockerignore
#11 transferring context: 2B done
#11 DONE 0.1s

#12 [worker internal] load build context
#12 DONE 0.0s

#13 [backend internal] load build context
#13 DONE 0.0s

#14 [beat internal] load build context
#14 DONE 0.0s

#15 [beat 1/7] FROM docker.io/library/python:3.12-slim@sha256:57cd7c3a7a273101a6485ba99423ee568157882804b1124b4dd04266317710de
#15 resolve docker.io/library/python:3.12-slim@sha256:57cd7c3a7a273101a6485ba99423ee568157882804b1124b4dd04266317710de 0.1s done
#15 resolve docker.io/library/python:3.12-slim@sha256:57cd7c3a7a273101a6485ba99423ee568157882804b1124b4dd04266317710de 0.1s done
#15 CACHED

#14 [beat internal] load build context
#14 transferring context: 7.69kB 0.1s done
#14 DONE 0.2s

#12 [worker internal] load build context
#12 transferring context: 7.69kB 0.1s done
#12 DONE 0.2s

#13 [backend internal] load build context
#13 transferring context: 7.69kB 0.1s done
#13 DONE 0.3s

#16 [beat 2/7] RUN apt-get update && apt-get install -y --no-install-recommends         build-essential         libpq-dev         libmagic1         libclamav-dev         clamav-daemon         clamav-freshclam         curl         netcat-openbsd     && rm -rf /var/lib/apt/lists/*
#16 1.842 Hit:1 http://deb.debian.org/debian trixie InRelease
#16 2.032 Get:2 http://deb.debian.org/debian trixie-updates InRelease [47.3 kB]
#16 2.401 Get:3 http://deb.debian.org/debian-security trixie-security InRelease [43.4 kB]
#16 2.644 Get:4 http://deb.debian.org/debian trixie/main amd64 Packages [9673 kB]
#16 16.61 Get:5 http://deb.debian.org/debian trixie-updates/main amd64 Packages [4412 B]
#16 16.78 Get:6 http://deb.debian.org/debian-security trixie-security/main amd64 Packages [226 kB]
#16 19.05 Fetched 9993 kB in 18s (544 kB/s)
#16 19.05 Reading package lists...
#16 20.82 Reading package lists...
#16 22.27 Building dependency tree...
#16 22.56 Reading state information...
#16 22.99 The following additional packages will be installed:
#16 22.99   binutils binutils-common binutils-x86-64-linux-gnu bzip2 clamav-base cpp
#16 22.99   cpp-14 cpp-14-x86-64-linux-gnu cpp-x86-64-linux-gnu cron cron-daemon-common
#16 22.99   dpkg-dev g++ g++-14 g++-14-x86-64-linux-gnu g++-x86-64-linux-gnu gcc gcc-14
#16 22.99   gcc-14-x86-64-linux-gnu gcc-x86-64-linux-gnu libapparmor1 libasan8
#16 22.99   libatomic1 libbinutils libbrotli1 libbz2-dev libc-dev-bin libc6-dev libcc1-0
#16 22.99   libclamav12 libcom-err2 libcrypt-dev libctf-nobfd0 libctf0 libcurl4t64
#16 22.99   libdpkg-perl libgcc-14-dev libgdbm-compat4t64 libgnutls30t64 libgomp1
#16 22.99   libgprofng0 libgssapi-krb5-2 libhwasan0 libidn2-0 libisl23 libitm1
#16 22.99   libjansson4 libjson-c5 libk5crypto3 libkeyutils1 libkrb5-3 libkrb5support0
#16 22.99   libldap2 liblsan0 libmagic-mgc libmpc3 libmpfr6 libmspack0t64 libncurses6
#16 22.99   libnghttp2-14 libnghttp3-9 libp11-kit0 libperl5.40 libpopt0 libpq5
#16 22.99   libproc2-0 libpsl5t64 libquadmath0 librtmp1 libsasl2-2 libsasl2-modules-db
#16 22.99   libsframe1 libssh2-1t64 libssl-dev libstdc++-14-dev libsystemd-shared
#16 22.99   libtasn1-6 libtext-charwidth-perl libtext-wrapi18n-perl libtsan2 libubsan1
#16 23.00   libunistring5 libxml2 linux-libc-dev logrotate make patch perl
#16 23.00   perl-modules-5.40 procps rpcsvc-proto sensible-utils systemd ucf xz-utils
#16 23.00   zlib1g-dev
#16 23.00 Suggested packages:
#16 23.00   binutils-doc gprofng-gui binutils-gold bzip2-doc libclamunrar apparmor
#16 23.00   clamav-doc daemon cpp-doc gcc-14-locales cpp-14-doc anacron checksecurity
#16 23.00   supercat bat debian-keyring debian-tag2upload-keyring g++-multilib
#16 23.00   g++-14-multilib gcc-14-doc gcc-multilib manpages-dev autoconf automake
#16 23.00   libtool flex bison gdb gcc-doc gcc-14-multilib gdb-x86-64-linux-gnu
#16 23.00   libc-devtools glibc-doc libclamunrar11 sq | sqop | rsop | gosop
#16 23.00   | pgpainless-cli | gpg-sq | gnupg git bzr gnutls-bin krb5-doc krb5-user file
#16 23.00   postgresql-doc-17 libssl-doc libstdc++-14-doc libarchive13t64 libbpf1
#16 23.00   libcryptsetup12 libdw1t64 libelf1t64 libfido2-1 libgcrypt20 libip4tc2
#16 23.00   libpwquality1 libqrencode4 libtss2-rc0t64 bsd-mailx | mailx make-doc ed
#16 23.00   diffutils-doc perl-doc libterm-readline-gnu-perl
#16 23.00   | libterm-readline-perl-perl libtap-harness-archive-perl systemd-container
#16 23.00   systemd-homed systemd-userdbd systemd-boot systemd-resolved systemd-repart
#16 23.00   libtss2-tcti-device0 polkitd
#16 23.00 Recommended packages:
#16 23.00   clamav clamdscan default-mta | mail-transport-agent bash-completion fakeroot
#16 23.00   sq | sqop | rsop | gosop | pgpainless-cli | gpg-sq | gnupg
#16 23.00   libalgorithm-merge-perl bzip2-doc manpages manpages-dev
#16 23.00   libfile-fcntllock-perl liblocale-gettext-perl krb5-locales libldap-common
#16 23.00   libgpm2 publicsuffix libsasl2-modules libkmod2 psmisc linux-sysctl-defaults
#16 23.00   default-dbus-system-bus | dbus-system-bus systemd-timesyncd | time-daemon
#16 23.00   systemd-cryptsetup
#16 24.23 The following NEW packages will be installed:
#16 24.23   binutils binutils-common binutils-x86-64-linux-gnu build-essential bzip2
#16 24.23   clamav-base clamav-daemon clamav-freshclam cpp cpp-14
#16 24.23   cpp-14-x86-64-linux-gnu cpp-x86-64-linux-gnu cron cron-daemon-common curl
#16 24.23   dpkg-dev g++ g++-14 g++-14-x86-64-linux-gnu g++-x86-64-linux-gnu gcc gcc-14
#16 24.23   gcc-14-x86-64-linux-gnu gcc-x86-64-linux-gnu libapparmor1 libasan8
#16 24.23   libatomic1 libbinutils libbrotli1 libbz2-dev libc-dev-bin libc6-dev libcc1-0
#16 24.23   libclamav-dev libclamav12 libcom-err2 libcrypt-dev libctf-nobfd0 libctf0
#16 24.23   libcurl4t64 libdpkg-perl libgcc-14-dev libgdbm-compat4t64 libgnutls30t64
#16 24.23   libgomp1 libgprofng0 libgssapi-krb5-2 libhwasan0 libidn2-0 libisl23 libitm1
#16 24.23   libjansson4 libjson-c5 libk5crypto3 libkeyutils1 libkrb5-3 libkrb5support0
#16 24.23   libldap2 liblsan0 libmagic-mgc libmagic1t64 libmpc3 libmpfr6 libmspack0t64
#16 24.23   libncurses6 libnghttp2-14 libnghttp3-9 libp11-kit0 libperl5.40 libpopt0
#16 24.23   libpq-dev libpq5 libproc2-0 libpsl5t64 libquadmath0 librtmp1 libsasl2-2
#16 24.23   libsasl2-modules-db libsframe1 libssh2-1t64 libssl-dev libstdc++-14-dev
#16 24.23   libsystemd-shared libtasn1-6 libtext-charwidth-perl libtext-wrapi18n-perl
#16 24.23   libtsan2 libubsan1 libunistring5 libxml2 linux-libc-dev logrotate make
#16 24.24   netcat-openbsd patch perl perl-modules-5.40 procps rpcsvc-proto
#16 24.24   sensible-utils systemd ucf xz-utils zlib1g-dev
#16 24.66 0 upgraded, 104 newly installed, 0 to remove and 0 not upgraded.
#16 24.66 Need to get 108 MB of archives.
#16 24.66 After this operation, 442 MB of additional disk space will be used.
#16 24.66 Get:1 http://deb.debian.org/debian trixie/main amd64 libsystemd-shared amd64 257.13-1~deb13u1 [2155 kB]
#16 27.90 Get:2 http://deb.debian.org/debian trixie/main amd64 libapparmor1 amd64 4.1.0-1 [43.7 kB]
#16 27.99 Get:3 http://deb.debian.org/debian trixie/main amd64 systemd amd64 257.13-1~deb13u1 [3094 kB]
#16 35.35 Get:4 http://deb.debian.org/debian trixie/main amd64 cron-daemon-common all 3.0pl1-197 [17.8 kB]
#16 36.98 Get:5 http://deb.debian.org/debian trixie/main amd64 sensible-utils all 0.0.25 [25.0 kB]
#16 36.99 Get:6 http://deb.debian.org/debian trixie/main amd64 cron amd64 3.0pl1-197 [87.4 kB]
#16 37.00 Get:7 http://deb.debian.org/debian trixie/main amd64 libpopt0 amd64 1.19+dfsg-2 [43.8 kB]
#16 37.00 Get:8 http://deb.debian.org/debian trixie/main amd64 logrotate amd64 3.22.0-1 [62.0 kB]
#16 37.01 Get:9 http://deb.debian.org/debian trixie/main amd64 libtext-charwidth-perl amd64 0.04-11+b4 [9476 B]
#16 37.01 Get:10 http://deb.debian.org/debian trixie/main amd64 libtext-wrapi18n-perl all 0.06-10 [8808 B]
#16 37.01 Get:11 http://deb.debian.org/debian trixie/main amd64 libproc2-0 amd64 2:4.0.4-9 [65.6 kB]
#16 37.02 Get:12 http://deb.debian.org/debian trixie/main amd64 procps amd64 2:4.0.4-9 [882 kB]
#16 37.15 Get:13 http://deb.debian.org/debian trixie/main amd64 ucf all 3.0052 [43.3 kB]
#16 37.34 Get:14 http://deb.debian.org/debian trixie/main amd64 clamav-base all 1.4.3+dfsg-1 [100 kB]
#16 37.98 Get:15 http://deb.debian.org/debian trixie/main amd64 libbrotli1 amd64 1.1.0-2+b7 [307 kB]
#16 38.58 Get:16 http://deb.debian.org/debian trixie/main amd64 libkrb5support0 amd64 1.21.3-5+deb13u1 [33.1 kB]
#16 38.64 Get:17 http://deb.debian.org/debian trixie/main amd64 libcom-err2 amd64 1.47.2-3+b11 [25.0 kB]
#16 38.68 Get:18 http://deb.debian.org/debian trixie/main amd64 libk5crypto3 amd64 1.21.3-5+deb13u1 [81.2 kB]
#16 38.77 Get:19 http://deb.debian.org/debian trixie/main amd64 libkeyutils1 amd64 1.6.3-6 [9456 B]
#16 38.81 Get:20 http://deb.debian.org/debian trixie/main amd64 libkrb5-3 amd64 1.21.3-5+deb13u1 [326 kB]
#16 39.32 Get:21 http://deb.debian.org/debian trixie/main amd64 libgssapi-krb5-2 amd64 1.21.3-5+deb13u1 [138 kB]
#16 39.48 Get:22 http://deb.debian.org/debian trixie/main amd64 libunistring5 amd64 1.3-2 [477 kB]
#16 40.53 Get:23 http://deb.debian.org/debian trixie/main amd64 libidn2-0 amd64 2.3.8-2 [109 kB]
#16 40.54 Get:24 http://deb.debian.org/debian trixie/main amd64 libsasl2-modules-db amd64 2.1.28+dfsg1-9 [19.8 kB]
#16 40.55 Get:25 http://deb.debian.org/debian trixie/main amd64 libsasl2-2 amd64 2.1.28+dfsg1-9 [57.5 kB]
#16 40.61 Get:26 http://deb.debian.org/debian trixie/main amd64 libldap2 amd64 2.6.10+dfsg-1 [194 kB]
#16 40.95 Get:27 http://deb.debian.org/debian trixie/main amd64 libnghttp2-14 amd64 1.64.0-1.1+deb13u1 [76.2 kB]
#16 41.03 Get:28 http://deb.debian.org/debian trixie/main amd64 libnghttp3-9 amd64 1.8.0-1 [67.7 kB]
#16 41.11 Get:29 http://deb.debian.org/debian trixie/main amd64 libpsl5t64 amd64 0.21.2-1.1+b1 [57.2 kB]
#16 41.21 Get:30 http://deb.debian.org/debian trixie/main amd64 libp11-kit0 amd64 0.25.5-3 [425 kB]
#16 41.93 Get:31 http://deb.debian.org/debian trixie/main amd64 libtasn1-6 amd64 4.20.0-2+deb13u1 [50.1 kB]
#16 41.94 Get:32 http://deb.debian.org/debian trixie/main amd64 libgnutls30t64 amd64 3.8.9-3+deb13u4 [1469 kB]
#16 44.10 Get:33 http://deb.debian.org/debian trixie/main amd64 librtmp1 amd64 2.4+20151223.gitfa8646d.1-2+b5 [58.8 kB]
#16 44.10 Get:34 http://deb.debian.org/debian trixie/main amd64 libssh2-1t64 amd64 1.11.1-1+deb13u1 [245 kB]
#16 44.18 Get:35 http://deb.debian.org/debian trixie/main amd64 libcurl4t64 amd64 8.14.1-2+deb13u4 [392 kB]
#16 44.67 Get:36 http://deb.debian.org/debian trixie/main amd64 libjson-c5 amd64 0.18+ds-1 [46.0 kB]
#16 44.67 Get:37 http://deb.debian.org/debian trixie/main amd64 libmspack0t64 amd64 0.11-1.1+b1 [53.0 kB]
#16 44.72 Get:38 http://deb.debian.org/debian trixie/main amd64 libxml2 amd64 2.12.7+dfsg+really2.9.14-2.1+deb13u3 [700 kB]
#16 45.64 Get:39 http://deb.debian.org/debian trixie/main amd64 libclamav12 amd64 1.4.3+dfsg-1 [7796 kB]
#16 56.98 Get:40 http://deb.debian.org/debian trixie/main amd64 clamav-freshclam amd64 1.4.3+dfsg-1 [161 kB]
#16 56.99 Get:41 http://deb.debian.org/debian trixie/main amd64 libncurses6 amd64 6.5+20250216-2 [105 kB]
#16 57.00 Get:42 http://deb.debian.org/debian trixie/main amd64 clamav-daemon amd64 1.4.3+dfsg-1 [216 kB]
#16 57.01 Get:43 http://deb.debian.org/debian trixie/main amd64 bzip2 amd64 1.0.8-6 [40.5 kB]
#16 57.01 Get:44 http://deb.debian.org/debian trixie/main amd64 perl-modules-5.40 all 5.40.1-6 [3019 kB]
#16 67.09 Get:45 http://deb.debian.org/debian trixie/main amd64 libgdbm-compat4t64 amd64 1.24-2 [50.3 kB]
#16 67.23 Get:46 http://deb.debian.org/debian trixie/main amd64 libperl5.40 amd64 5.40.1-6 [4341 kB]
#16 69.90 Get:47 http://deb.debian.org/debian trixie/main amd64 perl amd64 5.40.1-6 [267 kB]
#16 70.73 Get:48 http://deb.debian.org/debian trixie/main amd64 xz-utils amd64 5.8.1-1+deb13u1 [659 kB]
#16 70.79 Get:49 http://deb.debian.org/debian trixie/main amd64 libsframe1 amd64 2.44-3 [78.4 kB]
#16 70.80 Get:50 http://deb.debian.org/debian trixie/main amd64 binutils-common amd64 2.44-3 [2509 kB]
#16 73.79 Get:51 http://deb.debian.org/debian trixie/main amd64 libbinutils amd64 2.44-3 [534 kB]
#16 73.87 Get:52 http://deb.debian.org/debian trixie/main amd64 libgprofng0 amd64 2.44-3 [808 kB]
#16 74.73 Get:53 http://deb.debian.org/debian trixie/main amd64 libctf-nobfd0 amd64 2.44-3 [156 kB]
#16 75.24 Get:54 http://deb.debian.org/debian trixie/main amd64 libctf0 amd64 2.44-3 [88.6 kB]
#16 75.29 Get:55 http://deb.debian.org/debian trixie/main amd64 libjansson4 amd64 2.14-2+b3 [39.8 kB]
#16 75.34 Get:56 http://deb.debian.org/debian trixie/main amd64 binutils-x86-64-linux-gnu amd64 2.44-3 [1014 kB]
#16 77.36 Get:57 http://deb.debian.org/debian trixie/main amd64 binutils amd64 2.44-3 [265 kB]
#16 77.63 Get:58 http://deb.debian.org/debian trixie/main amd64 libc-dev-bin amd64 2.41-12+deb13u3 [59.8 kB]
#16 77.64 Get:59 http://deb.debian.org/debian-security trixie-security/main amd64 linux-libc-dev all 6.12.95-1 [2852 kB]
#16 86.91 Get:60 http://deb.debian.org/debian trixie/main amd64 libcrypt-dev amd64 1:4.4.38-1 [119 kB]
#16 86.93 Get:61 http://deb.debian.org/debian trixie/main amd64 rpcsvc-proto amd64 1.4.3-1 [63.3 kB]
#16 86.94 Get:62 http://deb.debian.org/debian trixie/main amd64 libc6-dev amd64 2.41-12+deb13u3 [1992 kB]
#16 87.21 Get:63 http://deb.debian.org/debian trixie/main amd64 libisl23 amd64 0.27-1 [659 kB]
#16 87.50 Get:64 http://deb.debian.org/debian trixie/main amd64 libmpfr6 amd64 4.2.2-1 [729 kB]
#16 87.58 Get:65 http://deb.debian.org/debian trixie/main amd64 libmpc3 amd64 1.3.1-1+b3 [52.2 kB]
#16 87.59 Get:66 http://deb.debian.org/debian trixie/main amd64 cpp-14-x86-64-linux-gnu amd64 14.2.0-19 [11.0 MB]
#16 100.5 Get:67 http://deb.debian.org/debian trixie/main amd64 cpp-14 amd64 14.2.0-19 [1280 B]
#16 100.9 Get:68 http://deb.debian.org/debian trixie/main amd64 cpp-x86-64-linux-gnu amd64 4:14.2.0-1 [4840 B]
#16 100.9 Get:69 http://deb.debian.org/debian trixie/main amd64 cpp amd64 4:14.2.0-1 [1568 B]
#16 100.9 Get:70 http://deb.debian.org/debian trixie/main amd64 libcc1-0 amd64 14.2.0-19 [42.8 kB]
#16 100.9 Get:71 http://deb.debian.org/debian trixie/main amd64 libgomp1 amd64 14.2.0-19 [137 kB]
#16 101.0 Get:72 http://deb.debian.org/debian trixie/main amd64 libitm1 amd64 14.2.0-19 [26.0 kB]
#16 101.0 Get:73 http://deb.debian.org/debian trixie/main amd64 libatomic1 amd64 14.2.0-19 [9308 B]
#16 101.0 Get:74 http://deb.debian.org/debian trixie/main amd64 libasan8 amd64 14.2.0-19 [2725 kB]
#16 102.7 Get:75 http://deb.debian.org/debian trixie/main amd64 liblsan0 amd64 14.2.0-19 [1204 kB]
#16 104.0 Get:76 http://deb.debian.org/debian trixie/main amd64 libtsan2 amd64 14.2.0-19 [2460 kB]
#16 107.7 Get:77 http://deb.debian.org/debian trixie/main amd64 libubsan1 amd64 14.2.0-19 [1074 kB]
#16 108.9 Get:78 http://deb.debian.org/debian trixie/main amd64 libhwasan0 amd64 14.2.0-19 [1488 kB]
#16 111.6 Get:79 http://deb.debian.org/debian trixie/main amd64 libquadmath0 amd64 14.2.0-19 [145 kB]
#16 111.6 Get:80 http://deb.debian.org/debian trixie/main amd64 libgcc-14-dev amd64 14.2.0-19 [2672 kB]
#16 115.8 Get:81 http://deb.debian.org/debian trixie/main amd64 gcc-14-x86-64-linux-gnu amd64 14.2.0-19 [21.4 MB]
#16 164.6 Get:82 http://deb.debian.org/debian trixie/main amd64 gcc-14 amd64 14.2.0-19 [540 kB]
#16 164.7 Get:83 http://deb.debian.org/debian trixie/main amd64 gcc-x86-64-linux-gnu amd64 4:14.2.0-1 [1436 B]
#16 164.7 Get:84 http://deb.debian.org/debian trixie/main amd64 gcc amd64 4:14.2.0-1 [5136 B]
#16 164.7 Get:85 http://deb.debian.org/debian trixie/main amd64 libstdc++-14-dev amd64 14.2.0-19 [2376 kB]
#16 164.9 Get:86 http://deb.debian.org/debian trixie/main amd64 g++-14-x86-64-linux-gnu amd64 14.2.0-19 [12.1 MB]
#16 178.6 Get:87 http://deb.debian.org/debian trixie/main amd64 g++-14 amd64 14.2.0-19 [22.5 kB]
#16 179.5 Get:88 http://deb.debian.org/debian trixie/main amd64 g++-x86-64-linux-gnu amd64 4:14.2.0-1 [1200 B]
#16 179.5 Get:89 http://deb.debian.org/debian trixie/main amd64 g++ amd64 4:14.2.0-1 [1344 B]
#16 179.5 Get:90 http://deb.debian.org/debian trixie/main amd64 make amd64 4.4.1-2 [463 kB]
#16 179.5 Get:91 http://deb.debian.org/debian trixie/main amd64 libdpkg-perl all 1.22.22 [651 kB]
#16 179.6 Get:92 http://deb.debian.org/debian trixie/main amd64 patch amd64 2.8-2 [134 kB]
#16 179.6 Get:93 http://deb.debian.org/debian trixie/main amd64 dpkg-dev all 1.22.22 [1337 kB]
#16 180.7 Get:94 http://deb.debian.org/debian trixie/main amd64 build-essential amd64 12.12 [4624 B]
#16 180.7 Get:95 http://deb.debian.org/debian trixie/main amd64 curl amd64 8.14.1-2+deb13u4 [270 kB]
#16 180.8 Get:96 http://deb.debian.org/debian trixie/main amd64 libbz2-dev amd64 1.0.8-6 [31.4 kB]
#16 180.8 Get:97 http://deb.debian.org/debian trixie/main amd64 libssl-dev amd64 3.5.6-1~deb13u2 [2959 kB]
#16 184.4 Get:98 http://deb.debian.org/debian trixie/main amd64 zlib1g-dev amd64 1:1.3.dfsg+really1.3.1-1+b1 [920 kB]
#16 184.9 Get:99 http://deb.debian.org/debian trixie/main amd64 libclamav-dev amd64 1.4.3+dfsg-1 [29.9 kB]
#16 185.0 Get:100 http://deb.debian.org/debian trixie/main amd64 libmagic-mgc amd64 1:5.46-5 [338 kB]
#16 185.4 Get:101 http://deb.debian.org/debian trixie/main amd64 libmagic1t64 amd64 1:5.46-5 [109 kB]
#16 185.5 Get:102 http://deb.debian.org/debian trixie/main amd64 libpq5 amd64 17.10-0+deb13u1 [230 kB]
#16 185.7 Get:103 http://deb.debian.org/debian trixie/main amd64 libpq-dev amd64 17.10-0+deb13u1 [154 kB]
#16 185.9 Get:104 http://deb.debian.org/debian trixie/main amd64 netcat-openbsd amd64 1.229-1 [42.5 kB]
#16 186.3 debconf: unable to initialize frontend: Dialog
#16 186.3 debconf: (TERM is not set, so the dialog frontend is not usable.)
#16 186.3 debconf: falling back to frontend: Readline
#16 186.3 debconf: unable to initialize frontend: Readline
#16 186.3 debconf: (Can't locate Term/ReadLine.pm in @INC (you may need to install the Term::ReadLine module) (@INC entries checked: /etc/perl /usr/local/lib/x86_64-linux-gnu/perl/5.40.1 /usr/local/share/perl/5.40.1 /usr/lib/x86_64-linux-gnu/perl5/5.40 /usr/share/perl5 /usr/lib/x86_64-linux-gnu/perl-base /usr/lib/x86_64-linux-gnu/perl/5.40 /usr/share/perl/5.40 /usr/local/lib/site_perl) at /usr/share/perl5/Debconf/FrontEnd/Readline.pm line 8, <STDIN> line 104.)
#16 186.3 debconf: falling back to frontend: Teletype
#16 186.3 debconf: unable to initialize frontend: Teletype
#16 186.3 debconf: (This frontend requires a controlling tty.)
#16 186.3 debconf: falling back to frontend: Noninteractive
#16 190.4 Preconfiguring packages ...
#16 190.7 Fetched 108 MB in 2min 42s (667 kB/s)
#16 190.8 Selecting previously unselected package libsystemd-shared:amd64.
#16 190.8 (Reading database ... 
(Reading database ... 5%
(Reading database ... 10%
(Reading database ... 15%
(Reading database ... 20%
(Reading database ... 25%
(Reading database ... 30%
(Reading database ... 35%
(Reading database ... 40%
(Reading database ... 45%
(Reading database ... 50%
(Reading database ... 55%
(Reading database ... 60%
(Reading database ... 65%
(Reading database ... 70%
(Reading database ... 75%
(Reading database ... 80%
(Reading database ... 85%
(Reading database ... 90%
(Reading database ... 95%
(Reading database ... 100%
(Reading database ... 5645 files and directories currently installed.)
#16 190.8 Preparing to unpack .../libsystemd-shared_257.13-1~deb13u1_amd64.deb ...
#16 190.8 Unpacking libsystemd-shared:amd64 (257.13-1~deb13u1) ...
#16 191.3 Selecting previously unselected package libapparmor1:amd64.
#16 191.3 Preparing to unpack .../libapparmor1_4.1.0-1_amd64.deb ...
#16 191.3 Unpacking libapparmor1:amd64 (4.1.0-1) ...
#16 191.5 Setting up libsystemd-shared:amd64 (257.13-1~deb13u1) ...
#16 191.7 Selecting previously unselected package systemd.
#16 191.7 (Reading database ... 
(Reading database ... 5%
(Reading database ... 10%
(Reading database ... 15%
(Reading database ... 20%
(Reading database ... 25%
(Reading database ... 30%
(Reading database ... 35%
(Reading database ... 40%
(Reading database ... 45%
(Reading database ... 50%
(Reading database ... 55%
(Reading database ... 60%
(Reading database ... 65%
(Reading database ... 70%
(Reading database ... 75%
(Reading database ... 80%
(Reading database ... 85%
(Reading database ... 90%
(Reading database ... 95%
(Reading database ... 100%
(Reading database ... 5658 files and directories currently installed.)
#16 191.8 Preparing to unpack .../systemd_257.13-1~deb13u1_amd64.deb ...
#16 191.8 Unpacking systemd (257.13-1~deb13u1) ...
#16 192.4 Selecting previously unselected package cron-daemon-common.
#16 192.4 Preparing to unpack .../cron-daemon-common_3.0pl1-197_all.deb ...
#16 192.4 Unpacking cron-daemon-common (3.0pl1-197) ...
#16 192.6 Selecting previously unselected package sensible-utils.
#16 192.6 Preparing to unpack .../sensible-utils_0.0.25_all.deb ...
#16 192.6 Unpacking sensible-utils (0.0.25) ...
#16 192.7 Setting up libapparmor1:amd64 (4.1.0-1) ...
#16 192.8 Setting up systemd (257.13-1~deb13u1) ...
#16 193.0 Created symlink '/etc/systemd/system/getty.target.wants/getty@tty1.service' → '/usr/lib/systemd/system/getty@.service'.
#16 193.1 Created symlink '/etc/systemd/system/multi-user.target.wants/remote-fs.target' → '/usr/lib/systemd/system/remote-fs.target'.
#16 193.1 Created symlink '/etc/systemd/system/sysinit.target.wants/systemd-pstore.service' → '/usr/lib/systemd/system/systemd-pstore.service'.
#16 193.1 Initializing machine ID from random generator.
#16 193.1 Creating group 'systemd-journal' with GID 999.
#16 193.1 Creating group 'systemd-network' with GID 998.
#16 193.1 Creating user 'systemd-network' (systemd Network Management) with UID 998 and GID 998.
#16 193.2 /usr/lib/tmpfiles.d/legacy.conf:14: Duplicate line for path "/run/lock", ignoring.
#16 193.3 Setting up cron-daemon-common (3.0pl1-197) ...
#16 193.5 Creating group 'crontab' with GID 997.
#16 193.8 Selecting previously unselected package cron.
#16 193.8 (Reading database ... 
(Reading database ... 5%
(Reading database ... 10%
(Reading database ... 15%
(Reading database ... 20%
(Reading database ... 25%
(Reading database ... 30%
(Reading database ... 35%
(Reading database ... 40%
(Reading database ... 45%
(Reading database ... 50%
(Reading database ... 55%
(Reading database ... 60%
(Reading database ... 65%
(Reading database ... 70%
(Reading database ... 75%
(Reading database ... 80%
(Reading database ... 85%
(Reading database ... 90%
(Reading database ... 95%
(Reading database ... 100%
(Reading database ... 6644 files and directories currently installed.)
#16 193.8 Preparing to unpack .../00-cron_3.0pl1-197_amd64.deb ...
#16 193.8 Unpacking cron (3.0pl1-197) ...
#16 194.0 Selecting previously unselected package libpopt0:amd64.
#16 194.0 Preparing to unpack .../01-libpopt0_1.19+dfsg-2_amd64.deb ...
#16 194.0 Unpacking libpopt0:amd64 (1.19+dfsg-2) ...
#16 194.1 Selecting previously unselected package logrotate.
#16 194.2 Preparing to unpack .../02-logrotate_3.22.0-1_amd64.deb ...
#16 194.2 Unpacking logrotate (3.22.0-1) ...
#16 194.3 Selecting previously unselected package libtext-charwidth-perl:amd64.
#16 194.3 Preparing to unpack .../03-libtext-charwidth-perl_0.04-11+b4_amd64.deb ...
#16 194.3 Unpacking libtext-charwidth-perl:amd64 (0.04-11+b4) ...
#16 194.5 Selecting previously unselected package libtext-wrapi18n-perl.
#16 194.5 Preparing to unpack .../04-libtext-wrapi18n-perl_0.06-10_all.deb ...
#16 194.5 Unpacking libtext-wrapi18n-perl (0.06-10) ...
#16 194.8 Selecting previously unselected package libproc2-0:amd64.
#16 194.8 Preparing to unpack .../05-libproc2-0_2%3a4.0.4-9_amd64.deb ...
#16 194.8 Unpacking libproc2-0:amd64 (2:4.0.4-9) ...
#16 195.0 Selecting previously unselected package procps.
#16 195.0 Preparing to unpack .../06-procps_2%3a4.0.4-9_amd64.deb ...
#16 195.0 Unpacking procps (2:4.0.4-9) ...
#16 195.3 Selecting previously unselected package ucf.
#16 195.3 Preparing to unpack .../07-ucf_3.0052_all.deb ...
#16 195.3 Moving old data out of the way
#16 195.3 Unpacking ucf (3.0052) ...
#16 195.5 Selecting previously unselected package clamav-base.
#16 195.5 Preparing to unpack .../08-clamav-base_1.4.3+dfsg-1_all.deb ...
#16 195.5 Unpacking clamav-base (1.4.3+dfsg-1) ...
#16 195.7 Selecting previously unselected package libbrotli1:amd64.
#16 195.7 Preparing to unpack .../09-libbrotli1_1.1.0-2+b7_amd64.deb ...
#16 195.7 Unpacking libbrotli1:amd64 (1.1.0-2+b7) ...
#16 195.9 Selecting previously unselected package libkrb5support0:amd64.
#16 195.9 Preparing to unpack .../10-libkrb5support0_1.21.3-5+deb13u1_amd64.deb ...
#16 195.9 Unpacking libkrb5support0:amd64 (1.21.3-5+deb13u1) ...
#16 196.1 Selecting previously unselected package libcom-err2:amd64.
#16 196.1 Preparing to unpack .../11-libcom-err2_1.47.2-3+b11_amd64.deb ...
#16 196.1 Unpacking libcom-err2:amd64 (1.47.2-3+b11) ...
#16 196.3 Selecting previously unselected package libk5crypto3:amd64.
#16 196.3 Preparing to unpack .../12-libk5crypto3_1.21.3-5+deb13u1_amd64.deb ...
#16 196.3 Unpacking libk5crypto3:amd64 (1.21.3-5+deb13u1) ...
#16 196.5 Selecting previously unselected package libkeyutils1:amd64.
#16 196.5 Preparing to unpack .../13-libkeyutils1_1.6.3-6_amd64.deb ...
#16 196.5 Unpacking libkeyutils1:amd64 (1.6.3-6) ...
#16 196.7 Selecting previously unselected package libkrb5-3:amd64.
#16 196.7 Preparing to unpack .../14-libkrb5-3_1.21.3-5+deb13u1_amd64.deb ...
#16 196.7 Unpacking libkrb5-3:amd64 (1.21.3-5+deb13u1) ...
#16 196.9 Selecting previously unselected package libgssapi-krb5-2:amd64.
#16 196.9 Preparing to unpack .../15-libgssapi-krb5-2_1.21.3-5+deb13u1_amd64.deb ...
#16 196.9 Unpacking libgssapi-krb5-2:amd64 (1.21.3-5+deb13u1) ...
#16 197.1 Selecting previously unselected package libunistring5:amd64.
#16 197.1 Preparing to unpack .../16-libunistring5_1.3-2_amd64.deb ...
#16 197.1 Unpacking libunistring5:amd64 (1.3-2) ...
#16 197.4 Selecting previously unselected package libidn2-0:amd64.
#16 197.4 Preparing to unpack .../17-libidn2-0_2.3.8-2_amd64.deb ...
#16 197.4 Unpacking libidn2-0:amd64 (2.3.8-2) ...
#16 197.6 Selecting previously unselected package libsasl2-modules-db:amd64.
#16 197.6 Preparing to unpack .../18-libsasl2-modules-db_2.1.28+dfsg1-9_amd64.deb ...
#16 197.6 Unpacking libsasl2-modules-db:amd64 (2.1.28+dfsg1-9) ...
#16 197.8 Selecting previously unselected package libsasl2-2:amd64.
#16 197.8 Preparing to unpack .../19-libsasl2-2_2.1.28+dfsg1-9_amd64.deb ...
#16 197.8 Unpacking libsasl2-2:amd64 (2.1.28+dfsg1-9) ...
#16 198.0 Selecting previously unselected package libldap2:amd64.
#16 198.0 Preparing to unpack .../20-libldap2_2.6.10+dfsg-1_amd64.deb ...
#16 198.0 Unpacking libldap2:amd64 (2.6.10+dfsg-1) ...
#16 198.2 Selecting previously unselected package libnghttp2-14:amd64.
#16 198.2 Preparing to unpack .../21-libnghttp2-14_1.64.0-1.1+deb13u1_amd64.deb ...
#16 198.2 Unpacking libnghttp2-14:amd64 (1.64.0-1.1+deb13u1) ...
#16 198.4 Selecting previously unselected package libnghttp3-9:amd64.
#16 198.4 Preparing to unpack .../22-libnghttp3-9_1.8.0-1_amd64.deb ...
#16 198.4 Unpacking libnghttp3-9:amd64 (1.8.0-1) ...
#16 198.6 Selecting previously unselected package libpsl5t64:amd64.
#16 198.6 Preparing to unpack .../23-libpsl5t64_0.21.2-1.1+b1_amd64.deb ...
#16 198.6 Unpacking libpsl5t64:amd64 (0.21.2-1.1+b1) ...
#16 198.8 Selecting previously unselected package libp11-kit0:amd64.
#16 198.8 Preparing to unpack .../24-libp11-kit0_0.25.5-3_amd64.deb ...
#16 198.8 Unpacking libp11-kit0:amd64 (0.25.5-3) ...
#16 199.1 Selecting previously unselected package libtasn1-6:amd64.
#16 199.1 Preparing to unpack .../25-libtasn1-6_4.20.0-2+deb13u1_amd64.deb ...
#16 199.1 Unpacking libtasn1-6:amd64 (4.20.0-2+deb13u1) ...
#16 199.3 Selecting previously unselected package libgnutls30t64:amd64.
#16 199.3 Preparing to unpack .../26-libgnutls30t64_3.8.9-3+deb13u4_amd64.deb ...
#16 199.3 Unpacking libgnutls30t64:amd64 (3.8.9-3+deb13u4) ...
#16 199.6 Selecting previously unselected package librtmp1:amd64.
#16 199.6 Preparing to unpack .../27-librtmp1_2.4+20151223.gitfa8646d.1-2+b5_amd64.deb ...
#16 199.6 Unpacking librtmp1:amd64 (2.4+20151223.gitfa8646d.1-2+b5) ...
#16 199.8 Selecting previously unselected package libssh2-1t64:amd64.
#16 199.8 Preparing to unpack .../28-libssh2-1t64_1.11.1-1+deb13u1_amd64.deb ...
#16 199.8 Unpacking libssh2-1t64:amd64 (1.11.1-1+deb13u1) ...
#16 200.0 Selecting previously unselected package libcurl4t64:amd64.
#16 200.0 Preparing to unpack .../29-libcurl4t64_8.14.1-2+deb13u4_amd64.deb ...
#16 200.0 Unpacking libcurl4t64:amd64 (8.14.1-2+deb13u4) ...
#16 200.3 Selecting previously unselected package libjson-c5:amd64.
#16 200.3 Preparing to unpack .../30-libjson-c5_0.18+ds-1_amd64.deb ...
#16 200.3 Unpacking libjson-c5:amd64 (0.18+ds-1) ...
#16 200.5 Selecting previously unselected package libmspack0t64:amd64.
#16 200.5 Preparing to unpack .../31-libmspack0t64_0.11-1.1+b1_amd64.deb ...
#16 200.5 Unpacking libmspack0t64:amd64 (0.11-1.1+b1) ...
#16 200.7 Selecting previously unselected package libxml2:amd64.
#16 200.7 Preparing to unpack .../32-libxml2_2.12.7+dfsg+really2.9.14-2.1+deb13u3_amd64.deb ...
#16 200.7 Unpacking libxml2:amd64 (2.12.7+dfsg+really2.9.14-2.1+deb13u3) ...
#16 201.1 Selecting previously unselected package libclamav12:amd64.
#16 201.1 Preparing to unpack .../33-libclamav12_1.4.3+dfsg-1_amd64.deb ...
#16 201.1 Unpacking libclamav12:amd64 (1.4.3+dfsg-1) ...
#16 202.4 Selecting previously unselected package clamav-freshclam.
#16 202.4 Preparing to unpack .../34-clamav-freshclam_1.4.3+dfsg-1_amd64.deb ...
#16 202.4 Unpacking clamav-freshclam (1.4.3+dfsg-1) ...
#16 202.6 Selecting previously unselected package libncurses6:amd64.
#16 202.6 Preparing to unpack .../35-libncurses6_6.5+20250216-2_amd64.deb ...
#16 202.7 Unpacking libncurses6:amd64 (6.5+20250216-2) ...
#16 202.9 Selecting previously unselected package clamav-daemon.
#16 202.9 Preparing to unpack .../36-clamav-daemon_1.4.3+dfsg-1_amd64.deb ...
#16 202.9 Unpacking clamav-daemon (1.4.3+dfsg-1) ...
#16 203.1 Selecting previously unselected package bzip2.
#16 203.1 Preparing to unpack .../37-bzip2_1.0.8-6_amd64.deb ...
#16 203.1 Unpacking bzip2 (1.0.8-6) ...
#16 203.3 Selecting previously unselected package perl-modules-5.40.
#16 203.3 Preparing to unpack .../38-perl-modules-5.40_5.40.1-6_all.deb ...
#16 203.3 Unpacking perl-modules-5.40 (5.40.1-6) ...
#16 204.1 Selecting previously unselected package libgdbm-compat4t64:amd64.
#16 204.1 Preparing to unpack .../39-libgdbm-compat4t64_1.24-2_amd64.deb ...
#16 204.2 Unpacking libgdbm-compat4t64:amd64 (1.24-2) ...
#16 204.3 Selecting previously unselected package libperl5.40:amd64.
#16 204.3 Preparing to unpack .../40-libperl5.40_5.40.1-6_amd64.deb ...
#16 204.4 Unpacking libperl5.40:amd64 (5.40.1-6) ...
#16 205.7 Selecting previously unselected package perl.
#16 205.7 Preparing to unpack .../41-perl_5.40.1-6_amd64.deb ...
#16 205.7 Unpacking perl (5.40.1-6) ...
#16 205.9 Selecting previously unselected package xz-utils.
#16 205.9 Preparing to unpack .../42-xz-utils_5.8.1-1+deb13u1_amd64.deb ...
#16 206.0 Unpacking xz-utils (5.8.1-1+deb13u1) ...
#16 206.3 Selecting previously unselected package libsframe1:amd64.
#16 206.3 Preparing to unpack .../43-libsframe1_2.44-3_amd64.deb ...
#16 206.3 Unpacking libsframe1:amd64 (2.44-3) ...
#16 206.5 Selecting previously unselected package binutils-common:amd64.
#16 206.5 Preparing to unpack .../44-binutils-common_2.44-3_amd64.deb ...
#16 206.6 Unpacking binutils-common:amd64 (2.44-3) ...
#16 207.1 Selecting previously unselected package libbinutils:amd64.
#16 207.1 Preparing to unpack .../45-libbinutils_2.44-3_amd64.deb ...
#16 207.1 Unpacking libbinutils:amd64 (2.44-3) ...
#16 207.3 Selecting previously unselected package libgprofng0:amd64.
#16 207.3 Preparing to unpack .../46-libgprofng0_2.44-3_amd64.deb ...
#16 207.4 Unpacking libgprofng0:amd64 (2.44-3) ...
#16 207.6 Selecting previously unselected package libctf-nobfd0:amd64.
#16 207.6 Preparing to unpack .../47-libctf-nobfd0_2.44-3_amd64.deb ...
#16 207.6 Unpacking libctf-nobfd0:amd64 (2.44-3) ...
#16 207.8 Selecting previously unselected package libctf0:amd64.
#16 207.8 Preparing to unpack .../48-libctf0_2.44-3_amd64.deb ...
#16 207.8 Unpacking libctf0:amd64 (2.44-3) ...
#16 208.0 Selecting previously unselected package libjansson4:amd64.
#16 208.0 Preparing to unpack .../49-libjansson4_2.14-2+b3_amd64.deb ...
#16 208.0 Unpacking libjansson4:amd64 (2.14-2+b3) ...
#16 208.2 Selecting previously unselected package binutils-x86-64-linux-gnu.
#16 208.2 Preparing to unpack .../50-binutils-x86-64-linux-gnu_2.44-3_amd64.deb ...
#16 208.2 Unpacking binutils-x86-64-linux-gnu (2.44-3) ...
#16 208.5 Selecting previously unselected package binutils.
#16 208.5 Preparing to unpack .../51-binutils_2.44-3_amd64.deb ...
#16 208.5 Unpacking binutils (2.44-3) ...
#16 208.7 Selecting previously unselected package libc-dev-bin.
#16 208.7 Preparing to unpack .../52-libc-dev-bin_2.41-12+deb13u3_amd64.deb ...
#16 208.7 Unpacking libc-dev-bin (2.41-12+deb13u3) ...
#16 208.8 Selecting previously unselected package linux-libc-dev.
#16 208.8 Preparing to unpack .../53-linux-libc-dev_6.12.95-1_all.deb ...
#16 208.8 Unpacking linux-libc-dev (6.12.95-1) ...
#16 209.6 Selecting previously unselected package libcrypt-dev:amd64.
#16 209.6 Preparing to unpack .../54-libcrypt-dev_1%3a4.4.38-1_amd64.deb ...
#16 209.6 Unpacking libcrypt-dev:amd64 (1:4.4.38-1) ...
#16 209.8 Selecting previously unselected package rpcsvc-proto.
#16 209.8 Preparing to unpack .../55-rpcsvc-proto_1.4.3-1_amd64.deb ...
#16 209.8 Unpacking rpcsvc-proto (1.4.3-1) ...
#16 210.0 Selecting previously unselected package libc6-dev:amd64.
#16 210.0 Preparing to unpack .../56-libc6-dev_2.41-12+deb13u3_amd64.deb ...
#16 210.1 Unpacking libc6-dev:amd64 (2.41-12+deb13u3) ...
#16 210.9 Selecting previously unselected package libisl23:amd64.
#16 210.9 Preparing to unpack .../57-libisl23_0.27-1_amd64.deb ...
#16 210.9 Unpacking libisl23:amd64 (0.27-1) ...
#16 211.2 Selecting previously unselected package libmpfr6:amd64.
#16 211.2 Preparing to unpack .../58-libmpfr6_4.2.2-1_amd64.deb ...
#16 211.2 Unpacking libmpfr6:amd64 (4.2.2-1) ...
#16 211.4 Selecting previously unselected package libmpc3:amd64.
#16 211.4 Preparing to unpack .../59-libmpc3_1.3.1-1+b3_amd64.deb ...
#16 211.4 Unpacking libmpc3:amd64 (1.3.1-1+b3) ...
#16 211.6 Selecting previously unselected package cpp-14-x86-64-linux-gnu.
#16 211.6 Preparing to unpack .../60-cpp-14-x86-64-linux-gnu_14.2.0-19_amd64.deb ...
#16 211.6 Unpacking cpp-14-x86-64-linux-gnu (14.2.0-19) ...
#16 212.7 Selecting previously unselected package cpp-14.
#16 212.7 Preparing to unpack .../61-cpp-14_14.2.0-19_amd64.deb ...
#16 212.7 Unpacking cpp-14 (14.2.0-19) ...
#16 212.8 Selecting previously unselected package cpp-x86-64-linux-gnu.
#16 212.8 Preparing to unpack .../62-cpp-x86-64-linux-gnu_4%3a14.2.0-1_amd64.deb ...
#16 212.8 Unpacking cpp-x86-64-linux-gnu (4:14.2.0-1) ...
#16 213.0 Selecting previously unselected package cpp.
#16 213.0 Preparing to unpack .../63-cpp_4%3a14.2.0-1_amd64.deb ...
#16 213.0 Unpacking cpp (4:14.2.0-1) ...
#16 213.2 Selecting previously unselected package libcc1-0:amd64.
#16 213.2 Preparing to unpack .../64-libcc1-0_14.2.0-19_amd64.deb ...
#16 213.3 Unpacking libcc1-0:amd64 (14.2.0-19) ...
#16 213.4 Selecting previously unselected package libgomp1:amd64.
#16 213.4 Preparing to unpack .../65-libgomp1_14.2.0-19_amd64.deb ...
#16 213.5 Unpacking libgomp1:amd64 (14.2.0-19) ...
#16 213.6 Selecting previously unselected package libitm1:amd64.
#16 213.7 Preparing to unpack .../66-libitm1_14.2.0-19_amd64.deb ...
#16 213.7 Unpacking libitm1:amd64 (14.2.0-19) ...
#16 213.8 Selecting previously unselected package libatomic1:amd64.
#16 213.8 Preparing to unpack .../67-libatomic1_14.2.0-19_amd64.deb ...
#16 213.9 Unpacking libatomic1:amd64 (14.2.0-19) ...
#16 214.1 Selecting previously unselected package libasan8:amd64.
#16 214.1 Preparing to unpack .../68-libasan8_14.2.0-19_amd64.deb ...
#16 214.1 Unpacking libasan8:amd64 (14.2.0-19) ...
#16 214.9 Selecting previously unselected package liblsan0:amd64.
#16 214.9 Preparing to unpack .../69-liblsan0_14.2.0-19_amd64.deb ...
#16 214.9 Unpacking liblsan0:amd64 (14.2.0-19) ...
#16 215.5 Selecting previously unselected package libtsan2:amd64.
#16 215.5 Preparing to unpack .../70-libtsan2_14.2.0-19_amd64.deb ...
#16 215.5 Unpacking libtsan2:amd64 (14.2.0-19) ...
#16 216.1 Selecting previously unselected package libubsan1:amd64.
#16 216.1 Preparing to unpack .../71-libubsan1_14.2.0-19_amd64.deb ...
#16 216.1 Unpacking libubsan1:amd64 (14.2.0-19) ...
#16 216.4 Selecting previously unselected package libhwasan0:amd64.
#16 216.4 Preparing to unpack .../72-libhwasan0_14.2.0-19_amd64.deb ...
#16 216.5 Unpacking libhwasan0:amd64 (14.2.0-19) ...
#16 216.8 Selecting previously unselected package libquadmath0:amd64.
#16 216.8 Preparing to unpack .../73-libquadmath0_14.2.0-19_amd64.deb ...
#16 216.9 Unpacking libquadmath0:amd64 (14.2.0-19) ...
#16 217.0 Selecting previously unselected package libgcc-14-dev:amd64.
#16 217.0 Preparing to unpack .../74-libgcc-14-dev_14.2.0-19_amd64.deb ...
#16 217.1 Unpacking libgcc-14-dev:amd64 (14.2.0-19) ...
#16 217.7 Selecting previously unselected package gcc-14-x86-64-linux-gnu.
#16 217.7 Preparing to unpack .../75-gcc-14-x86-64-linux-gnu_14.2.0-19_amd64.deb ...
#16 217.7 Unpacking gcc-14-x86-64-linux-gnu (14.2.0-19) ...
#16 219.7 Selecting previously unselected package gcc-14.
#16 219.8 Preparing to unpack .../76-gcc-14_14.2.0-19_amd64.deb ...
#16 219.8 Unpacking gcc-14 (14.2.0-19) ...
#16 219.9 Selecting previously unselected package gcc-x86-64-linux-gnu.
#16 220.0 Preparing to unpack .../77-gcc-x86-64-linux-gnu_4%3a14.2.0-1_amd64.deb ...
#16 220.0 Unpacking gcc-x86-64-linux-gnu (4:14.2.0-1) ...
#16 220.1 Selecting previously unselected package gcc.
#16 220.1 Preparing to unpack .../78-gcc_4%3a14.2.0-1_amd64.deb ...
#16 220.2 Unpacking gcc (4:14.2.0-1) ...
#16 220.3 Selecting previously unselected package libstdc++-14-dev:amd64.
#16 220.3 Preparing to unpack .../79-libstdc++-14-dev_14.2.0-19_amd64.deb ...
#16 220.3 Unpacking libstdc++-14-dev:amd64 (14.2.0-19) ...
#16 221.2 Selecting previously unselected package g++-14-x86-64-linux-gnu.
#16 221.2 Preparing to unpack .../80-g++-14-x86-64-linux-gnu_14.2.0-19_amd64.deb ...
#16 221.2 Unpacking g++-14-x86-64-linux-gnu (14.2.0-19) ...
#16 222.9 Selecting previously unselected package g++-14.
#16 222.9 Preparing to unpack .../81-g++-14_14.2.0-19_amd64.deb ...
#16 223.0 Unpacking g++-14 (14.2.0-19) ...
#16 223.1 Selecting previously unselected package g++-x86-64-linux-gnu.
#16 223.1 Preparing to unpack .../82-g++-x86-64-linux-gnu_4%3a14.2.0-1_amd64.deb ...
#16 223.1 Unpacking g++-x86-64-linux-gnu (4:14.2.0-1) ...
#16 223.3 Selecting previously unselected package g++.
#16 223.3 Preparing to unpack .../83-g++_4%3a14.2.0-1_amd64.deb ...
#16 223.3 Unpacking g++ (4:14.2.0-1) ...
#16 223.6 Selecting previously unselected package make.
#16 223.6 Preparing to unpack .../84-make_4.4.1-2_amd64.deb ...
#16 223.6 Unpacking make (4.4.1-2) ...
#16 223.8 Selecting previously unselected package libdpkg-perl.
#16 223.8 Preparing to unpack .../85-libdpkg-perl_1.22.22_all.deb ...
#16 223.8 Unpacking libdpkg-perl (1.22.22) ...
#16 224.0 Selecting previously unselected package patch.
#16 224.0 Preparing to unpack .../86-patch_2.8-2_amd64.deb ...
#16 224.1 Unpacking patch (2.8-2) ...
#16 224.2 Selecting previously unselected package dpkg-dev.
#16 224.2 Preparing to unpack .../87-dpkg-dev_1.22.22_all.deb ...
#16 224.3 Unpacking dpkg-dev (1.22.22) ...
#16 224.5 Selecting previously unselected package build-essential.
#16 224.5 Preparing to unpack .../88-build-essential_12.12_amd64.deb ...
#16 224.6 Unpacking build-essential (12.12) ...
#16 224.7 Selecting previously unselected package curl.
#16 224.7 Preparing to unpack .../89-curl_8.14.1-2+deb13u4_amd64.deb ...
#16 224.7 Unpacking curl (8.14.1-2+deb13u4) ...
#16 224.9 Selecting previously unselected package libbz2-dev:amd64.
#16 224.9 Preparing to unpack .../90-libbz2-dev_1.0.8-6_amd64.deb ...
#16 224.9 Unpacking libbz2-dev:amd64 (1.0.8-6) ...
#16 225.1 Selecting previously unselected package libssl-dev:amd64.
#16 225.1 Preparing to unpack .../91-libssl-dev_3.5.6-1~deb13u2_amd64.deb ...
#16 225.1 Unpacking libssl-dev:amd64 (3.5.6-1~deb13u2) ...
#16 225.9 Selecting previously unselected package zlib1g-dev:amd64.
#16 225.9 Preparing to unpack .../92-zlib1g-dev_1%3a1.3.dfsg+really1.3.1-1+b1_amd64.deb ...
#16 225.9 Unpacking zlib1g-dev:amd64 (1:1.3.dfsg+really1.3.1-1+b1) ...
#16 226.1 Selecting previously unselected package libclamav-dev.
#16 226.1 Preparing to unpack .../93-libclamav-dev_1.4.3+dfsg-1_amd64.deb ...
#16 226.2 Unpacking libclamav-dev (1.4.3+dfsg-1) ...
#16 226.4 Selecting previously unselected package libmagic-mgc.
#16 226.5 Preparing to unpack .../94-libmagic-mgc_1%3a5.46-5_amd64.deb ...
#16 226.5 Unpacking libmagic-mgc (1:5.46-5) ...
#16 226.9 Selecting previously unselected package libmagic1t64:amd64.
#16 226.9 Preparing to unpack .../95-libmagic1t64_1%3a5.46-5_amd64.deb ...
#16 226.9 Unpacking libmagic1t64:amd64 (1:5.46-5) ...
#16 227.2 Selecting previously unselected package libpq5:amd64.
#16 227.2 Preparing to unpack .../96-libpq5_17.10-0+deb13u1_amd64.deb ...
#16 227.3 Unpacking libpq5:amd64 (17.10-0+deb13u1) ...
#16 227.5 Selecting previously unselected package libpq-dev.
#16 227.5 Preparing to unpack .../97-libpq-dev_17.10-0+deb13u1_amd64.deb ...
#16 227.5 Unpacking libpq-dev (17.10-0+deb13u1) ...
#16 227.8 Selecting previously unselected package netcat-openbsd.
#16 227.8 Preparing to unpack .../98-netcat-openbsd_1.229-1_amd64.deb ...
#16 227.8 Unpacking netcat-openbsd (1.229-1) ...
#16 228.0 Setting up libtext-charwidth-perl:amd64 (0.04-11+b4) ...
#16 228.1 Setting up libkeyutils1:amd64 (1.6.3-6) ...
#16 228.2 Setting up libgdbm-compat4t64:amd64 (1.24-2) ...
#16 228.2 Setting up libmagic-mgc (1:5.46-5) ...
#16 228.3 Setting up libbrotli1:amd64 (1.1.0-2+b7) ...
#16 228.4 Setting up libmspack0t64:amd64 (0.11-1.1+b1) ...
#16 228.4 Setting up libmagic1t64:amd64 (1:5.46-5) ...
#16 228.6 Setting up netcat-openbsd (1.229-1) ...
#16 228.6 update-alternatives: using /bin/nc.openbsd to provide /bin/nc (nc) in auto mode
#16 228.6 update-alternatives: warning: skip creation of /usr/share/man/man1/nc.1.gz because associated file /usr/share/man/man1/nc_openbsd.1.gz (of link group nc) doesn't exist
#16 228.6 update-alternatives: warning: skip creation of /usr/share/man/man1/netcat.1.gz because associated file /usr/share/man/man1/nc_openbsd.1.gz (of link group nc) doesn't exist
#16 228.7 Setting up binutils-common:amd64 (2.44-3) ...
#16 228.7 Setting up libnghttp2-14:amd64 (1.64.0-1.1+deb13u1) ...
#16 229.0 Setting up linux-libc-dev (6.12.95-1) ...
#16 229.1 Setting up libctf-nobfd0:amd64 (2.44-3) ...
#16 229.1 Setting up libcom-err2:amd64 (1.47.2-3+b11) ...
#16 229.2 Setting up libgomp1:amd64 (14.2.0-19) ...
#16 229.3 Setting up bzip2 (1.0.8-6) ...
#16 229.4 Setting up libtext-wrapi18n-perl (0.06-10) ...
#16 229.5 Setting up libsframe1:amd64 (2.44-3) ...
#16 229.5 Setting up libjansson4:amd64 (2.14-2+b3) ...
#16 229.6 Setting up libkrb5support0:amd64 (1.21.3-5+deb13u1) ...
#16 229.7 Setting up libsasl2-modules-db:amd64 (2.1.28+dfsg1-9) ...
#16 229.7 Setting up rpcsvc-proto (1.4.3-1) ...
#16 229.8 Setting up make (4.4.1-2) ...
#16 229.9 Setting up libmpfr6:amd64 (4.2.2-1) ...
#16 230.0 Setting up libncurses6:amd64 (6.5+20250216-2) ...
#16 230.0 Setting up xz-utils (5.8.1-1+deb13u1) ...
#16 230.1 update-alternatives: using /usr/bin/xz to provide /usr/bin/lzma (lzma) in auto mode
#16 230.1 update-alternatives: warning: skip creation of /usr/share/man/man1/lzma.1.gz because associated file /usr/share/man/man1/xz.1.gz (of link group lzma) doesn't exist
#16 230.1 update-alternatives: warning: skip creation of /usr/share/man/man1/unlzma.1.gz because associated file /usr/share/man/man1/unxz.1.gz (of link group lzma) doesn't exist
#16 230.1 update-alternatives: warning: skip creation of /usr/share/man/man1/lzcat.1.gz because associated file /usr/share/man/man1/xzcat.1.gz (of link group lzma) doesn't exist
#16 230.1 update-alternatives: warning: skip creation of /usr/share/man/man1/lzmore.1.gz because associated file /usr/share/man/man1/xzmore.1.gz (of link group lzma) doesn't exist
#16 230.1 update-alternatives: warning: skip creation of /usr/share/man/man1/lzless.1.gz because associated file /usr/share/man/man1/xzless.1.gz (of link group lzma) doesn't exist
#16 230.1 update-alternatives: warning: skip creation of /usr/share/man/man1/lzdiff.1.gz because associated file /usr/share/man/man1/xzdiff.1.gz (of link group lzma) doesn't exist
#16 230.1 update-alternatives: warning: skip creation of /usr/share/man/man1/lzcmp.1.gz because associated file /usr/share/man/man1/xzcmp.1.gz (of link group lzma) doesn't exist
#16 230.1 update-alternatives: warning: skip creation of /usr/share/man/man1/lzgrep.1.gz because associated file /usr/share/man/man1/xzgrep.1.gz (of link group lzma) doesn't exist
#16 230.1 update-alternatives: warning: skip creation of /usr/share/man/man1/lzegrep.1.gz because associated file /usr/share/man/man1/xzegrep.1.gz (of link group lzma) doesn't exist
#16 230.1 update-alternatives: warning: skip creation of /usr/share/man/man1/lzfgrep.1.gz because associated file /usr/share/man/man1/xzfgrep.1.gz (of link group lzma) doesn't exist
#16 230.1 Setting up libquadmath0:amd64 (14.2.0-19) ...
#16 230.2 Setting up libp11-kit0:amd64 (0.25.5-3) ...
#16 230.3 Setting up libproc2-0:amd64 (2:4.0.4-9) ...
#16 230.4 Setting up libunistring5:amd64 (1.3-2) ...
#16 230.5 Setting up libssl-dev:amd64 (3.5.6-1~deb13u2) ...
#16 230.5 Setting up libmpc3:amd64 (1.3.1-1+b3) ...
#16 230.6 Setting up libatomic1:amd64 (14.2.0-19) ...
#16 230.7 Setting up patch (2.8-2) ...
#16 230.7 Setting up libk5crypto3:amd64 (1.21.3-5+deb13u1) ...
#16 230.8 Setting up libsasl2-2:amd64 (2.1.28+dfsg1-9) ...
#16 230.9 Setting up libnghttp3-9:amd64 (1.8.0-1) ...
#16 231.0 Setting up libubsan1:amd64 (14.2.0-19) ...
#16 231.1 Setting up perl-modules-5.40 (5.40.1-6) ...
#16 231.1 Setting up sensible-utils (0.0.25) ...
#16 231.3 Setting up libhwasan0:amd64 (14.2.0-19) ...
#16 231.4 Setting up libcrypt-dev:amd64 (1:4.4.38-1) ...
#16 231.5 Setting up libasan8:amd64 (14.2.0-19) ...
#16 231.6 Setting up procps (2:4.0.4-9) ...
#16 231.7 Setting up libtasn1-6:amd64 (4.20.0-2+deb13u1) ...
#16 231.8 Setting up libkrb5-3:amd64 (1.21.3-5+deb13u1) ...
#16 231.8 Setting up libssh2-1t64:amd64 (1.11.1-1+deb13u1) ...
#16 231.9 Setting up libtsan2:amd64 (14.2.0-19) ...
#16 232.0 Setting up libbinutils:amd64 (2.44-3) ...
#16 232.0 Setting up libisl23:amd64 (0.27-1) ...
#16 232.1 Setting up libc-dev-bin (2.41-12+deb13u3) ...
#16 232.2 Setting up libjson-c5:amd64 (0.18+ds-1) ...
#16 232.3 Setting up libxml2:amd64 (2.12.7+dfsg+really2.9.14-2.1+deb13u3) ...
#16 232.3 Setting up libcc1-0:amd64 (14.2.0-19) ...
#16 232.4 Setting up libldap2:amd64 (2.6.10+dfsg-1) ...
#16 232.5 Setting up liblsan0:amd64 (14.2.0-19) ...
#16 232.5 Setting up libitm1:amd64 (14.2.0-19) ...
#16 232.6 Setting up libpopt0:amd64 (1.19+dfsg-2) ...
#16 232.7 Setting up libctf0:amd64 (2.44-3) ...
#16 232.7 Setting up cron (3.0pl1-197) ...
#16 233.0 invoke-rc.d: could not determine current runlevel
#16 233.0 invoke-rc.d: policy-rc.d denied execution of start.
#16 233.1 Created symlink '/etc/systemd/system/multi-user.target.wants/cron.service' → '/usr/lib/systemd/system/cron.service'.
#16 233.2 Setting up libidn2-0:amd64 (2.3.8-2) ...
#16 233.2 Setting up libperl5.40:amd64 (5.40.1-6) ...
#16 233.3 Setting up perl (5.40.1-6) ...
#16 233.4 Setting up libgprofng0:amd64 (2.44-3) ...
#16 233.5 Setting up libgssapi-krb5-2:amd64 (1.21.3-5+deb13u1) ...
#16 233.6 Setting up cpp-14-x86-64-linux-gnu (14.2.0-19) ...
#16 233.7 Setting up ucf (3.0052) ...
#16 233.8 Setting up libdpkg-perl (1.22.22) ...
#16 233.8 Setting up cpp-14 (14.2.0-19) ...
#16 233.9 Setting up libc6-dev:amd64 (2.41-12+deb13u3) ...
#16 234.0 Setting up libgcc-14-dev:amd64 (14.2.0-19) ...
#16 234.1 Setting up libstdc++-14-dev:amd64 (14.2.0-19) ...
#16 234.1 Setting up binutils-x86-64-linux-gnu (2.44-3) ...
#16 234.2 Setting up libbz2-dev:amd64 (1.0.8-6) ...
#16 234.3 Setting up cpp-x86-64-linux-gnu (4:14.2.0-1) ...
#16 234.4 Setting up libgnutls30t64:amd64 (3.8.9-3+deb13u4) ...
#16 234.4 Setting up logrotate (3.22.0-1) ...
#16 234.8 Created symlink '/etc/systemd/system/timers.target.wants/logrotate.timer' → '/usr/lib/systemd/system/logrotate.timer'.
#16 234.8 Setting up libpsl5t64:amd64 (0.21.2-1.1+b1) ...
#16 234.9 Setting up libpq5:amd64 (17.10-0+deb13u1) ...
#16 234.9 Setting up libpq-dev (17.10-0+deb13u1) ...
#16 235.0 Setting up binutils (2.44-3) ...
#16 235.1 Setting up dpkg-dev (1.22.22) ...
#16 235.2 Setting up librtmp1:amd64 (2.4+20151223.gitfa8646d.1-2+b5) ...
#16 235.4 Setting up zlib1g-dev:amd64 (1:1.3.dfsg+really1.3.1-1+b1) ...
#16 235.4 Setting up cpp (4:14.2.0-1) ...
#16 235.5 Setting up gcc-14-x86-64-linux-gnu (14.2.0-19) ...
#16 235.6 Setting up clamav-base (1.4.3+dfsg-1) ...
#16 235.7 id: ‘clamav’: no such user
#16 236.1 Setting up gcc-x86-64-linux-gnu (4:14.2.0-1) ...
#16 236.1 Setting up libcurl4t64:amd64 (8.14.1-2+deb13u4) ...
#16 236.4 Setting up gcc-14 (14.2.0-19) ...
#16 236.4 Setting up libclamav12:amd64 (1.4.3+dfsg-1) ...
#16 236.5 Setting up g++-14-x86-64-linux-gnu (14.2.0-19) ...
#16 236.6 Setting up g++-x86-64-linux-gnu (4:14.2.0-1) ...
#16 236.6 Setting up curl (8.14.1-2+deb13u4) ...
#16 236.7 Setting up g++-14 (14.2.0-19) ...
#16 236.8 Setting up gcc (4:14.2.0-1) ...
#16 236.9 Setting up libclamav-dev (1.4.3+dfsg-1) ...
#16 237.0 Setting up clamav-freshclam (1.4.3+dfsg-1) ...
#16 237.3 debconf: unable to initialize frontend: Dialog
#16 237.3 debconf: (TERM is not set, so the dialog frontend is not usable.)
#16 237.3 debconf: falling back to frontend: Readline
#16 237.3 debconf: unable to initialize frontend: Readline
#16 237.3 debconf: (This frontend requires a controlling tty.)
#16 237.3 debconf: falling back to frontend: Teletype
#16 237.3 debconf: unable to initialize frontend: Teletype
#16 237.3 debconf: (This frontend requires a controlling tty.)
#16 237.3 debconf: falling back to frontend: Noninteractive
#16 237.5 invoke-rc.d: could not determine current runlevel
#16 237.5 invoke-rc.d: policy-rc.d denied execution of start.
#16 237.6 Setting up g++ (4:14.2.0-1) ...
#16 237.6 update-alternatives: using /usr/bin/g++ to provide /usr/bin/c++ (c++) in auto mode
#16 237.7 Setting up build-essential (12.12) ...
#16 237.8 Setting up clamav-daemon (1.4.3+dfsg-1) ...
#16 238.1 debconf: unable to initialize frontend: Dialog
#16 238.1 debconf: (TERM is not set, so the dialog frontend is not usable.)
#16 238.1 debconf: falling back to frontend: Readline
#16 238.1 debconf: unable to initialize frontend: Readline
#16 238.1 debconf: (This frontend requires a controlling tty.)
#16 238.1 debconf: falling back to frontend: Teletype
#16 238.1 debconf: unable to initialize frontend: Teletype
#16 238.1 debconf: (This frontend requires a controlling tty.)
#16 238.1 debconf: falling back to frontend: Noninteractive
#16 238.9 invoke-rc.d: could not determine current runlevel
#16 238.9 invoke-rc.d: policy-rc.d denied execution of start.
#16 239.4 Created symlink '/etc/systemd/system/multi-user.target.wants/clamav-daemon.service' → '/usr/lib/systemd/system/clamav-daemon.service'.
#16 239.4 Created symlink '/etc/systemd/system/sockets.target.wants/clamav-daemon.socket' → '/usr/lib/systemd/system/clamav-daemon.socket'.
#16 239.8 Processing triggers for libc-bin (2.41-12+deb13u3) ...
#16 DONE 242.1s

#16 [beat 2/7] RUN apt-get update && apt-get install -y --no-install-recommends         build-essential         libpq-dev         libmagic1         libclamav-dev         clamav-daemon         clamav-freshclam         curl         netcat-openbsd     && rm -rf /var/lib/apt/lists/*
#16 DONE 242.1s

#17 [worker 3/7] WORKDIR /app
#17 DONE 0.3s

#17 [worker 3/7] WORKDIR /app
#17 DONE 0.3s

#18 [worker 4/7] COPY requirements/ ./requirements/
#18 DONE 0.2s

#18 [beat 4/7] COPY requirements/ ./requirements/
#18 DONE 0.2s

#19 [worker 5/7] RUN pip install --upgrade pip &&     pip install -r requirements/base.txt
#19 3.911 Requirement already satisfied: pip in /usr/local/lib/python3.12/site-packages (25.0.1)
#19 4.706 Collecting pip
#19 5.524   Downloading pip-26.1.2-py3-none-any.whl.metadata (4.6 kB)
#19 5.746 Downloading pip-26.1.2-py3-none-any.whl (1.8 MB)
#19 7.987    ━━━━━━━━━━━━━━━━━━━━━━━━━━━━━━━━━━━━━━━━ 1.8/1.8 MB 991.7 kB/s eta 0:00:00
#19 8.043 Installing collected packages: pip
#19 8.043   Attempting uninstall: pip
#19 8.051     Found existing installation: pip 25.0.1
#19 8.157     Uninstalling pip-25.0.1:
#19 8.415       Successfully uninstalled pip-25.0.1
#19 11.28 Successfully installed pip-26.1.2
#19 11.29 WARNING: Running pip as the 'root' user can result in broken permissions and conflicting behaviour with the system package manager, possibly rendering your system unusable. It is recommended to use a virtual environment instead: https://pip.pypa.io/warnings/venv. Use the --root-user-action option if you know what you are doing and want to suppress this warning.
#19 15.28 Collecting Django==5.2.4 (from -r requirements/base.txt (line 5))
#19 15.92   Downloading django-5.2.4-py3-none-any.whl.metadata (4.1 kB)
#19 16.18 Collecting djangorestframework==3.15.2 (from -r requirements/base.txt (line 6))
#19 16.38   Downloading djangorestframework-3.15.2-py3-none-any.whl.metadata (10 kB)
#19 16.71 Collecting django-cors-headers==4.6.0 (from -r requirements/base.txt (line 7))
#19 16.91   Downloading django_cors_headers-4.6.0-py3-none-any.whl.metadata (16 kB)
#19 17.15 Collecting django-environ==0.11.2 (from -r requirements/base.txt (line 8))
#19 17.35   Downloading django_environ-0.11.2-py2.py3-none-any.whl.metadata (11 kB)
#19 17.60 Collecting psycopg==3.2.3 (from psycopg[binary]==3.2.3->-r requirements/base.txt (line 11))
#19 17.80   Downloading psycopg-3.2.3-py3-none-any.whl.metadata (4.3 kB)
#19 18.04 Collecting PyJWT==2.9.0 (from PyJWT[crypto]==2.9.0->-r requirements/base.txt (line 14))
#19 18.25   Downloading PyJWT-2.9.0-py3-none-any.whl.metadata (3.0 kB)
#19 19.34 Collecting cryptography==43.0.3 (from -r requirements/base.txt (line 15))
#19 19.55   Downloading cryptography-43.0.3-cp39-abi3-manylinux_2_28_x86_64.whl.metadata (5.4 kB)
#19 19.75 Collecting python-jose==3.3.0 (from python-jose[cryptography]==3.3.0->-r requirements/base.txt (line 16))
#19 19.97   Downloading python_jose-3.3.0-py2.py3-none-any.whl.metadata (5.4 kB)
#19 20.23 Collecting requests==2.32.3 (from -r requirements/base.txt (line 17))
#19 20.45   Downloading requests-2.32.3-py3-none-any.whl.metadata (4.6 kB)
#19 20.69 Collecting celery==5.4.0 (from -r requirements/base.txt (line 20))
#19 20.89   Downloading celery-5.4.0-py3-none-any.whl.metadata (21 kB)
#19 21.19 Collecting kombu==5.4.2 (from -r requirements/base.txt (line 21))
#19 21.40   Downloading kombu-5.4.2-py3-none-any.whl.metadata (3.2 kB)
#19 21.63 Collecting amqp==5.2.0 (from -r requirements/base.txt (line 22))
#19 21.83   Downloading amqp-5.2.0-py3-none-any.whl.metadata (8.9 kB)
#19 22.09 Collecting redis==5.1.1 (from -r requirements/base.txt (line 25))
#19 22.34   Downloading redis-5.1.1-py3-none-any.whl.metadata (9.1 kB)
#19 22.54 Collecting django-redis==5.4.0 (from -r requirements/base.txt (line 26))
#19 22.74   Downloading django_redis-5.4.0-py3-none-any.whl.metadata (32 kB)
#19 24.53 Collecting boto3==1.35.45 (from -r requirements/base.txt (line 29))
#19 24.74   Downloading boto3-1.35.45-py3-none-any.whl.metadata (6.7 kB)
#19 25.08 Collecting django-storages==1.14.4 (from -r requirements/base.txt (line 30))
#19 25.28   Downloading django_storages-1.14.4-py3-none-any.whl.metadata (4.7 kB)
#19 25.66 Collecting minio==7.2.9 (from -r requirements/base.txt (line 31))
#19 25.93   Downloading minio-7.2.9-py3-none-any.whl.metadata (6.5 kB)
#19 26.91 Collecting pydantic==2.9.2 (from -r requirements/base.txt (line 34))
#19 27.13   Downloading pydantic-2.9.2-py3-none-any.whl.metadata (149 kB)
#19 27.76 Collecting pydantic-settings==2.6.0 (from -r requirements/base.txt (line 35))
#19 27.98   Downloading pydantic_settings-2.6.0-py3-none-any.whl.metadata (3.5 kB)
#19 28.21 Collecting python-slugify==8.0.4 (from -r requirements/base.txt (line 36))
#19 28.45   Downloading python_slugify-8.0.4-py2.py3-none-any.whl.metadata (8.5 kB)
#19 29.01 Collecting phonenumberslite==8.13.52 (from -r requirements/base.txt (line 37))
#19 29.39   Downloading phonenumberslite-8.13.52-py2.py3-none-any.whl.metadata (11 kB)
#19 29.62 Collecting email-validator==2.2.0 (from -r requirements/base.txt (line 38))
#19 29.84   Downloading email_validator-2.2.0-py3-none-any.whl.metadata (25 kB)
#19 30.06 Collecting bleach==6.1.0 (from -r requirements/base.txt (line 39))
#19 30.26   Downloading bleach-6.1.0-py3-none-any.whl.metadata (30 kB)
#19 30.59 Collecting markdown==3.7 (from -r requirements/base.txt (line 40))
#19 30.80   Downloading Markdown-3.7-py3-none-any.whl.metadata (7.0 kB)
#19 31.01 Collecting python-magic==0.4.27 (from -r requirements/base.txt (line 41))
#19 31.21   Downloading python_magic-0.4.27-py2.py3-none-any.whl.metadata (5.8 kB)
#19 31.42 Collecting structlog==24.4.0 (from -r requirements/base.txt (line 44))
#19 31.97   Downloading structlog-24.4.0-py3-none-any.whl.metadata (7.3 kB)
#19 32.29 Collecting prometheus-client==0.21.0 (from -r requirements/base.txt (line 45))
#19 32.49   Downloading prometheus_client-0.21.0-py3-none-any.whl.metadata (1.8 kB)
#19 32.86 Collecting django-prometheus==2.3.1 (from -r requirements/base.txt (line 46))
#19 33.08   Downloading django_prometheus-2.3.1-py2.py3-none-any.whl.metadata (9.4 kB)
#19 33.31 Collecting opentelemetry-api==1.27.0 (from -r requirements/base.txt (line 47))
#19 33.52   Downloading opentelemetry_api-1.27.0-py3-none-any.whl.metadata (1.4 kB)
#19 33.76 Collecting opentelemetry-sdk==1.27.0 (from -r requirements/base.txt (line 48))
#19 34.02   Downloading opentelemetry_sdk-1.27.0-py3-none-any.whl.metadata (1.5 kB)
#19 34.27 Collecting opentelemetry-instrumentation-django==0.48b0 (from -r requirements/base.txt (line 49))
#19 34.49   Downloading opentelemetry_instrumentation_django-0.48b0-py3-none-any.whl.metadata (2.2 kB)
#19 34.80 Collecting opentelemetry-instrumentation-psycopg==0.48b0 (from -r requirements/base.txt (line 50))
#19 35.02   Downloading opentelemetry_instrumentation_psycopg-0.48b0-py3-none-any.whl.metadata (1.9 kB)
#19 35.31 Collecting opentelemetry-instrumentation-celery==0.48b0 (from -r requirements/base.txt (line 51))
#19 35.62   Downloading opentelemetry_instrumentation_celery-0.48b0-py3-none-any.whl.metadata (1.9 kB)
#19 35.86 Collecting opentelemetry-instrumentation-redis==0.48b0 (from -r requirements/base.txt (line 52))
#19 36.09   Downloading opentelemetry_instrumentation_redis-0.48b0-py3-none-any.whl.metadata (1.9 kB)
#19 36.32 Collecting opentelemetry-exporter-otlp==1.27.0 (from -r requirements/base.txt (line 53))
#19 36.54   Downloading opentelemetry_exporter_otlp-1.27.0-py3-none-any.whl.metadata (2.3 kB)
#19 36.80 Collecting asgiref>=3.8.1 (from Django==5.2.4->-r requirements/base.txt (line 5))
#19 37.01   Downloading asgiref-3.12.1-py3-none-any.whl.metadata (9.4 kB)
#19 37.22 Collecting sqlparse>=0.3.1 (from Django==5.2.4->-r requirements/base.txt (line 5))
#19 37.43   Downloading sqlparse-0.5.5-py3-none-any.whl.metadata (4.7 kB)
#19 37.74 Collecting typing-extensions>=4.6 (from psycopg==3.2.3->psycopg[binary]==3.2.3->-r requirements/base.txt (line 11))
#19 37.95   Downloading typing_extensions-4.16.0-py3-none-any.whl.metadata (3.3 kB)
#19 39.07 Collecting cffi>=1.12 (from cryptography==43.0.3->-r requirements/base.txt (line 15))
#19 39.28   Downloading cffi-2.1.0-cp312-cp312-manylinux2014_x86_64.manylinux_2_17_x86_64.whl.metadata (2.5 kB)
#19 39.57 Collecting ecdsa!=0.15 (from python-jose==3.3.0->python-jose[cryptography]==3.3.0->-r requirements/base.txt (line 16))
#19 39.79   Downloading ecdsa-0.19.2-py2.py3-none-any.whl.metadata (29 kB)
#19 40.06 Collecting rsa (from python-jose==3.3.0->python-jose[cryptography]==3.3.0->-r requirements/base.txt (line 16))
#19 40.28   Downloading rsa-4.9.1-py3-none-any.whl.metadata (5.6 kB)
#19 40.62 Collecting pyasn1 (from python-jose==3.3.0->python-jose[cryptography]==3.3.0->-r requirements/base.txt (line 16))
#19 40.82   Downloading pyasn1-0.6.4-py3-none-any.whl.metadata (8.4 kB)
#19 41.85 Collecting charset-normalizer<4,>=2 (from requests==2.32.3->-r requirements/base.txt (line 17))
#19 42.08   Downloading charset_normalizer-3.4.9-cp312-cp312-manylinux2014_x86_64.manylinux_2_17_x86_64.manylinux_2_28_x86_64.whl.metadata (41 kB)
#19 42.34 Collecting idna<4,>=2.5 (from requests==2.32.3->-r requirements/base.txt (line 17))
#19 42.58   Downloading idna-3.18-py3-none-any.whl.metadata (6.1 kB)
#19 43.02 Collecting urllib3<3,>=1.21.1 (from requests==2.32.3->-r requirements/base.txt (line 17))
#19 43.25   Downloading urllib3-2.7.0-py3-none-any.whl.metadata (6.9 kB)
#19 43.50 Collecting certifi>=2017.4.17 (from requests==2.32.3->-r requirements/base.txt (line 17))
#19 43.73   Downloading certifi-2026.6.17-py3-none-any.whl.metadata (2.5 kB)
#19 44.01 Collecting billiard<5.0,>=4.2.0 (from celery==5.4.0->-r requirements/base.txt (line 20))
#19 44.23   Downloading billiard-4.2.4-py3-none-any.whl.metadata (4.8 kB)
#19 44.46 Collecting vine<6.0,>=5.1.0 (from celery==5.4.0->-r requirements/base.txt (line 20))
#19 44.68   Downloading vine-5.1.0-py3-none-any.whl.metadata (2.7 kB)
#19 44.97 Collecting click<9.0,>=8.1.2 (from celery==5.4.0->-r requirements/base.txt (line 20))
#19 45.21   Downloading click-8.4.2-py3-none-any.whl.metadata (2.6 kB)
#19 45.42 Collecting click-didyoumean>=0.3.0 (from celery==5.4.0->-r requirements/base.txt (line 20))
#19 45.63   Downloading click_didyoumean-0.3.1-py3-none-any.whl.metadata (3.9 kB)
#19 45.83 Collecting click-repl>=0.2.0 (from celery==5.4.0->-r requirements/base.txt (line 20))
#19 46.05   Downloading click_repl-0.3.0-py3-none-any.whl.metadata (3.6 kB)
#19 46.25 Collecting click-plugins>=1.1.1 (from celery==5.4.0->-r requirements/base.txt (line 20))
#19 46.46   Downloading click_plugins-1.1.1.2-py2.py3-none-any.whl.metadata (6.5 kB)
#19 46.67 Collecting tzdata>=2022.7 (from celery==5.4.0->-r requirements/base.txt (line 20))
#19 46.88   Downloading tzdata-2026.3-py2.py3-none-any.whl.metadata (1.4 kB)
#19 47.09 Collecting python-dateutil>=2.8.2 (from celery==5.4.0->-r requirements/base.txt (line 20))
#19 47.32   Downloading python_dateutil-2.9.0.post0-py2.py3-none-any.whl.metadata (8.4 kB)
#19 49.62 Collecting botocore<1.36.0,>=1.35.45 (from boto3==1.35.45->-r requirements/base.txt (line 29))
#19 49.83   Downloading botocore-1.35.99-py3-none-any.whl.metadata (5.7 kB)
#19 50.06 Collecting jmespath<2.0.0,>=0.7.1 (from boto3==1.35.45->-r requirements/base.txt (line 29))
#19 50.26   Downloading jmespath-1.1.0-py3-none-any.whl.metadata (7.6 kB)
#19 50.49 Collecting s3transfer<0.11.0,>=0.10.0 (from boto3==1.35.45->-r requirements/base.txt (line 29))
#19 50.69   Downloading s3transfer-0.10.4-py3-none-any.whl.metadata (1.7 kB)
#19 50.94 Collecting argon2-cffi (from minio==7.2.9->-r requirements/base.txt (line 31))
#19 51.14   Downloading argon2_cffi-25.1.0-py3-none-any.whl.metadata (4.1 kB)
#19 51.59 Collecting pycryptodome (from minio==7.2.9->-r requirements/base.txt (line 31))
#19 51.80   Downloading pycryptodome-3.23.0-cp37-abi3-manylinux_2_17_x86_64.manylinux2014_x86_64.whl.metadata (3.4 kB)
#19 51.99 Collecting annotated-types>=0.6.0 (from pydantic==2.9.2->-r requirements/base.txt (line 34))
#19 52.20   Downloading annotated_types-0.7.0-py3-none-any.whl.metadata (15 kB)
#19 55.59 Collecting pydantic-core==2.23.4 (from pydantic==2.9.2->-r requirements/base.txt (line 34))
#19 55.80   Downloading pydantic_core-2.23.4-cp312-cp312-manylinux_2_17_x86_64.manylinux2014_x86_64.whl.metadata (6.6 kB)
#19 56.01 Collecting python-dotenv>=0.21.0 (from pydantic-settings==2.6.0->-r requirements/base.txt (line 35))
#19 56.22   Downloading python_dotenv-1.2.2-py3-none-any.whl.metadata (27 kB)
#19 56.46 Collecting text-unidecode>=1.3 (from python-slugify==8.0.4->-r requirements/base.txt (line 36))
#19 56.67   Downloading text_unidecode-1.3-py2.py3-none-any.whl.metadata (2.4 kB)
#19 56.90 Collecting dnspython>=2.0.0 (from email-validator==2.2.0->-r requirements/base.txt (line 38))
#19 57.10   Downloading dnspython-2.8.0-py3-none-any.whl.metadata (5.7 kB)
#19 57.30 Collecting six>=1.9.0 (from bleach==6.1.0->-r requirements/base.txt (line 39))
#19 57.51   Downloading six-1.17.0-py2.py3-none-any.whl.metadata (1.7 kB)
#19 57.72 Collecting webencodings (from bleach==6.1.0->-r requirements/base.txt (line 39))
#19 57.92   Downloading webencodings-0.5.1-py2.py3-none-any.whl.metadata (2.1 kB)
#19 58.13 Collecting deprecated>=1.2.6 (from opentelemetry-api==1.27.0->-r requirements/base.txt (line 47))
#19 58.34   Downloading deprecated-1.3.1-py2.py3-none-any.whl.metadata (5.9 kB)
#19 58.59 Collecting importlib-metadata<=8.4.0,>=6.0 (from opentelemetry-api==1.27.0->-r requirements/base.txt (line 47))
#19 58.80   Downloading importlib_metadata-8.4.0-py3-none-any.whl.metadata (4.7 kB)
#19 59.04 Collecting opentelemetry-semantic-conventions==0.48b0 (from opentelemetry-sdk==1.27.0->-r requirements/base.txt (line 48))
#19 59.28   Downloading opentelemetry_semantic_conventions-0.48b0-py3-none-any.whl.metadata (2.4 kB)
#19 59.54 Collecting opentelemetry-instrumentation-wsgi==0.48b0 (from opentelemetry-instrumentation-django==0.48b0->-r requirements/base.txt (line 49))
#19 59.75   Downloading opentelemetry_instrumentation_wsgi-0.48b0-py3-none-any.whl.metadata (2.0 kB)
#19 59.98 Collecting opentelemetry-instrumentation==0.48b0 (from opentelemetry-instrumentation-django==0.48b0->-r requirements/base.txt (line 49))
#19 60.18   Downloading opentelemetry_instrumentation-0.48b0-py3-none-any.whl.metadata (6.1 kB)
#19 60.41 Collecting opentelemetry-util-http==0.48b0 (from opentelemetry-instrumentation-django==0.48b0->-r requirements/base.txt (line 49))
#19 60.73   Downloading opentelemetry_util_http-0.48b0-py3-none-any.whl.metadata (2.5 kB)
#19 60.98 Collecting opentelemetry-instrumentation-dbapi==0.48b0 (from opentelemetry-instrumentation-psycopg==0.48b0->-r requirements/base.txt (line 50))
#19 61.27   Downloading opentelemetry_instrumentation_dbapi-0.48b0-py3-none-any.whl.metadata (1.9 kB)
#19 63.30 Collecting wrapt>=1.12.1 (from opentelemetry-instrumentation-redis==0.48b0->-r requirements/base.txt (line 52))
#19 63.56   Downloading wrapt-2.2.2-cp312-cp312-manylinux1_x86_64.manylinux_2_28_x86_64.manylinux_2_5_x86_64.whl.metadata (7.4 kB)
#19 63.83 Collecting opentelemetry-exporter-otlp-proto-grpc==1.27.0 (from opentelemetry-exporter-otlp==1.27.0->-r requirements/base.txt (line 53))
#19 64.13   Downloading opentelemetry_exporter_otlp_proto_grpc-1.27.0-py3-none-any.whl.metadata (2.3 kB)
#19 64.36 Collecting opentelemetry-exporter-otlp-proto-http==1.27.0 (from opentelemetry-exporter-otlp==1.27.0->-r requirements/base.txt (line 53))
#19 64.59   Downloading opentelemetry_exporter_otlp_proto_http-1.27.0-py3-none-any.whl.metadata (2.3 kB)
#19 64.84 Collecting googleapis-common-protos~=1.52 (from opentelemetry-exporter-otlp-proto-grpc==1.27.0->opentelemetry-exporter-otlp==1.27.0->-r requirements/base.txt (line 53))
#19 65.06   Downloading googleapis_common_protos-1.75.0-py3-none-any.whl.metadata (8.6 kB)
#19 69.35 Collecting grpcio<2.0.0,>=1.0.0 (from opentelemetry-exporter-otlp-proto-grpc==1.27.0->opentelemetry-exporter-otlp==1.27.0->-r requirements/base.txt (line 53))
#19 69.57   Downloading grpcio-1.82.1-cp312-cp312-manylinux2014_x86_64.manylinux_2_17_x86_64.whl.metadata (3.7 kB)
#19 69.81 Collecting opentelemetry-exporter-otlp-proto-common==1.27.0 (from opentelemetry-exporter-otlp-proto-grpc==1.27.0->opentelemetry-exporter-otlp==1.27.0->-r requirements/base.txt (line 53))
#19 70.01   Downloading opentelemetry_exporter_otlp_proto_common-1.27.0-py3-none-any.whl.metadata (1.8 kB)
#19 70.26 Collecting opentelemetry-proto==1.27.0 (from opentelemetry-exporter-otlp-proto-grpc==1.27.0->opentelemetry-exporter-otlp==1.27.0->-r requirements/base.txt (line 53))
#19 70.48   Downloading opentelemetry_proto-1.27.0-py3-none-any.whl.metadata (2.3 kB)
#19 71.38 Collecting setuptools>=16.0 (from opentelemetry-instrumentation==0.48b0->opentelemetry-instrumentation-django==0.48b0->-r requirements/base.txt (line 49))
#19 71.61   Downloading setuptools-83.0.0-py3-none-any.whl.metadata (6.6 kB)
#19 71.65 Collecting wrapt>=1.12.1 (from opentelemetry-instrumentation-redis==0.48b0->-r requirements/base.txt (line 52))
#19 71.91   Downloading wrapt-1.17.3-cp312-cp312-manylinux1_x86_64.manylinux_2_28_x86_64.manylinux_2_5_x86_64.whl.metadata (6.4 kB)
#19 72.85 Collecting protobuf<5.0,>=3.19 (from opentelemetry-proto==1.27.0->opentelemetry-exporter-otlp-proto-grpc==1.27.0->opentelemetry-exporter-otlp==1.27.0->-r requirements/base.txt (line 53))
#19 73.05   Downloading protobuf-4.25.9-cp37-abi3-manylinux2014_x86_64.whl.metadata (541 bytes)
#19 74.42 Collecting psycopg-binary==3.2.3 (from psycopg[binary]==3.2.3->-r requirements/base.txt (line 11))
#19 74.68   Downloading psycopg_binary-3.2.3-cp312-cp312-manylinux_2_17_x86_64.manylinux2014_x86_64.whl.metadata (2.8 kB)
#19 75.09 Collecting zipp>=0.5 (from importlib-metadata<=8.4.0,>=6.0->opentelemetry-api==1.27.0->-r requirements/base.txt (line 47))
#19 75.30   Downloading zipp-4.1.0-py3-none-any.whl.metadata (3.6 kB)
#19 75.68 Collecting pycparser (from cffi>=1.12->cryptography==43.0.3->-r requirements/base.txt (line 15))
#19 75.89   Downloading pycparser-3.0-py3-none-any.whl.metadata (8.2 kB)
#19 76.21 Collecting prompt-toolkit>=3.0.36 (from click-repl>=0.2.0->celery==5.4.0->-r requirements/base.txt (line 20))
#19 76.42   Downloading prompt_toolkit-3.0.52-py3-none-any.whl.metadata (6.4 kB)
#19 76.67 Collecting wcwidth (from prompt-toolkit>=3.0.36->click-repl>=0.2.0->celery==5.4.0->-r requirements/base.txt (line 20))
#19 76.87   Downloading wcwidth-0.8.2-py3-none-any.whl.metadata (43 kB)
#19 77.18 Collecting argon2-cffi-bindings (from argon2-cffi->minio==7.2.9->-r requirements/base.txt (line 31))
#19 77.39   Downloading argon2_cffi_bindings-25.1.0-cp39-abi3-manylinux_2_26_x86_64.manylinux_2_28_x86_64.whl.metadata (7.4 kB)
#19 77.64 Downloading django-5.2.4-py3-none-any.whl (8.3 MB)
#19 87.77    ━━━━━━━━━━━━━━━━━━━━━━━━━━━━━━━━━━━━━━━━ 8.3/8.3 MB 826.7 kB/s  0:00:10
#19 87.98 Downloading djangorestframework-3.15.2-py3-none-any.whl (1.1 MB)
#19 89.14    ━━━━━━━━━━━━━━━━━━━━━━━━━━━━━━━━━━━━━━━━ 1.1/1.1 MB 926.3 kB/s  0:00:01
#19 89.34 Downloading django_cors_headers-4.6.0-py3-none-any.whl (12 kB)
#19 89.57 Downloading django_environ-0.11.2-py2.py3-none-any.whl (19 kB)
#19 89.80 Downloading psycopg-3.2.3-py3-none-any.whl (197 kB)
#19 90.24 Downloading PyJWT-2.9.0-py3-none-any.whl (22 kB)
#19 90.47 Downloading cryptography-43.0.3-cp39-abi3-manylinux_2_28_x86_64.whl (4.0 MB)
#19 95.32    ━━━━━━━━━━━━━━━━━━━━━━━━━━━━━━━━━━━━━━━━ 4.0/4.0 MB 813.9 kB/s  0:00:04
#19 95.53 Downloading python_jose-3.3.0-py2.py3-none-any.whl (33 kB)
#19 95.78 Downloading requests-2.32.3-py3-none-any.whl (64 kB)
#19 96.05 Downloading celery-5.4.0-py3-none-any.whl (425 kB)
#19 96.90 Downloading kombu-5.4.2-py3-none-any.whl (201 kB)
#19 97.41 Downloading amqp-5.2.0-py3-none-any.whl (50 kB)
#19 97.68 Downloading vine-5.1.0-py3-none-any.whl (9.6 kB)
#19 97.88 Downloading redis-5.1.1-py3-none-any.whl (261 kB)
#19 98.63 Downloading django_redis-5.4.0-py3-none-any.whl (31 kB)
#19 98.85 Downloading boto3-1.35.45-py3-none-any.whl (139 kB)
#19 99.26 Downloading django_storages-1.14.4-py3-none-any.whl (31 kB)
#19 99.50 Downloading minio-7.2.9-py3-none-any.whl (93 kB)
#19 99.82 Downloading pydantic-2.9.2-py3-none-any.whl (434 kB)
#19 100.6 Downloading pydantic_settings-2.6.0-py3-none-any.whl (28 kB)
#19 100.8 Downloading python_slugify-8.0.4-py2.py3-none-any.whl (10 kB)
#19 101.1 Downloading phonenumberslite-8.13.52-py2.py3-none-any.whl (471 kB)
#19 101.8 Downloading email_validator-2.2.0-py3-none-any.whl (33 kB)
#19 102.0 Downloading bleach-6.1.0-py3-none-any.whl (162 kB)
#19 102.4 Downloading Markdown-3.7-py3-none-any.whl (106 kB)
#19 102.7 Downloading python_magic-0.4.27-py2.py3-none-any.whl (13 kB)
#19 102.9 Downloading structlog-24.4.0-py3-none-any.whl (67 kB)
#19 103.2 Downloading prometheus_client-0.21.0-py3-none-any.whl (54 kB)
#19 103.4 Downloading django_prometheus-2.3.1-py2.py3-none-any.whl (29 kB)
#19 103.7 Downloading opentelemetry_api-1.27.0-py3-none-any.whl (63 kB)
#19 103.9 Downloading opentelemetry_sdk-1.27.0-py3-none-any.whl (110 kB)
#19 104.2 Downloading opentelemetry_instrumentation_django-0.48b0-py3-none-any.whl (19 kB)
#19 104.4 Downloading opentelemetry_instrumentation_psycopg-0.48b0-py3-none-any.whl (10 kB)
#19 104.7 Downloading opentelemetry_instrumentation_celery-0.48b0-py3-none-any.whl (13 kB)
#19 104.9 Downloading opentelemetry_instrumentation_redis-0.48b0-py3-none-any.whl (11 kB)
#19 105.1 Downloading opentelemetry_exporter_otlp-1.27.0-py3-none-any.whl (7.0 kB)
#19 105.3 Downloading opentelemetry_exporter_otlp_proto_grpc-1.27.0-py3-none-any.whl (18 kB)
#19 105.5 Downloading opentelemetry_exporter_otlp_proto_common-1.27.0-py3-none-any.whl (17 kB)
#19 105.7 Downloading opentelemetry_exporter_otlp_proto_http-1.27.0-py3-none-any.whl (17 kB)
#19 105.9 Downloading opentelemetry_instrumentation-0.48b0-py3-none-any.whl (29 kB)
#19 106.2 Downloading opentelemetry_instrumentation_dbapi-0.48b0-py3-none-any.whl (11 kB)
#19 106.4 Downloading opentelemetry_instrumentation_wsgi-0.48b0-py3-none-any.whl (13 kB)
#19 106.6 Downloading opentelemetry_proto-1.27.0-py3-none-any.whl (52 kB)
#19 106.9 Downloading opentelemetry_semantic_conventions-0.48b0-py3-none-any.whl (149 kB)
#19 107.3 Downloading opentelemetry_util_http-0.48b0-py3-none-any.whl (6.9 kB)
#19 107.5 Downloading psycopg_binary-3.2.3-cp312-cp312-manylinux_2_17_x86_64.manylinux2014_x86_64.whl (4.2 MB)
#19 112.2    ━━━━━━━━━━━━━━━━━━━━━━━━━━━━━━━━━━━━━━━━ 4.2/4.2 MB 872.6 kB/s  0:00:04
#19 112.4 Downloading pydantic_core-2.23.4-cp312-cp312-manylinux_2_17_x86_64.manylinux2014_x86_64.whl (2.1 MB)
#19 114.8    ━━━━━━━━━━━━━━━━━━━━━━━━━━━━━━━━━━━━━━━━ 2.1/2.1 MB 848.0 kB/s  0:00:02
#19 115.0 Downloading billiard-4.2.4-py3-none-any.whl (87 kB)
#19 115.3 Downloading botocore-1.35.99-py3-none-any.whl (13.3 MB)
#19 133.3    ━━━━━━━━━━━━━━━━━━━━━━━━━━━━━━━━━━━━━━━━ 13.3/13.3 MB 745.3 kB/s  0:00:17
#19 133.6 Downloading charset_normalizer-3.4.9-cp312-cp312-manylinux2014_x86_64.manylinux_2_17_x86_64.manylinux_2_28_x86_64.whl (224 kB)
#19 134.0 Downloading click-8.4.2-py3-none-any.whl (119 kB)
#19 134.3 Downloading googleapis_common_protos-1.75.0-py3-none-any.whl (300 kB)
#19 135.0 Downloading grpcio-1.82.1-cp312-cp312-manylinux2014_x86_64.manylinux_2_17_x86_64.whl (6.9 MB)
#19 143.2    ━━━━━━━━━━━━━━━━━━━━━━━━━━━━━━━━━━━━━━━━ 6.9/6.9 MB 841.9 kB/s  0:00:08
#19 143.4 Downloading idna-3.18-py3-none-any.whl (65 kB)
#19 143.8 Downloading importlib_metadata-8.4.0-py3-none-any.whl (26 kB)
#19 144.0 Downloading jmespath-1.1.0-py3-none-any.whl (20 kB)
#19 144.3 Downloading protobuf-4.25.9-cp37-abi3-manylinux2014_x86_64.whl (295 kB)
#19 144.8 Downloading python_dateutil-2.9.0.post0-py2.py3-none-any.whl (229 kB)
#19 145.3 Downloading s3transfer-0.10.4-py3-none-any.whl (83 kB)
#19 145.5 Downloading typing_extensions-4.16.0-py3-none-any.whl (45 kB)
#19 145.8 Downloading urllib3-2.7.0-py3-none-any.whl (131 kB)
#19 146.1 Downloading wrapt-1.17.3-cp312-cp312-manylinux1_x86_64.manylinux_2_28_x86_64.manylinux_2_5_x86_64.whl (88 kB)
#19 146.4 Downloading annotated_types-0.7.0-py3-none-any.whl (13 kB)
#19 146.6 Downloading asgiref-3.12.1-py3-none-any.whl (25 kB)
#19 147.0 Downloading certifi-2026.6.17-py3-none-any.whl (133 kB)
#19 148.1 Downloading cffi-2.1.0-cp312-cp312-manylinux2014_x86_64.manylinux_2_17_x86_64.whl (221 kB)
#19 148.6 Downloading click_didyoumean-0.3.1-py3-none-any.whl (3.6 kB)
#19 148.8 Downloading click_plugins-1.1.1.2-py2.py3-none-any.whl (11 kB)
#19 149.1 Downloading click_repl-0.3.0-py3-none-any.whl (10 kB)
#19 149.3 Downloading deprecated-1.3.1-py2.py3-none-any.whl (11 kB)
#19 149.5 Downloading dnspython-2.8.0-py3-none-any.whl (331 kB)
#19 150.2 Downloading ecdsa-0.19.2-py2.py3-none-any.whl (150 kB)
#19 150.7 Downloading prompt_toolkit-3.0.52-py3-none-any.whl (391 kB)
#19 151.3 Downloading python_dotenv-1.2.2-py3-none-any.whl (22 kB)
#19 151.6 Downloading setuptools-83.0.0-py3-none-any.whl (1.0 MB)
#19 153.0    ━━━━━━━━━━━━━━━━━━━━━━━━━━━━━━━━━━━━━━━━ 1.0/1.0 MB 748.9 kB/s  0:00:01
#19 153.3 Downloading six-1.17.0-py2.py3-none-any.whl (11 kB)
#19 153.6 Downloading sqlparse-0.5.5-py3-none-any.whl (46 kB)
#19 153.9 Downloading text_unidecode-1.3-py2.py3-none-any.whl (78 kB)
#19 154.4 Downloading tzdata-2026.3-py2.py3-none-any.whl (348 kB)
#19 155.3 Downloading zipp-4.1.0-py3-none-any.whl (10 kB)
#19 155.5 Downloading argon2_cffi-25.1.0-py3-none-any.whl (14 kB)
#19 155.8 Downloading argon2_cffi_bindings-25.1.0-cp39-abi3-manylinux_2_26_x86_64.manylinux_2_28_x86_64.whl (87 kB)
#19 156.2 Downloading pyasn1-0.6.4-py3-none-any.whl (84 kB)
#19 156.5 Downloading pycparser-3.0-py3-none-any.whl (48 kB)
#19 156.7 Downloading pycryptodome-3.23.0-cp37-abi3-manylinux_2_17_x86_64.manylinux2014_x86_64.whl (2.3 MB)
#19 160.6    ━━━━━━━━━━━━━━━━━━━━━━━━━━━━━━━━━━━━━━━━ 2.3/2.3 MB 590.5 kB/s  0:00:03
#19 160.8 Downloading rsa-4.9.1-py3-none-any.whl (34 kB)
#19 161.1 Downloading wcwidth-0.8.2-py3-none-any.whl (323 kB)
#19 161.8 Downloading webencodings-0.5.1-py2.py3-none-any.whl (11 kB)
#19 162.7 Installing collected packages: webencodings, text-unidecode, phonenumberslite, zipp, wrapt, wcwidth, vine, urllib3, tzdata, typing-extensions, structlog, sqlparse, six, setuptools, redis, python-slugify, python-magic, python-dotenv, PyJWT, pycryptodome, pycparser, pyasn1, psycopg-binary, protobuf, prometheus-client, opentelemetry-util-http, markdown, jmespath, idna, dnspython, django-environ, click, charset-normalizer, certifi, billiard, asgiref, annotated-types, rsa, requests, python-dateutil, pydantic-core, psycopg, prompt-toolkit, opentelemetry-proto, importlib-metadata, grpcio, googleapis-common-protos, email-validator, ecdsa, django-prometheus, Django, deprecated, click-plugins, click-didyoumean, cffi, bleach, amqp, python-jose, pydantic, opentelemetry-exporter-otlp-proto-common, opentelemetry-api, kombu, djangorestframework, django-storages, django-redis, django-cors-headers, cryptography, click-repl, botocore, argon2-cffi-bindings, s3transfer, pydantic-settings, opentelemetry-semantic-conventions, opentelemetry-instrumentation, celery, argon2-cffi, opentelemetry-sdk, opentelemetry-instrumentation-wsgi, opentelemetry-instrumentation-redis, opentelemetry-instrumentation-dbapi, opentelemetry-instrumentation-celery, minio, boto3, opentelemetry-instrumentation-psycopg, opentelemetry-instrumentation-django, opentelemetry-exporter-otlp-proto-http, opentelemetry-exporter-otlp-proto-grpc, opentelemetry-exporter-otlp
#19 179.3 
#19 179.3 Successfully installed Django-5.2.4 PyJWT-2.9.0 amqp-5.2.0 annotated-types-0.7.0 argon2-cffi-25.1.0 argon2-cffi-bindings-25.1.0 asgiref-3.12.1 billiard-4.2.4 bleach-6.1.0 boto3-1.35.45 botocore-1.35.99 celery-5.4.0 certifi-2026.6.17 cffi-2.1.0 charset-normalizer-3.4.9 click-8.4.2 click-didyoumean-0.3.1 click-plugins-1.1.1.2 click-repl-0.3.0 cryptography-43.0.3 deprecated-1.3.1 django-cors-headers-4.6.0 django-environ-0.11.2 django-prometheus-2.3.1 django-redis-5.4.0 django-storages-1.14.4 djangorestframework-3.15.2 dnspython-2.8.0 ecdsa-0.19.2 email-validator-2.2.0 googleapis-common-protos-1.75.0 grpcio-1.82.1 idna-3.18 importlib-metadata-8.4.0 jmespath-1.1.0 kombu-5.4.2 markdown-3.7 minio-7.2.9 opentelemetry-api-1.27.0 opentelemetry-exporter-otlp-1.27.0 opentelemetry-exporter-otlp-proto-common-1.27.0 opentelemetry-exporter-otlp-proto-grpc-1.27.0 opentelemetry-exporter-otlp-proto-http-1.27.0 opentelemetry-instrumentation-0.48b0 opentelemetry-instrumentation-celery-0.48b0 opentelemetry-instrumentation-dbapi-0.48b0 opentelemetry-instrumentation-django-0.48b0 opentelemetry-instrumentation-psycopg-0.48b0 opentelemetry-instrumentation-redis-0.48b0 opentelemetry-instrumentation-wsgi-0.48b0 opentelemetry-proto-1.27.0 opentelemetry-sdk-1.27.0 opentelemetry-semantic-conventions-0.48b0 opentelemetry-util-http-0.48b0 phonenumberslite-8.13.52 prometheus-client-0.21.0 prompt-toolkit-3.0.52 protobuf-4.25.9 psycopg-3.2.3 psycopg-binary-3.2.3 pyasn1-0.6.4 pycparser-3.0 pycryptodome-3.23.0 pydantic-2.9.2 pydantic-core-2.23.4 pydantic-settings-2.6.0 python-dateutil-2.9.0.post0 python-dotenv-1.2.2 python-jose-3.3.0 python-magic-0.4.27 python-slugify-8.0.4 redis-5.1.1 requests-2.32.3 rsa-4.9.1 s3transfer-0.10.4 setuptools-83.0.0 six-1.17.0 sqlparse-0.5.5 structlog-24.4.0 text-unidecode-1.3 typing-extensions-4.16.0 tzdata-2026.3 urllib3-2.7.0 vine-5.1.0 wcwidth-0.8.2 webencodings-0.5.1 wrapt-1.17.3 zipp-4.1.0
#19 179.3 WARNING: Running pip as the 'root' user can result in broken permissions and conflicting behaviour with the system package manager, possibly rendering your system unusable. It is recommended to use a virtual environment instead: https://pip.pypa.io/warnings/venv. Use the --root-user-action option if you know what you are doing and want to suppress this warning.
#19 DONE 180.7s

#19 [backend 5/7] RUN pip install --upgrade pip &&     pip install -r requirements/base.txt
#19 DONE 180.7s

#20 [worker 6/7] COPY . /app
#20 DONE 0.5s

#20 [worker 6/7] COPY . /app
#20 DONE 0.5s

#21 [backend 7/7] RUN useradd --create-home --shell /bin/bash app && chown -R app:app /app
#21 DONE 2.1s

#21 [backend 7/7] RUN useradd --create-home --shell /bin/bash app && chown -R app:app /app
#21 DONE 2.1s

#22 [beat] exporting to image
#22 exporting layers
#22 ...

#23 [worker] exporting to image
#23 ...

#24 [backend] exporting to image
#24 ...

#22 [beat] exporting to image
#22 exporting layers 49.1s done
#22 exporting manifest sha256:bcccea7e8e5a8f06e04e774e293e615966d735023fbfacedb8849f174eeb5011 0.1s done
#22 exporting config sha256:78fc745553986a44266200bc9c55ff795d858c1f5180548142b7ed673f921820
#22 exporting config sha256:78fc745553986a44266200bc9c55ff795d858c1f5180548142b7ed673f921820 0.3s done
#22 exporting attestation manifest sha256:4cf1ae916a1655cfc08eb110fe96772ebe4fd692dd2632a0d9a40b15ad4a14f6
#22 exporting attestation manifest sha256:4cf1ae916a1655cfc08eb110fe96772ebe4fd692dd2632a0d9a40b15ad4a14f6 0.4s done
#22 exporting manifest list sha256:36765a803a5687e4890d98e89b11d1b4ad3a79add9ee417116ec50662615b0ef
#22 exporting manifest list sha256:36765a803a5687e4890d98e89b11d1b4ad3a79add9ee417116ec50662615b0ef 0.2s done
#22 naming to docker.io/library/mhc-ticketing-beat:latest
#22 naming to docker.io/library/mhc-ticketing-beat:latest 0.1s done
#22 unpacking to docker.io/library/mhc-ticketing-beat:latest
#22 ...

#23 [worker] exporting to image
#23 exporting layers 49.1s done
#23 exporting manifest sha256:7b28d851efc0cc4ea8a657ae1890cf4e5688d17592b296666e5151d48b6385d0 0.2s done
#23 exporting config sha256:cdc4652f325375016b2ff3480d82e1c5c3a6be4ba4e7121398e3de3ee756a50f 0.3s done
#23 exporting attestation manifest sha256:ac0d92e51c583803bd895d521b5a1702d3b989fde3f133f8cbca688b0319f187 0.4s done
#23 exporting manifest list sha256:630da9fc6e6ae1d4a4147b4d9b7a9a94f2a6f8ba40666a6e7266ddc51ec49162 0.2s done
#23 naming to docker.io/library/mhc-ticketing-worker:latest 0.0s done
#23 unpacking to docker.io/library/mhc-ticketing-worker:latest
#23 ...

#24 [backend] exporting to image
#24 exporting layers 49.1s done
#24 exporting manifest sha256:e1a38cd959be0d453c8324916426f4d3af7f4620af441850ed362abd5548d411 0.2s done
#24 exporting config sha256:a7e1c7555f3ec9446495eee4cea46bea4a87339d49e5249b9dbd069118af8226 0.3s done
#24 exporting attestation manifest sha256:d653c97804627515acc1376e1424783772cdb5503131aa43e1c2a483dc379095 0.4s done
#24 exporting manifest list sha256:69f86d142cdeeb9c4c47511831d092b070887b4089d331b4c4d5a1d41b61dd65 0.2s done
#24 naming to docker.io/library/mhc-ticketing-backend:latest 0.1s done
#24 unpacking to docker.io/library/mhc-ticketing-backend:latest
#24 unpacking to docker.io/library/mhc-ticketing-backend:latest 35.3s done
#24 ...

#22 [beat] exporting to image
#22 unpacking to docker.io/library/mhc-ticketing-beat:latest 35.4s done
#22 ...

#24 [backend] exporting to image
#24 DONE 85.9s

#23 [worker] exporting to image
#23 unpacking to docker.io/library/mhc-ticketing-worker:latest 35.3s done
#23 DONE 86.0s

#22 [beat] exporting to image
#22 DONE 86.1s

#25 [backend] resolving provenance for metadata file
#25 DONE 1.3s

#26 [worker] resolving provenance for metadata file
#26 DONE 1.1s

#27 [beat] resolving provenance for metadata file
#27 DONE 0.2s
 Image mhc-ticketing-backend Built 
 Image mhc-ticketing-beat Built 
 Image mhc-ticketing-worker Built 
 Network mhc-ticketing_default Creating 
 Network mhc-ticketing_default Created 
 Volume mhc-ticketing_postgres-data Creating 
 Volume mhc-ticketing_postgres-data Created 
 Volume mhc-ticketing_keycloak-data Creating 
 Volume mhc-ticketing_keycloak-data Created 
 Volume mhc-ticketing_minio-data Creating 
 Volume mhc-ticketing_minio-data Created 
 Volume mhc-ticketing_redis-data Creating 
 Volume mhc-ticketing_redis-data Created 
 Volume mhc-ticketing_rabbitmq-data Creating 
 Volume mhc-ticketing_rabbitmq-data Created 
 Volume mhc-ticketing_clamav-data Creating 
 Volume mhc-ticketing_clamav-data Created 
 Volume mhc-ticketing_frontend-node-modules Creating 
 Volume mhc-ticketing_frontend-node-modules Created 
 Container mhc-ticketing-rabbitmq-1 Creating 
 Container mhc-ticketing-keycloak-1 Creating 
 Container mhc-ticketing-clamav-1 Creating 
 Container mhc-ticketing-minio-1 Creating 
 Container mhc-ticketing-redis-1 Creating 
 Container mhc-ticketing-postgres-1 Creating 
 Container mhc-ticketing-redis-1 Created 
 Container mhc-ticketing-minio-1 Created 
 Container mhc-ticketing-minio-bootstrap-1 Creating 
 Container mhc-ticketing-keycloak-1 Created 
 Container mhc-ticketing-rabbitmq-1 Created 
 Container mhc-ticketing-postgres-1 Created 
 Container mhc-ticketing-backend-1 Creating 
 Container mhc-ticketing-minio-bootstrap-1 Created 
 Container mhc-ticketing-clamav-1 Created 
 Container mhc-ticketing-backend-1 Created 
 Container mhc-ticketing-worker-1 Creating 
 Container mhc-ticketing-frontend-1 Creating 
 Container mhc-ticketing-beat-1 Creating 
 Container mhc-ticketing-worker-1 Created 
 Container mhc-ticketing-beat-1 Created 
 Container mhc-ticketing-frontend-1 Created 
 Container mhc-ticketing-rabbitmq-1 Starting 
 Container mhc-ticketing-clamav-1 Starting 
 Container mhc-ticketing-redis-1 Starting 
 Container mhc-ticketing-keycloak-1 Starting 
 Container mhc-ticketing-minio-1 Starting 
 Container mhc-ticketing-postgres-1 Starting 
 Container mhc-ticketing-redis-1 Started 
 Container mhc-ticketing-clamav-1 Started 
 Container mhc-ticketing-postgres-1 Started 
 Container mhc-ticketing-keycloak-1 Started 
 Container mhc-ticketing-rabbitmq-1 Started 
 Container mhc-ticketing-minio-1 Started 
 Container mhc-ticketing-keycloak-1 Waiting 
 Container mhc-ticketing-postgres-1 Waiting 
 Container mhc-ticketing-redis-1 Waiting 
 Container mhc-ticketing-rabbitmq-1 Waiting 
 Container mhc-ticketing-minio-1 Waiting 
 Container mhc-ticketing-minio-1 Waiting 
 Container mhc-ticketing-redis-1 Healthy 
 Container mhc-ticketing-minio-1 Healthy 
 Container mhc-ticketing-minio-bootstrap-1 Starting 
 Container mhc-ticketing-minio-1 Healthy 
 Container mhc-ticketing-minio-bootstrap-1 Started 
 Container mhc-ticketing-postgres-1 Healthy 
 Container mhc-ticketing-rabbitmq-1 Healthy 
 Container mhc-ticketing-keycloak-1 Healthy 
 Container mhc-ticketing-backend-1 Starting 
 Container mhc-ticketing-backend-1 Started 
 Container mhc-ticketing-frontend-1 Starting 
 Container mhc-ticketing-beat-1 Starting 
 Container mhc-ticketing-worker-1 Starting 
 Container mhc-ticketing-beat-1 Started 
 Container mhc-ticketing-worker-1 Started 
 Container mhc-ticketing-frontend-1 Started 
