docker :  Image mhc-ticketing-beat Building 
At line:2 char:1
+ docker compose build backend worker beat 2>&1 | Out-File -FilePath "C ...
+ ~~~~~~~~~~~~~~~~~~~~~~~~~~~~~~~~~~~~~~~~~~~~~
    + CategoryInfo          : NotSpecified: ( Image mhc-ticketing-beat Building :String) [], RemoteException
    + FullyQualifiedErrorId : NativeCommandError
 
 Image mhc-ticketing-worker Building 
 Image mhc-ticketing-backend Building 
#1 [internal] load local bake definitions
#1 reading from stdin 1.48kB done
#1 DONE 0.0s

#2 [backend internal] load build definition from Dockerfile
#2 transferring dockerfile:
#2 transferring dockerfile: 1.35kB 0.1s done
#2 transferring dockerfile: 1.35kB 0.1s done
#2 DONE 1.1s

#3 [beat] resolve image config for docker-image://docker.io/docker/dockerfile:1.7
#3 DONE 4.0s

#4 [backend] docker-image://docker.io/docker/dockerfile:1.7@sha256:a57df69d0ea827fb7266491f2813635de6f17269be881f696fbfdf2d83dda33e
#4 resolve docker.io/docker/dockerfile:1.7@sha256:a57df69d0ea827fb7266491f2813635de6f17269be881f696fbfdf2d83dda33e
#4 resolve docker.io/docker/dockerfile:1.7@sha256:a57df69d0ea827fb7266491f2813635de6f17269be881f696fbfdf2d83dda33e 0.4s done
#4 resolve docker.io/docker/dockerfile:1.7@sha256:a57df69d0ea827fb7266491f2813635de6f17269be881f696fbfdf2d83dda33e 0.4s done
#4 CACHED

#5 [beat internal] load build definition from Dockerfile
#5 transferring dockerfile: 30B 0.0s
#5 ...

#6 [backend internal] load build definition from Dockerfile
#6 transferring dockerfile: 1.35kB 0.0s done
#6 DONE 0.2s

#5 [beat internal] load build definition from Dockerfile
#5 transferring dockerfile: 1.35kB 0.0s done
#5 DONE 0.3s

#7 [worker internal] load build definition from Dockerfile
#7 transferring dockerfile: 1.35kB 0.1s done
#7 DONE 0.3s

#8 [beat internal] load metadata for docker.io/library/python:3.12-slim
#8 DONE 2.1s

#9 [beat internal] load .dockerignore
#9 transferring context: 0.0s
#9 ...

#10 [backend internal] load .dockerignore
#10 transferring context: 2B 0.1s done
#10 DONE 0.3s

#9 [beat internal] load .dockerignore
#9 transferring context: 2B 0.0s done
#9 DONE 0.3s

#11 [worker internal] load .dockerignore
#11 transferring context: 2B 0.0s done
#11 DONE 0.4s

#12 [backend internal] load build context
#12 DONE 0.0s

#13 [beat internal] load build context
#13 DONE 0.0s

#14 [beat 1/7] FROM docker.io/library/python:3.12-slim@sha256:57cd7c3a7a273101a6485ba99423ee568157882804b1124b4dd04266317710de
#14 resolve docker.io/library/python:3.12-slim@sha256:57cd7c3a7a273101a6485ba99423ee568157882804b1124b4dd04266317710de
#14 ...

#15 [worker internal] load build context
#15 DONE 0.0s

#14 [worker 1/7] FROM docker.io/library/python:3.12-slim@sha256:57cd7c3a7a273101a6485ba99423ee568157882804b1124b4dd04266317710de
#14 resolve docker.io/library/python:3.12-slim@sha256:57cd7c3a7a273101a6485ba99423ee568157882804b1124b4dd04266317710de 0.6s done
#14 resolve docker.io/library/python:3.12-slim@sha256:57cd7c3a7a273101a6485ba99423ee568157882804b1124b4dd04266317710de 0.6s done
#14 DONE 0.6s

#15 [worker internal] load build context
#15 transferring context: 8.86kB 0.2s done
#15 DONE 0.3s

#12 [backend internal] load build context
#12 transferring context: 8.86kB 0.3s done
#12 ...

#13 [beat internal] load build context
#13 transferring context: 8.86kB 0.2s done
#13 DONE 0.5s

#12 [backend internal] load build context
#12 ...

#16 [backend 2/7] RUN apt-get update && apt-get install -y --no-install-recommends         build-essential         libpq-dev         libmagic1         libclamav-dev         clamav-daemon         clamav-freshclam         curl         netcat-openbsd     && rm -rf /var/lib/apt/lists/*
#16 CACHED

#16 [beat 2/7] RUN apt-get update && apt-get install -y --no-install-recommends         build-essential         libpq-dev         libmagic1         libclamav-dev         clamav-daemon         clamav-freshclam         curl         netcat-openbsd     && rm -rf /var/lib/apt/lists/*
#16 CACHED

#17 [beat 3/7] WORKDIR /app
#17 CACHED

#16 [worker 2/7] RUN apt-get update && apt-get install -y --no-install-recommends         build-essential         libpq-dev         libmagic1         libclamav-dev         clamav-daemon         clamav-freshclam         curl         netcat-openbsd     && rm -rf /var/lib/apt/lists/*
#16 CACHED

#12 [backend internal] load build context
#12 DONE 1.0s

#18 [beat 4/7] COPY requirements/ ./requirements/
#18 DONE 1.3s

#19 [beat 5/7] RUN pip install --upgrade pip &&     pip install -r requirements/base.txt
#19 16.46 Requirement already satisfied: pip in /usr/local/lib/python3.12/site-packages (25.0.1)
#19 17.69 Collecting pip
#19 18.68   Downloading pip-26.1.2-py3-none-any.whl.metadata (4.6 kB)
#19 18.93 Downloading pip-26.1.2-py3-none-any.whl (1.8 MB)
#19 21.20    ━━━━━━━━━━━━━━━━━━━━━━━━━━━━━━━━━━━━━━━━ 1.8/1.8 MB 1.1 MB/s eta 0:00:00
#19 21.32 Installing collected packages: pip
#19 21.32   Attempting uninstall: pip
#19 21.36     Found existing installation: pip 25.0.1
#19 21.90     Uninstalling pip-25.0.1:
#19 23.06       Successfully uninstalled pip-25.0.1
#19 32.49 Successfully installed pip-26.1.2
#19 32.50 WARNING: Running pip as the 'root' user can result in broken permissions and conflicting behaviour with the system package manager, possibly rendering your system unusable. It is recommended to use a virtual environment instead: https://pip.pypa.io/warnings/venv. Use the --root-user-action option if you know what you are doing and want to suppress this warning.
#19 41.02 Collecting Django==5.2.4 (from -r requirements/base.txt (line 5))
#19 41.79   Downloading django-5.2.4-py3-none-any.whl.metadata (4.1 kB)
#19 42.13 Collecting djangorestframework==3.15.2 (from -r requirements/base.txt (line 6))
#19 42.36   Downloading djangorestframework-3.15.2-py3-none-any.whl.metadata (10 kB)
#19 42.68 Collecting djangorestframework-simplejwt==5.3.1 (from -r requirements/base.txt (line 7))
#19 42.92   Downloading djangorestframework_simplejwt-5.3.1-py3-none-any.whl.metadata (4.3 kB)
#19 43.26 Collecting django-cors-headers==4.6.0 (from -r requirements/base.txt (line 8))
#19 43.54   Downloading django_cors_headers-4.6.0-py3-none-any.whl.metadata (16 kB)
#19 43.87 Collecting django-environ==0.11.2 (from -r requirements/base.txt (line 9))
#19 44.10   Downloading django_environ-0.11.2-py2.py3-none-any.whl.metadata (11 kB)
#19 44.56 Collecting psycopg==3.2.3 (from psycopg[binary]==3.2.3->-r requirements/base.txt (line 12))
#19 44.81   Downloading psycopg-3.2.3-py3-none-any.whl.metadata (4.3 kB)
#19 45.21 Collecting PyJWT==2.9.0 (from PyJWT[crypto]==2.9.0->-r requirements/base.txt (line 15))
#19 45.51   Downloading PyJWT-2.9.0-py3-none-any.whl.metadata (3.0 kB)
#19 48.21 Collecting cryptography==43.0.3 (from -r requirements/base.txt (line 16))
#19 48.42   Downloading cryptography-43.0.3-cp39-abi3-manylinux_2_28_x86_64.whl.metadata (5.4 kB)
#19 48.72 Collecting python-jose==3.3.0 (from python-jose[cryptography]==3.3.0->-r requirements/base.txt (line 17))
#19 48.93   Downloading python_jose-3.3.0-py2.py3-none-any.whl.metadata (5.4 kB)
#19 49.22 Collecting requests==2.32.3 (from -r requirements/base.txt (line 18))
#19 49.44   Downloading requests-2.32.3-py3-none-any.whl.metadata (4.6 kB)
#19 49.84 Collecting celery==5.4.0 (from -r requirements/base.txt (line 21))
#19 50.05   Downloading celery-5.4.0-py3-none-any.whl.metadata (21 kB)
#19 50.67 Collecting kombu==5.4.2 (from -r requirements/base.txt (line 22))
#19 50.92   Downloading kombu-5.4.2-py3-none-any.whl.metadata (3.2 kB)
#19 51.29 Collecting amqp==5.2.0 (from -r requirements/base.txt (line 23))
#19 51.49   Downloading amqp-5.2.0-py3-none-any.whl.metadata (8.9 kB)
#19 51.95 Collecting redis==5.1.1 (from -r requirements/base.txt (line 26))
#19 52.25   Downloading redis-5.1.1-py3-none-any.whl.metadata (9.1 kB)
#19 52.57 Collecting django-redis==5.4.0 (from -r requirements/base.txt (line 27))
#19 52.79   Downloading django_redis-5.4.0-py3-none-any.whl.metadata (32 kB)
#19 55.77 Collecting boto3==1.35.45 (from -r requirements/base.txt (line 30))
#19 56.03   Downloading boto3-1.35.45-py3-none-any.whl.metadata (6.7 kB)
#19 56.29 Collecting django-storages==1.14.4 (from -r requirements/base.txt (line 31))
#19 56.55   Downloading django_storages-1.14.4-py3-none-any.whl.metadata (4.7 kB)
#19 56.96 Collecting minio==7.2.9 (from -r requirements/base.txt (line 32))
#19 57.27   Downloading minio-7.2.9-py3-none-any.whl.metadata (6.5 kB)
#19 59.07 Collecting pydantic==2.9.2 (from -r requirements/base.txt (line 35))
#19 59.28   Downloading pydantic-2.9.2-py3-none-any.whl.metadata (149 kB)
#19 59.99 Collecting pydantic-settings==2.6.0 (from -r requirements/base.txt (line 36))
#19 60.25   Downloading pydantic_settings-2.6.0-py3-none-any.whl.metadata (3.5 kB)
#19 60.64 Collecting python-slugify==8.0.4 (from -r requirements/base.txt (line 37))
#19 60.84   Downloading python_slugify-8.0.4-py2.py3-none-any.whl.metadata (8.5 kB)
#19 61.45 Collecting phonenumberslite==8.13.52 (from -r requirements/base.txt (line 38))
#19 61.70   Downloading phonenumberslite-8.13.52-py2.py3-none-any.whl.metadata (11 kB)
#19 61.98 Collecting email-validator==2.2.0 (from -r requirements/base.txt (line 39))
#19 62.22   Downloading email_validator-2.2.0-py3-none-any.whl.metadata (25 kB)
#19 62.86 Collecting bleach==6.1.0 (from -r requirements/base.txt (line 40))
#19 63.16   Downloading bleach-6.1.0-py3-none-any.whl.metadata (30 kB)
#19 63.52 Collecting markdown==3.7 (from -r requirements/base.txt (line 41))
#19 63.76   Downloading Markdown-3.7-py3-none-any.whl.metadata (7.0 kB)
#19 63.99 Collecting python-magic==0.4.27 (from -r requirements/base.txt (line 42))
#19 64.31   Downloading python_magic-0.4.27-py2.py3-none-any.whl.metadata (5.8 kB)
#19 64.70 Collecting structlog==24.4.0 (from -r requirements/base.txt (line 45))
#19 64.92   Downloading structlog-24.4.0-py3-none-any.whl.metadata (7.3 kB)
#19 65.27 Collecting prometheus-client==0.21.0 (from -r requirements/base.txt (line 46))
#19 65.54   Downloading prometheus_client-0.21.0-py3-none-any.whl.metadata (1.8 kB)
#19 66.02 Collecting django-prometheus==2.3.1 (from -r requirements/base.txt (line 47))
#19 66.37   Downloading django_prometheus-2.3.1-py2.py3-none-any.whl.metadata (9.4 kB)
#19 66.68 Collecting opentelemetry-api==1.27.0 (from -r requirements/base.txt (line 48))
#19 67.00   Downloading opentelemetry_api-1.27.0-py3-none-any.whl.metadata (1.4 kB)
#19 67.31 Collecting opentelemetry-sdk==1.27.0 (from -r requirements/base.txt (line 49))
#19 67.53   Downloading opentelemetry_sdk-1.27.0-py3-none-any.whl.metadata (1.5 kB)
#19 67.80 Collecting opentelemetry-instrumentation-django==0.48b0 (from -r requirements/base.txt (line 50))
#19 68.10   Downloading opentelemetry_instrumentation_django-0.48b0-py3-none-any.whl.metadata (2.2 kB)
#19 68.46 Collecting opentelemetry-instrumentation-psycopg==0.48b0 (from -r requirements/base.txt (line 51))
#19 68.72   Downloading opentelemetry_instrumentation_psycopg-0.48b0-py3-none-any.whl.metadata (1.9 kB)
#19 69.11 Collecting opentelemetry-instrumentation-celery==0.48b0 (from -r requirements/base.txt (line 52))
#19 69.34   Downloading opentelemetry_instrumentation_celery-0.48b0-py3-none-any.whl.metadata (1.9 kB)
#19 69.70 Collecting opentelemetry-instrumentation-redis==0.48b0 (from -r requirements/base.txt (line 53))
#19 69.96   Downloading opentelemetry_instrumentation_redis-0.48b0-py3-none-any.whl.metadata (1.9 kB)
#19 70.22 Collecting opentelemetry-exporter-otlp==1.27.0 (from -r requirements/base.txt (line 54))
#19 70.46   Downloading opentelemetry_exporter_otlp-1.27.0-py3-none-any.whl.metadata (2.3 kB)
#19 70.84 Collecting asgiref>=3.8.1 (from Django==5.2.4->-r requirements/base.txt (line 5))
#19 71.09   Downloading asgiref-3.12.1-py3-none-any.whl.metadata (9.4 kB)
#19 71.36 Collecting sqlparse>=0.3.1 (from Django==5.2.4->-r requirements/base.txt (line 5))
#19 71.59   Downloading sqlparse-0.5.5-py3-none-any.whl.metadata (4.7 kB)
#19 72.17 Collecting typing-extensions>=4.6 (from psycopg==3.2.3->psycopg[binary]==3.2.3->-r requirements/base.txt (line 12))
#19 72.42   Downloading typing_extensions-4.16.0-py3-none-any.whl.metadata (3.3 kB)
#19 74.19 Collecting cffi>=1.12 (from cryptography==43.0.3->-r requirements/base.txt (line 16))
#19 74.47   Downloading cffi-2.1.0-cp312-cp312-manylinux2014_x86_64.manylinux_2_17_x86_64.whl.metadata (2.5 kB)
#19 74.75 Collecting ecdsa!=0.15 (from python-jose==3.3.0->python-jose[cryptography]==3.3.0->-r requirements/base.txt (line 17))
#19 75.07   Downloading ecdsa-0.19.2-py2.py3-none-any.whl.metadata (29 kB)
#19 75.36 Collecting rsa (from python-jose==3.3.0->python-jose[cryptography]==3.3.0->-r requirements/base.txt (line 17))
#19 75.58   Downloading rsa-4.9.1-py3-none-any.whl.metadata (5.6 kB)
#19 76.05 Collecting pyasn1 (from python-jose==3.3.0->python-jose[cryptography]==3.3.0->-r requirements/base.txt (line 17))
#19 76.28   Downloading pyasn1-0.6.4-py3-none-any.whl.metadata (8.4 kB)
#19 78.04 Collecting charset-normalizer<4,>=2 (from requests==2.32.3->-r requirements/base.txt (line 18))
#19 78.25   Downloading charset_normalizer-3.4.9-cp312-cp312-manylinux2014_x86_64.manylinux_2_17_x86_64.manylinux_2_28_x86_64.whl.metadata (41 kB)
#19 78.58 Collecting idna<4,>=2.5 (from requests==2.32.3->-r requirements/base.txt (line 18))
#19 78.79   Downloading idna-3.18-py3-none-any.whl.metadata (6.1 kB)
#19 79.11 Collecting urllib3<3,>=1.21.1 (from requests==2.32.3->-r requirements/base.txt (line 18))
#19 79.38   Downloading urllib3-2.7.0-py3-none-any.whl.metadata (6.9 kB)
#19 79.75 Collecting certifi>=2017.4.17 (from requests==2.32.3->-r requirements/base.txt (line 18))
#19 80.00   Downloading certifi-2026.6.17-py3-none-any.whl.metadata (2.5 kB)
#19 80.29 Collecting billiard<5.0,>=4.2.0 (from celery==5.4.0->-r requirements/base.txt (line 21))
#19 80.61   Downloading billiard-4.2.4-py3-none-any.whl.metadata (4.8 kB)
#19 80.85 Collecting vine<6.0,>=5.1.0 (from celery==5.4.0->-r requirements/base.txt (line 21))
#19 81.12   Downloading vine-5.1.0-py3-none-any.whl.metadata (2.7 kB)
#19 81.50 Collecting click<9.0,>=8.1.2 (from celery==5.4.0->-r requirements/base.txt (line 21))
#19 81.72   Downloading click-8.4.2-py3-none-any.whl.metadata (2.6 kB)
#19 81.95 Collecting click-didyoumean>=0.3.0 (from celery==5.4.0->-r requirements/base.txt (line 21))
#19 82.20   Downloading click_didyoumean-0.3.1-py3-none-any.whl.metadata (3.9 kB)
#19 82.51 Collecting click-repl>=0.2.0 (from celery==5.4.0->-r requirements/base.txt (line 21))
#19 82.78   Downloading click_repl-0.3.0-py3-none-any.whl.metadata (3.6 kB)
#19 83.00 Collecting click-plugins>=1.1.1 (from celery==5.4.0->-r requirements/base.txt (line 21))
#19 83.27   Downloading click_plugins-1.1.1.2-py2.py3-none-any.whl.metadata (6.5 kB)
#19 83.55 Collecting tzdata>=2022.7 (from celery==5.4.0->-r requirements/base.txt (line 21))
#19 83.89   Downloading tzdata-2026.3-py2.py3-none-any.whl.metadata (1.4 kB)
#19 84.25 Collecting python-dateutil>=2.8.2 (from celery==5.4.0->-r requirements/base.txt (line 21))
#19 84.50   Downloading python_dateutil-2.9.0.post0-py2.py3-none-any.whl.metadata (8.4 kB)
#19 86.45 Collecting botocore<1.36.0,>=1.35.45 (from boto3==1.35.45->-r requirements/base.txt (line 30))
#19 86.75   Downloading botocore-1.35.99-py3-none-any.whl.metadata (5.7 kB)
#19 86.98 Collecting jmespath<2.0.0,>=0.7.1 (from boto3==1.35.45->-r requirements/base.txt (line 30))
#19 87.19   Downloading jmespath-1.1.0-py3-none-any.whl.metadata (7.6 kB)
#19 87.53 Collecting s3transfer<0.11.0,>=0.10.0 (from boto3==1.35.45->-r requirements/base.txt (line 30))
#19 87.78   Downloading s3transfer-0.10.4-py3-none-any.whl.metadata (1.7 kB)
#19 88.21 Collecting argon2-cffi (from minio==7.2.9->-r requirements/base.txt (line 32))
#19 88.50   Downloading argon2_cffi-25.1.0-py3-none-any.whl.metadata (4.1 kB)
#19 89.69 Collecting pycryptodome (from minio==7.2.9->-r requirements/base.txt (line 32))
#19 89.92   Downloading pycryptodome-3.23.0-cp37-abi3-manylinux_2_17_x86_64.manylinux2014_x86_64.whl.metadata (3.4 kB)
#19 90.14 Collecting annotated-types>=0.6.0 (from pydantic==2.9.2->-r requirements/base.txt (line 35))
#19 90.45   Downloading annotated_types-0.7.0-py3-none-any.whl.metadata (15 kB)
#19 100.3 Collecting pydantic-core==2.23.4 (from pydantic==2.9.2->-r requirements/base.txt (line 35))
#19 100.6   Downloading pydantic_core-2.23.4-cp312-cp312-manylinux_2_17_x86_64.manylinux2014_x86_64.whl.metadata (6.6 kB)
#19 100.9 Collecting python-dotenv>=0.21.0 (from pydantic-settings==2.6.0->-r requirements/base.txt (line 36))
#19 101.2   Downloading python_dotenv-1.2.2-py3-none-any.whl.metadata (27 kB)
#19 101.5 Collecting text-unidecode>=1.3 (from python-slugify==8.0.4->-r requirements/base.txt (line 37))
#19 101.7   Downloading text_unidecode-1.3-py2.py3-none-any.whl.metadata (2.4 kB)
#19 101.9 Collecting dnspython>=2.0.0 (from email-validator==2.2.0->-r requirements/base.txt (line 39))
#19 102.2   Downloading dnspython-2.8.0-py3-none-any.whl.metadata (5.7 kB)
#19 102.5 Collecting six>=1.9.0 (from bleach==6.1.0->-r requirements/base.txt (line 40))
#19 102.8   Downloading six-1.17.0-py2.py3-none-any.whl.metadata (1.7 kB)
#19 103.1 Collecting webencodings (from bleach==6.1.0->-r requirements/base.txt (line 40))
#19 103.4   Downloading webencodings-0.5.1-py2.py3-none-any.whl.metadata (2.1 kB)
#19 103.7 Collecting deprecated>=1.2.6 (from opentelemetry-api==1.27.0->-r requirements/base.txt (line 48))
#19 103.9   Downloading deprecated-1.3.1-py2.py3-none-any.whl.metadata (5.9 kB)
#19 104.4 Collecting importlib-metadata<=8.4.0,>=6.0 (from opentelemetry-api==1.27.0->-r requirements/base.txt (line 48))
#19 104.7   Downloading importlib_metadata-8.4.0-py3-none-any.whl.metadata (4.7 kB)
#19 105.0 Collecting opentelemetry-semantic-conventions==0.48b0 (from opentelemetry-sdk==1.27.0->-r requirements/base.txt (line 49))
#19 105.7   Downloading opentelemetry_semantic_conventions-0.48b0-py3-none-any.whl.metadata (2.4 kB)
#19 106.2 Collecting opentelemetry-instrumentation-wsgi==0.48b0 (from opentelemetry-instrumentation-django==0.48b0->-r requirements/base.txt (line 50))
#19 106.5   Downloading opentelemetry_instrumentation_wsgi-0.48b0-py3-none-any.whl.metadata (2.0 kB)
#19 106.8 Collecting opentelemetry-instrumentation==0.48b0 (from opentelemetry-instrumentation-django==0.48b0->-r requirements/base.txt (line 50))
#19 107.0   Downloading opentelemetry_instrumentation-0.48b0-py3-none-any.whl.metadata (6.1 kB)
#19 107.3 Collecting opentelemetry-util-http==0.48b0 (from opentelemetry-instrumentation-django==0.48b0->-r requirements/base.txt (line 50))
#19 107.5   Downloading opentelemetry_util_http-0.48b0-py3-none-any.whl.metadata (2.5 kB)
#19 108.0 Collecting opentelemetry-instrumentation-dbapi==0.48b0 (from opentelemetry-instrumentation-psycopg==0.48b0->-r requirements/base.txt (line 51))
#19 109.2   Downloading opentelemetry_instrumentation_dbapi-0.48b0-py3-none-any.whl.metadata (1.9 kB)
#19 113.2 Collecting wrapt>=1.12.1 (from opentelemetry-instrumentation-redis==0.48b0->-r requirements/base.txt (line 53))
#19 113.5   Downloading wrapt-2.2.2-cp312-cp312-manylinux1_x86_64.manylinux_2_28_x86_64.manylinux_2_5_x86_64.whl.metadata (7.4 kB)
#19 113.9 Collecting opentelemetry-exporter-otlp-proto-grpc==1.27.0 (from opentelemetry-exporter-otlp==1.27.0->-r requirements/base.txt (line 54))
#19 114.1   Downloading opentelemetry_exporter_otlp_proto_grpc-1.27.0-py3-none-any.whl.metadata (2.3 kB)
#19 114.4 Collecting opentelemetry-exporter-otlp-proto-http==1.27.0 (from opentelemetry-exporter-otlp==1.27.0->-r requirements/base.txt (line 54))
#19 114.7   Downloading opentelemetry_exporter_otlp_proto_http-1.27.0-py3-none-any.whl.metadata (2.3 kB)
#19 115.0 Collecting googleapis-common-protos~=1.52 (from opentelemetry-exporter-otlp-proto-grpc==1.27.0->opentelemetry-exporter-otlp==1.27.0->-r requirements/base.txt (line 54))
#19 115.3   Downloading googleapis_common_protos-1.75.0-py3-none-any.whl.metadata (8.6 kB)
#19 122.6 Collecting grpcio<2.0.0,>=1.0.0 (from opentelemetry-exporter-otlp-proto-grpc==1.27.0->opentelemetry-exporter-otlp==1.27.0->-r requirements/base.txt (line 54))
#19 122.8   Downloading grpcio-1.82.1-cp312-cp312-manylinux2014_x86_64.manylinux_2_17_x86_64.whl.metadata (3.7 kB)
#19 123.3 Collecting opentelemetry-exporter-otlp-proto-common==1.27.0 (from opentelemetry-exporter-otlp-proto-grpc==1.27.0->opentelemetry-exporter-otlp==1.27.0->-r requirements/base.txt (line 54))
#19 123.5   Downloading opentelemetry_exporter_otlp_proto_common-1.27.0-py3-none-any.whl.metadata (1.8 kB)
#19 123.8 Collecting opentelemetry-proto==1.27.0 (from opentelemetry-exporter-otlp-proto-grpc==1.27.0->opentelemetry-exporter-otlp==1.27.0->-r requirements/base.txt (line 54))
#19 124.0   Downloading opentelemetry_proto-1.27.0-py3-none-any.whl.metadata (2.3 kB)
#19 125.3 Collecting setuptools>=16.0 (from opentelemetry-instrumentation==0.48b0->opentelemetry-instrumentation-django==0.48b0->-r requirements/base.txt (line 50))
#19 125.6   Downloading setuptools-83.0.0-py3-none-any.whl.metadata (6.6 kB)
#19 125.6 Collecting wrapt>=1.12.1 (from opentelemetry-instrumentation-redis==0.48b0->-r requirements/base.txt (line 53))
#19 126.0   Downloading wrapt-1.17.3-cp312-cp312-manylinux1_x86_64.manylinux_2_28_x86_64.manylinux_2_5_x86_64.whl.metadata (6.4 kB)
#19 127.9 Collecting protobuf<5.0,>=3.19 (from opentelemetry-proto==1.27.0->opentelemetry-exporter-otlp-proto-grpc==1.27.0->opentelemetry-exporter-otlp==1.27.0->-r requirements/base.txt (line 54))
#19 128.1   Downloading protobuf-4.25.9-cp37-abi3-manylinux2014_x86_64.whl.metadata (541 bytes)
#19 130.8 Collecting psycopg-binary==3.2.3 (from psycopg[binary]==3.2.3->-r requirements/base.txt (line 12))
#19 131.1   Downloading psycopg_binary-3.2.3-cp312-cp312-manylinux_2_17_x86_64.manylinux2014_x86_64.whl.metadata (2.8 kB)
#19 131.7 Collecting zipp>=0.5 (from importlib-metadata<=8.4.0,>=6.0->opentelemetry-api==1.27.0->-r requirements/base.txt (line 48))
#19 132.0   Downloading zipp-4.1.0-py3-none-any.whl.metadata (3.6 kB)
#19 132.6 Collecting pycparser (from cffi>=1.12->cryptography==43.0.3->-r requirements/base.txt (line 16))
#19 132.9   Downloading pycparser-3.0-py3-none-any.whl.metadata (8.2 kB)
#19 133.6 Collecting prompt-toolkit>=3.0.36 (from click-repl>=0.2.0->celery==5.4.0->-r requirements/base.txt (line 21))
#19 133.9   Downloading prompt_toolkit-3.0.52-py3-none-any.whl.metadata (6.4 kB)
#19 134.4 Collecting wcwidth (from prompt-toolkit>=3.0.36->click-repl>=0.2.0->celery==5.4.0->-r requirements/base.txt (line 21))
#19 134.6   Downloading wcwidth-0.8.2-py3-none-any.whl.metadata (43 kB)
#19 135.1 Collecting argon2-cffi-bindings (from argon2-cffi->minio==7.2.9->-r requirements/base.txt (line 32))
#19 135.4   Downloading argon2_cffi_bindings-25.1.0-cp39-abi3-manylinux_2_26_x86_64.manylinux_2_28_x86_64.whl.metadata (7.4 kB)
#19 135.8 Downloading django-5.2.4-py3-none-any.whl (8.3 MB)
#19 145.0    ━━━━━━━━━━━━━━━━━━━━━━━━━━━━━━━━━━━━━━━━ 8.3/8.3 MB 902.9 kB/s  0:00:09
#19 145.2 Downloading djangorestframework-3.15.2-py3-none-any.whl (1.1 MB)
#19 146.7    ━━━━━━━━━━━━━━━━━━━━━━━━━━━━━━━━━━━━━━━━ 1.1/1.1 MB 720.9 kB/s  0:00:01
#19 146.9 Downloading djangorestframework_simplejwt-5.3.1-py3-none-any.whl (101 kB)
#19 147.2 Downloading PyJWT-2.9.0-py3-none-any.whl (22 kB)
#19 148.0 Downloading django_cors_headers-4.6.0-py3-none-any.whl (12 kB)
#19 148.3 Downloading django_environ-0.11.2-py2.py3-none-any.whl (19 kB)
#19 148.5 Downloading psycopg-3.2.3-py3-none-any.whl (197 kB)
#19 149.0 Downloading cryptography-43.0.3-cp39-abi3-manylinux_2_28_x86_64.whl (4.0 MB)
#19 154.2    ━━━━━━━━━━━━━━━━━━━━━━━━━━━━━━━━━━━━━━━━ 4.0/4.0 MB 769.1 kB/s  0:00:05
#19 154.5 Downloading python_jose-3.3.0-py2.py3-none-any.whl (33 kB)
#19 154.8 Downloading requests-2.32.3-py3-none-any.whl (64 kB)
#19 155.1 Downloading celery-5.4.0-py3-none-any.whl (425 kB)
#19 155.7 Downloading kombu-5.4.2-py3-none-any.whl (201 kB)
#19 156.0 Downloading amqp-5.2.0-py3-none-any.whl (50 kB)
#19 156.3 Downloading vine-5.1.0-py3-none-any.whl (9.6 kB)
#19 156.5 Downloading redis-5.1.1-py3-none-any.whl (261 kB)
#19 157.0 Downloading django_redis-5.4.0-py3-none-any.whl (31 kB)
#19 157.2 Downloading boto3-1.35.45-py3-none-any.whl (139 kB)
#19 157.6 Downloading django_storages-1.14.4-py3-none-any.whl (31 kB)
#19 157.8 Downloading minio-7.2.9-py3-none-any.whl (93 kB)
#19 158.2 Downloading pydantic-2.9.2-py3-none-any.whl (434 kB)
#19 158.9 Downloading pydantic_settings-2.6.0-py3-none-any.whl (28 kB)
#19 159.4 Downloading python_slugify-8.0.4-py2.py3-none-any.whl (10 kB)
#19 159.7 Downloading phonenumberslite-8.13.52-py2.py3-none-any.whl (471 kB)
#19 164.2 Downloading email_validator-2.2.0-py3-none-any.whl (33 kB)
#19 164.5 Downloading bleach-6.1.0-py3-none-any.whl (162 kB)
#19 165.6 Downloading Markdown-3.7-py3-none-any.whl (106 kB)
#19 165.9 Downloading python_magic-0.4.27-py2.py3-none-any.whl (13 kB)
#19 166.3 Downloading structlog-24.4.0-py3-none-any.whl (67 kB)
#19 166.7 Downloading prometheus_client-0.21.0-py3-none-any.whl (54 kB)
#19 167.1 Downloading django_prometheus-2.3.1-py2.py3-none-any.whl (29 kB)
#19 167.5 Downloading opentelemetry_api-1.27.0-py3-none-any.whl (63 kB)
#19 168.0 Downloading opentelemetry_sdk-1.27.0-py3-none-any.whl (110 kB)
#19 172.3 Downloading opentelemetry_instrumentation_django-0.48b0-py3-none-any.whl (19 kB)
#19 172.6 Downloading opentelemetry_instrumentation_psycopg-0.48b0-py3-none-any.whl (10 kB)
#19 172.9 Downloading opentelemetry_instrumentation_celery-0.48b0-py3-none-any.whl (13 kB)
#19 173.4 Downloading opentelemetry_instrumentation_redis-0.48b0-py3-none-any.whl (11 kB)
#19 173.6 Downloading opentelemetry_exporter_otlp-1.27.0-py3-none-any.whl (7.0 kB)
#19 173.9 Downloading opentelemetry_exporter_otlp_proto_grpc-1.27.0-py3-none-any.whl (18 kB)
#19 174.3 Downloading opentelemetry_exporter_otlp_proto_common-1.27.0-py3-none-any.whl (17 kB)
#19 174.7 Downloading opentelemetry_exporter_otlp_proto_http-1.27.0-py3-none-any.whl (17 kB)
#19 175.3 Downloading opentelemetry_instrumentation-0.48b0-py3-none-any.whl (29 kB)
#19 176.5 Downloading opentelemetry_instrumentation_dbapi-0.48b0-py3-none-any.whl (11 kB)
#19 176.8 Downloading opentelemetry_instrumentation_wsgi-0.48b0-py3-none-any.whl (13 kB)
#19 177.1 Downloading opentelemetry_proto-1.27.0-py3-none-any.whl (52 kB)
#19 177.4 Downloading opentelemetry_semantic_conventions-0.48b0-py3-none-any.whl (149 kB)
#19 177.8 Downloading opentelemetry_util_http-0.48b0-py3-none-any.whl (6.9 kB)
#19 178.3 Downloading psycopg_binary-3.2.3-cp312-cp312-manylinux_2_17_x86_64.manylinux2014_x86_64.whl (4.2 MB)
#19 188.3    ━━━━━━━━━━━━━━━━━━━━━━━━━━━━━━━━━━━━━━━━ 4.2/4.2 MB 421.8 kB/s  0:00:10
#19 188.6 Downloading pydantic_core-2.23.4-cp312-cp312-manylinux_2_17_x86_64.manylinux2014_x86_64.whl (2.1 MB)
#19 192.6    ━━━━━━━━━━━━━━━━━━━━━━━━━━━━━━━━━━━━━━━━ 2.1/2.1 MB 518.0 kB/s  0:00:03
#19 192.8 Downloading billiard-4.2.4-py3-none-any.whl (87 kB)
#19 193.8 Downloading botocore-1.35.99-py3-none-any.whl (13.3 MB)
#19 211.6    ━━━━━━━━━━━━━━━━━━━━━━━━━━━━━━━━━━━━━━━━ 13.3/13.3 MB 750.6 kB/s  0:00:17
#19 211.9 Downloading charset_normalizer-3.4.9-cp312-cp312-manylinux2014_x86_64.manylinux_2_17_x86_64.manylinux_2_28_x86_64.whl (224 kB)
#19 213.0 Downloading click-8.4.2-py3-none-any.whl (119 kB)
#19 213.3 Downloading googleapis_common_protos-1.75.0-py3-none-any.whl (300 kB)
#19 214.1 Downloading grpcio-1.82.1-cp312-cp312-manylinux2014_x86_64.manylinux_2_17_x86_64.whl (6.9 MB)
#19 229.9    ━━━━━━━━━━━━━━━━━━━━━━━━━━━━━━━━━━━━━━━━ 6.9/6.9 MB 430.3 kB/s  0:00:15
#19 230.2 Downloading idna-3.18-py3-none-any.whl (65 kB)
#19 230.6 Downloading importlib_metadata-8.4.0-py3-none-any.whl (26 kB)
#19 230.8 Downloading jmespath-1.1.0-py3-none-any.whl (20 kB)
#19 231.2 Downloading protobuf-4.25.9-cp37-abi3-manylinux2014_x86_64.whl (295 kB)
#19 232.6 Downloading python_dateutil-2.9.0.post0-py2.py3-none-any.whl (229 kB)
#19 234.5 Downloading s3transfer-0.10.4-py3-none-any.whl (83 kB)
#19 236.4 Downloading typing_extensions-4.16.0-py3-none-any.whl (45 kB)
#19 236.7 Downloading urllib3-2.7.0-py3-none-any.whl (131 kB)
#19 237.8 Downloading wrapt-1.17.3-cp312-cp312-manylinux1_x86_64.manylinux_2_28_x86_64.manylinux_2_5_x86_64.whl (88 kB)
#19 238.6 Downloading annotated_types-0.7.0-py3-none-any.whl (13 kB)
#19 239.0 Downloading asgiref-3.12.1-py3-none-any.whl (25 kB)
#19 239.8 Downloading certifi-2026.6.17-py3-none-any.whl (133 kB)
#19 240.9 Downloading cffi-2.1.0-cp312-cp312-manylinux2014_x86_64.manylinux_2_17_x86_64.whl (221 kB)
#19 242.5 Downloading click_didyoumean-0.3.1-py3-none-any.whl (3.6 kB)
#19 242.8 Downloading click_plugins-1.1.1.2-py2.py3-none-any.whl (11 kB)
#19 243.4 Downloading click_repl-0.3.0-py3-none-any.whl (10 kB)
#19 243.7 Downloading deprecated-1.3.1-py2.py3-none-any.whl (11 kB)
#19 244.1 Downloading dnspython-2.8.0-py3-none-any.whl (331 kB)
#19 246.1 Downloading ecdsa-0.19.2-py2.py3-none-any.whl (150 kB)
#19 246.8 Downloading prompt_toolkit-3.0.52-py3-none-any.whl (391 kB)
#19 248.2 Downloading python_dotenv-1.2.2-py3-none-any.whl (22 kB)
#19 248.4 Downloading setuptools-83.0.0-py3-none-any.whl (1.0 MB)
#19 250.8    ━━━━━━━━━━━━━━━━━━━━━━━━━━━━━━━━━━━━━━━━ 1.0/1.0 MB 471.4 kB/s  0:00:02
#19 251.0 Downloading six-1.17.0-py2.py3-none-any.whl (11 kB)
#19 251.3 Downloading sqlparse-0.5.5-py3-none-any.whl (46 kB)
#19 251.6 Downloading text_unidecode-1.3-py2.py3-none-any.whl (78 kB)
#19 251.9 Downloading tzdata-2026.3-py2.py3-none-any.whl (348 kB)
#19 252.6 Downloading zipp-4.1.0-py3-none-any.whl (10 kB)
#19 252.9 Downloading argon2_cffi-25.1.0-py3-none-any.whl (14 kB)
#19 253.6 Downloading argon2_cffi_bindings-25.1.0-cp39-abi3-manylinux_2_26_x86_64.manylinux_2_28_x86_64.whl (87 kB)
#19 255.2 Downloading pyasn1-0.6.4-py3-none-any.whl (84 kB)
#19 255.6 Downloading pycparser-3.0-py3-none-any.whl (48 kB)
#19 255.9 Downloading pycryptodome-3.23.0-cp37-abi3-manylinux_2_17_x86_64.manylinux2014_x86_64.whl (2.3 MB)
#19 259.2    ━━━━━━━━━━━━━━━━━━━━━━━━━━━━━━━━━━━━━━━━ 2.3/2.3 MB 728.0 kB/s  0:00:03
#19 259.5 Downloading rsa-4.9.1-py3-none-any.whl (34 kB)
#19 259.9 Downloading wcwidth-0.8.2-py3-none-any.whl (323 kB)
#19 260.4 Downloading webencodings-0.5.1-py2.py3-none-any.whl (11 kB)
#19 264.4 Installing collected packages: webencodings, text-unidecode, phonenumberslite, zipp, wrapt, wcwidth, vine, urllib3, tzdata, typing-extensions, structlog, sqlparse, six, setuptools, redis, python-slugify, python-magic, python-dotenv, PyJWT, pycryptodome, pycparser, pyasn1, psycopg-binary, protobuf, prometheus-client, opentelemetry-util-http, markdown, jmespath, idna, dnspython, django-environ, click, charset-normalizer, certifi, billiard, asgiref, annotated-types, rsa, requests, python-dateutil, pydantic-core, psycopg, prompt-toolkit, opentelemetry-proto, importlib-metadata, grpcio, googleapis-common-protos, email-validator, ecdsa, django-prometheus, Django, deprecated, click-plugins, click-didyoumean, cffi, bleach, amqp, python-jose, pydantic, opentelemetry-exporter-otlp-proto-common, opentelemetry-api, kombu, djangorestframework, django-storages, django-redis, django-cors-headers, cryptography, click-repl, botocore, argon2-cffi-bindings, s3transfer, pydantic-settings, opentelemetry-semantic-conventions, opentelemetry-instrumentation, djangorestframework-simplejwt, celery, argon2-cffi, opentelemetry-sdk, opentelemetry-instrumentation-wsgi, opentelemetry-instrumentation-redis, opentelemetry-instrumentation-dbapi, opentelemetry-instrumentation-celery, minio, boto3, opentelemetry-instrumentation-psycopg, opentelemetry-instrumentation-django, opentelemetry-exporter-otlp-proto-http, opentelemetry-exporter-otlp-proto-grpc, opentelemetry-exporter-otlp
#19 367.1 
#19 367.2 Successfully installed Django-5.2.4 PyJWT-2.9.0 amqp-5.2.0 annotated-types-0.7.0 argon2-cffi-25.1.0 argon2-cffi-bindings-25.1.0 asgiref-3.12.1 billiard-4.2.4 bleach-6.1.0 boto3-1.35.45 botocore-1.35.99 celery-5.4.0 certifi-2026.6.17 cffi-2.1.0 charset-normalizer-3.4.9 click-8.4.2 click-didyoumean-0.3.1 click-plugins-1.1.1.2 click-repl-0.3.0 cryptography-43.0.3 deprecated-1.3.1 django-cors-headers-4.6.0 django-environ-0.11.2 django-prometheus-2.3.1 django-redis-5.4.0 django-storages-1.14.4 djangorestframework-3.15.2 djangorestframework-simplejwt-5.3.1 dnspython-2.8.0 ecdsa-0.19.2 email-validator-2.2.0 googleapis-common-protos-1.75.0 grpcio-1.82.1 idna-3.18 importlib-metadata-8.4.0 jmespath-1.1.0 kombu-5.4.2 markdown-3.7 minio-7.2.9 opentelemetry-api-1.27.0 opentelemetry-exporter-otlp-1.27.0 opentelemetry-exporter-otlp-proto-common-1.27.0 opentelemetry-exporter-otlp-proto-grpc-1.27.0 opentelemetry-exporter-otlp-proto-http-1.27.0 opentelemetry-instrumentation-0.48b0 opentelemetry-instrumentation-celery-0.48b0 opentelemetry-instrumentation-dbapi-0.48b0 opentelemetry-instrumentation-django-0.48b0 opentelemetry-instrumentation-psycopg-0.48b0 opentelemetry-instrumentation-redis-0.48b0 opentelemetry-instrumentation-wsgi-0.48b0 opentelemetry-proto-1.27.0 opentelemetry-sdk-1.27.0 opentelemetry-semantic-conventions-0.48b0 opentelemetry-util-http-0.48b0 phonenumberslite-8.13.52 prometheus-client-0.21.0 prompt-toolkit-3.0.52 protobuf-4.25.9 psycopg-3.2.3 psycopg-binary-3.2.3 pyasn1-0.6.4 pycparser-3.0 pycryptodome-3.23.0 pydantic-2.9.2 pydantic-core-2.23.4 pydantic-settings-2.6.0 python-dateutil-2.9.0.post0 python-dotenv-1.2.2 python-jose-3.3.0 python-magic-0.4.27 python-slugify-8.0.4 redis-5.1.1 requests-2.32.3 rsa-4.9.1 s3transfer-0.10.4 setuptools-83.0.0 six-1.17.0 sqlparse-0.5.5 structlog-24.4.0 text-unidecode-1.3 typing-extensions-4.16.0 tzdata-2026.3 urllib3-2.7.0 vine-5.1.0 wcwidth-0.8.2 webencodings-0.5.1 wrapt-1.17.3 zipp-4.1.0
#19 367.2 WARNING: Running pip as the 'root' user can result in broken permissions and conflicting behaviour with the system package manager, possibly rendering your system unusable. It is recommended to use a virtual environment instead: https://pip.pypa.io/warnings/venv. Use the --root-user-action option if you know what you are doing and want to suppress this warning.
#19 DONE 369.7s

#20 [worker 6/7] COPY . /app
#20 DONE 2.0s

#21 [beat 7/7] RUN useradd --create-home --shell /bin/bash app && chown -R app:app /app
#21 DONE 8.1s

#22 [beat] exporting to image
#22 exporting layers
#22 ...

#23 [backend] exporting to image
#23 ...

#24 [worker] exporting to image
#24 ...

#22 [beat] exporting to image
#22 exporting layers 64.0s done
#22 exporting manifest sha256:81bf531cd535220670eba6f9cf8e6e03a38ad061236af098ec9209abad10fd06
#22 exporting manifest sha256:81bf531cd535220670eba6f9cf8e6e03a38ad061236af098ec9209abad10fd06 0.3s done
#22 exporting config sha256:ce2c31b76215beedd39a3561fbec1bd4af36475d9a1d4ab20792ff1c1605f825
#22 exporting config sha256:ce2c31b76215beedd39a3561fbec1bd4af36475d9a1d4ab20792ff1c1605f825 0.4s done
#22 exporting attestation manifest sha256:23fc7fe24fcaa07942ca9c6446d17b6a416150a0c2c3dd86dc75b32d3e279a08
#22 exporting attestation manifest sha256:23fc7fe24fcaa07942ca9c6446d17b6a416150a0c2c3dd86dc75b32d3e279a08 1.0s done
#22 exporting manifest list sha256:ca6013b77047ae3c1c48bfea55e2058e718d46434e5beed95c43d5937d433517
#22 exporting manifest list sha256:ca6013b77047ae3c1c48bfea55e2058e718d46434e5beed95c43d5937d433517 0.5s done
#22 naming to docker.io/library/mhc-ticketing-beat:latest
#22 naming to docker.io/library/mhc-ticketing-beat:latest 0.1s done
#22 unpacking to docker.io/library/mhc-ticketing-beat:latest
#22 ...

#24 [worker] exporting to image
#24 exporting layers 64.1s done
#24 exporting manifest sha256:023d83eb3565594bbd51892deed555a823d4b76babcb896f340c605784eb9b3e 0.4s done
#24 exporting config sha256:f88f37f4b825db8494d4b613659ba9bc1cbe5cb07b1ae8c9b3a85c570bce2852 0.4s done
#24 exporting attestation manifest sha256:19cad20f671af2ef313cdccb3898ca6cb8cb8c0322d847b0b24fced6506e0f69 1.0s done
#24 exporting manifest list sha256:05d4ff9945cb67b2651dc287b0615479dbae848e9f5219141276d6d4bebe1a89 0.4s done
#24 naming to docker.io/library/mhc-ticketing-worker:latest 0.1s done
#24 unpacking to docker.io/library/mhc-ticketing-worker:latest
#24 ...

#23 [backend] exporting to image
#23 exporting layers 64.0s done
#23 exporting manifest sha256:ba2dc777ff0ddaba33bc8e11be6c31f1cda71a19a471c493d4eb3f6fa16dbfdf 0.3s done
#23 exporting config sha256:fc529fd60047412dc750e0272af807d96c5e6634035209b9e5dd78c972735117 0.4s done
#23 exporting attestation manifest sha256:478286aaf7e3d9952e2d225521c5f5ee6524561aca7afa8b2b84a65050919572 1.0s done
#23 exporting manifest list sha256:8ebc9326a6f062c0d79a6b481ae5fce5f18c97af5166f7a0ee4bc5dc4f3c6aa6 0.4s done
#23 naming to docker.io/library/mhc-ticketing-backend:latest 0.1s done
#23 unpacking to docker.io/library/mhc-ticketing-backend:latest
#23 ...

#22 [beat] exporting to image
#22 unpacking to docker.io/library/mhc-ticketing-beat:latest 38.1s done
#22 DONE 105.9s

#23 [backend] exporting to image
#23 unpacking to docker.io/library/mhc-ticketing-backend:latest 38.4s done
#23 ...

#24 [worker] exporting to image
#24 unpacking to docker.io/library/mhc-ticketing-worker:latest 38.2s done
#24 DONE 106.1s

#23 [backend] exporting to image
#23 DONE 106.2s

#25 [beat] resolving provenance for metadata file
#25 DONE 1.3s

#26 [worker] resolving provenance for metadata file
#26 DONE 1.1s

#27 [backend] resolving provenance for metadata file
#27 DONE 0.2s
 Image mhc-ticketing-beat Built 
 Image mhc-ticketing-backend Built 
 Image mhc-ticketing-worker Built 
