docker :  Container mhc-ticketing-keycloak-1 Running 
At line:1 char:143
+ ... wnloads\ticket; docker compose up -d backend worker beat 2>&1 | Out-F ...
+                     ~~~~~~~~~~~~~~~~~~~~~~~~~~~~~~~~~~~~~~~~~~~~~
    + CategoryInfo          : NotSpecified: ( Container mhc-...loak-1 Running :String) [], RemoteException
    + FullyQualifiedErrorId : NativeCommandError
 
 Container mhc-ticketing-redis-1 Running 
 Container mhc-ticketing-postgres-1 Running 
 Container mhc-ticketing-minio-1 Running 
 Container mhc-ticketing-frontend-1 Running 
 Container mhc-ticketing-rabbitmq-1 Running 
 Container mhc-ticketing-clamav-1 Running 
 Container mhc-ticketing-backend-1 Recreate 
 Container mhc-ticketing-backend-1 Recreated 
 Container mhc-ticketing-beat-1 Recreate 
 Container mhc-ticketing-worker-1 Recreate 
 Container mhc-ticketing-worker-1 Recreated 
 Container mhc-ticketing-beat-1 Recreated 
 Container mhc-ticketing-postgres-1 Waiting 
 Container mhc-ticketing-redis-1 Waiting 
 Container mhc-ticketing-rabbitmq-1 Waiting 
 Container mhc-ticketing-minio-1 Waiting 
 Container mhc-ticketing-keycloak-1 Waiting 
 Container mhc-ticketing-rabbitmq-1 Healthy 
 Container mhc-ticketing-redis-1 Healthy 
 Container mhc-ticketing-minio-1 Healthy 
 Container mhc-ticketing-postgres-1 Healthy 
 Container mhc-ticketing-keycloak-1 Healthy 
 Container mhc-ticketing-backend-1 Starting 
 Container mhc-ticketing-backend-1 Started 
 Container mhc-ticketing-beat-1 Starting 
 Container mhc-ticketing-worker-1 Starting 
 Container mhc-ticketing-worker-1 Started 
 Container mhc-ticketing-beat-1 Started 
