docker :  Image mhc-ticketing-frontend Building 
At line:2 char:1
+ docker compose build frontend 2>&1 | Out-File -FilePath "C:\Users\sou ...
+ ~~~~~~~~~~~~~~~~~~~~~~~~~~~~~~~~~~
    + CategoryInfo          : NotSpecified: ( Image mhc-ticketing-frontend Building :String) [], RemoteException
    + FullyQualifiedErrorId : NativeCommandError
 
#1 [internal] load local bake definitions
#1 reading from stdin 1.01kB done
#1 DONE 0.0s

#2 [internal] load build definition from Dockerfile
#2 transferring dockerfile: 519B 0.0s done
#2 DONE 0.0s

#3 resolve image config for docker-image://docker.io/docker/dockerfile:1.7
#3 DONE 1.4s

#4 docker-image://docker.io/docker/dockerfile:1.7@sha256:a57df69d0ea827fb7266491f2813635de6f17269be881f696fbfdf2d83dda33e
#4 resolve docker.io/docker/dockerfile:1.7@sha256:a57df69d0ea827fb7266491f2813635de6f17269be881f696fbfdf2d83dda33e 0.1s done
#4 CACHED

#5 [internal] load metadata for docker.io/library/node:22-alpine
#5 DONE 1.0s

#6 [internal] load .dockerignore
#6 transferring context: 2B done
#6 DONE 0.0s

#7 [internal] load build context
#7 transferring context: 1.30kB 0.0s done
#7 DONE 0.1s

#8 [1/5] FROM docker.io/library/node:22-alpine@sha256:16e22a550f3863206a3f701448c45f7912c6896a62de43add43bb9c86130c3e2
#8 resolve docker.io/library/node:22-alpine@sha256:16e22a550f3863206a3f701448c45f7912c6896a62de43add43bb9c86130c3e2 0.1s done
#8 DONE 0.1s

#9 [3/5] COPY package.json ./
#9 CACHED

#10 [4/5] RUN npm install --no-audit --no-fund --legacy-peer-deps
#10 CACHED

#11 [2/5] WORKDIR /app
#11 CACHED

#12 [5/5] COPY . .
#12 CACHED

#13 exporting to image
#13 exporting layers done
#13 exporting manifest sha256:40ce80054afcf71e5d7af685f772a5b4aa0d81004b2a06257be07778cc067155 done
#13 exporting config sha256:88ff2dac88354de5822feaf01fdd7cf9a4256ff290cddfce2f003072693810e6 done
#13 exporting attestation manifest sha256:b7477e3bc60c92b096c5c0a730636356176c4c6a54e8e63e059e151885ddb379 0.1s done
#13 exporting manifest list sha256:b2493aad04c64fbb595bd653a96c240d13ff857b095f18e504400e97d734a349
#13 exporting manifest list sha256:b2493aad04c64fbb595bd653a96c240d13ff857b095f18e504400e97d734a349 0.1s done
#13 naming to docker.io/library/mhc-ticketing-frontend:latest done
#13 unpacking to docker.io/library/mhc-ticketing-frontend:latest 0.0s done
#13 DONE 0.4s

#14 resolving provenance for metadata file
#14 DONE 0.0s
 Image mhc-ticketing-frontend Built 
