docker :  Image mhc-ticketing-backend Building 
At line:2 char:1
+ docker compose build backend 2>&1 | Out-File -FilePath "C:\Users\sour ...
+ ~~~~~~~~~~~~~~~~~~~~~~~~~~~~~~~~~
    + CategoryInfo          : NotSpecified: ( Image mhc-ticketing-backend Building :String) [], RemoteException
    + FullyQualifiedErrorId : NativeCommandError
 
#1 [internal] load local bake definitions
#1 reading from stdin 557B done
#1 DONE 0.0s

#2 [internal] load build definition from Dockerfile
#2 transferring dockerfile: 1.35kB 0.0s done
#2 DONE 0.0s

#3 resolve image config for docker-image://docker.io/docker/dockerfile:1.7
#3 DONE 1.3s

#4 docker-image://docker.io/docker/dockerfile:1.7@sha256:a57df69d0ea827fb7266491f2813635de6f17269be881f696fbfdf2d83dda33e
#4 resolve docker.io/docker/dockerfile:1.7@sha256:a57df69d0ea827fb7266491f2813635de6f17269be881f696fbfdf2d83dda33e 0.1s done
#4 CACHED

#5 [internal] load metadata for docker.io/library/python:3.12-slim
#5 DONE 0.9s

#6 [internal] load .dockerignore
#6 transferring context: 2B done
#6 DONE 0.0s

#7 [1/7] FROM docker.io/library/python:3.12-slim@sha256:57cd7c3a7a273101a6485ba99423ee568157882804b1124b4dd04266317710de
#7 resolve docker.io/library/python:3.12-slim@sha256:57cd7c3a7a273101a6485ba99423ee568157882804b1124b4dd04266317710de 0.1s done
#7 DONE 0.1s

#8 [internal] load build context
#8 transferring context: 45.25kB 0.0s done
#8 DONE 0.1s

#9 [3/7] WORKDIR /app
#9 CACHED

#10 [4/7] COPY requirements/ ./requirements/
#10 CACHED

#11 [2/7] RUN apt-get update && apt-get install -y --no-install-recommends         build-essential         libpq-dev         libmagic1         libclamav-dev         clamav-daemon         clamav-freshclam         curl         netcat-openbsd     && rm -rf /var/lib/apt/lists/*
#11 CACHED

#12 [5/7] RUN pip install --upgrade pip &&     pip install -r requirements/base.txt
#12 CACHED

#13 [6/7] COPY . /app
#13 DONE 0.2s

#14 [7/7] RUN useradd --create-home --shell /bin/bash app && chown -R app:app /app
#14 DONE 3.4s

#15 exporting to image
#15 exporting layers
#15 exporting layers 0.5s done
#15 exporting manifest sha256:f63ab8fe44ab05e4fdbcd550df1e15892611f12aa59dd51c6c2d003ee92893ff 0.1s done
#15 exporting config sha256:f0e37c48b9f13428145e38e35b5dcd1944ea8ad9916b6921036d6274f52ba223 0.1s done
#15 exporting attestation manifest sha256:fab28a5f261be1e7568a41c10baf4dd77782e3ba97e3e6958bbc8c1288b55283 0.1s done
#15 exporting manifest list sha256:495eb1cd70c32ac630d312610e66e83e83b6f5d0737e9ddb7e92f38f74c9d33e
#15 exporting manifest list sha256:495eb1cd70c32ac630d312610e66e83e83b6f5d0737e9ddb7e92f38f74c9d33e 0.0s done
#15 naming to docker.io/library/mhc-ticketing-backend:latest done
#15 unpacking to docker.io/library/mhc-ticketing-backend:latest
#15 unpacking to docker.io/library/mhc-ticketing-backend:latest 0.2s done
#15 DONE 1.2s

#16 resolving provenance for metadata file
#16 DONE 0.0s
 Image mhc-ticketing-backend Built 
