docker :  Image mhc-ticketing-backend Building 
At line:2 char:1
+ docker compose build backend 2>&1 | Out-File -FilePath "C:\Users\sour ...
+ ~~~~~~~~~~~~~~~~~~~~~~~~~~~~~~~~~
    + CategoryInfo          : NotSpecified: ( Image mhc-ticketing-backend Building :String) [], RemoteException
    + FullyQualifiedErrorId : NativeCommandError
 
#1 [internal] load local bake definitions
#1 reading from stdin 557B done
#1 DONE 0.0s

#2 [internal] load build definition from Dockerfile
#2 transferring dockerfile: 1.35kB 0.0s done
#2 DONE 0.1s

#3 resolve image config for docker-image://docker.io/docker/dockerfile:1.7
#3 DONE 1.4s

#4 docker-image://docker.io/docker/dockerfile:1.7@sha256:a57df69d0ea827fb7266491f2813635de6f17269be881f696fbfdf2d83dda33e
#4 resolve docker.io/docker/dockerfile:1.7@sha256:a57df69d0ea827fb7266491f2813635de6f17269be881f696fbfdf2d83dda33e 0.1s done
#4 CACHED

#5 [internal] load metadata for docker.io/library/python:3.12-slim
#5 DONE 0.9s

#6 [internal] load .dockerignore
#6 transferring context: 2B done
#6 DONE 0.0s

#7 [internal] load build context
#7 DONE 0.0s

#8 [1/7] FROM docker.io/library/python:3.12-slim@sha256:57cd7c3a7a273101a6485ba99423ee568157882804b1124b4dd04266317710de
#8 resolve docker.io/library/python:3.12-slim@sha256:57cd7c3a7a273101a6485ba99423ee568157882804b1124b4dd04266317710de 0.1s done
#8 DONE 0.1s

#7 [internal] load build context
#7 transferring context: 28.10kB 0.1s done
#7 DONE 0.1s

#9 [2/7] RUN apt-get update && apt-get install -y --no-install-recommends         build-essential         libpq-dev         libmagic1         libclamav-dev         clamav-daemon         clamav-freshclam         curl         netcat-openbsd     && rm -rf /var/lib/apt/lists/*
#9 CACHED

#10 [3/7] WORKDIR /app
#10 CACHED

#11 [4/7] COPY requirements/ ./requirements/
#11 CACHED

#12 [5/7] RUN pip install --upgrade pip &&     pip install -r requirements/base.txt
#12 CACHED

#13 [6/7] COPY . /app
#13 DONE 0.2s

#14 [7/7] RUN useradd --create-home --shell /bin/bash app && chown -R app:app /app
#14 DONE 4.2s

#15 exporting to image
#15 exporting layers
#15 exporting layers 0.7s done
#15 exporting manifest sha256:2c07fc987f821af3157939b7a07caef8a0c21e7311a3e039d98025454632cbdc 0.1s done
#15 exporting config sha256:72dfba62fb7ff38ac3a50639e0d09ab83c6635e5f6c495293ce51201080fb75d 0.1s done
#15 exporting attestation manifest sha256:a802432a73abe453cdee0f069dec15561131ba915cc2b37d4b8d4d18f52dc47a 0.1s done
#15 exporting manifest list sha256:ed35cdc435e344d5757b2124d1876cf9dfe7d25559da8386880a8f0508c0f774
#15 exporting manifest list sha256:ed35cdc435e344d5757b2124d1876cf9dfe7d25559da8386880a8f0508c0f774 0.1s done
#15 naming to docker.io/library/mhc-ticketing-backend:latest 0.0s done
#15 unpacking to docker.io/library/mhc-ticketing-backend:latest
#15 unpacking to docker.io/library/mhc-ticketing-backend:latest 0.5s done
#15 DONE 1.7s

#16 resolving provenance for metadata file
#16 DONE 0.0s
 Image mhc-ticketing-backend Built 
