docker :  Image mhc-ticketing-backend Building 
At line:2 char:1
+ docker compose build backend 2>&1 | Out-File -FilePath "C:\Users\sour ...
+ ~~~~~~~~~~~~~~~~~~~~~~~~~~~~~~~~~
    + CategoryInfo          : NotSpecified: ( Image mhc-ticketing-backend Building :String) [], RemoteException
    + FullyQualifiedErrorId : NativeCommandError
 
#1 [internal] load local bake definitions
#1 reading from stdin 557B done
#1 DONE 0.0s

#2 [internal] load build definition from Dockerfile
#2 transferring dockerfile: 1.35kB 0.0s done
#2 DONE 0.1s

#3 resolve image config for docker-image://docker.io/docker/dockerfile:1.7
#3 DONE 1.4s

#4 docker-image://docker.io/docker/dockerfile:1.7@sha256:a57df69d0ea827fb7266491f2813635de6f17269be881f696fbfdf2d83dda33e
#4 resolve docker.io/docker/dockerfile:1.7@sha256:a57df69d0ea827fb7266491f2813635de6f17269be881f696fbfdf2d83dda33e 0.1s done
#4 DONE 0.1s

#4 docker-image://docker.io/docker/dockerfile:1.7@sha256:a57df69d0ea827fb7266491f2813635de6f17269be881f696fbfdf2d83dda33e
#4 CACHED

#5 [internal] load metadata for docker.io/library/python:3.12-slim
#5 DONE 2.1s

#6 [internal] load .dockerignore
#6 transferring context: 2B 0.0s done
#6 DONE 0.1s

#7 [internal] load build context
#7 DONE 0.0s

#8 [1/7] FROM docker.io/library/python:3.12-slim@sha256:57cd7c3a7a273101a6485ba99423ee568157882804b1124b4dd04266317710de
#8 resolve docker.io/library/python:3.12-slim@sha256:57cd7c3a7a273101a6485ba99423ee568157882804b1124b4dd04266317710de
#8 resolve docker.io/library/python:3.12-slim@sha256:57cd7c3a7a273101a6485ba99423ee568157882804b1124b4dd04266317710de 0.2s done
#8 DONE 0.2s

#7 [internal] load build context
#7 transferring context: 42.62kB 0.1s done
#7 DONE 0.1s

#9 [2/7] RUN apt-get update && apt-get install -y --no-install-recommends         build-essential         libpq-dev         libmagic1         libclamav-dev         clamav-daemon         clamav-freshclam         curl         netcat-openbsd     && rm -rf /var/lib/apt/lists/*
#9 CACHED

#10 [3/7] WORKDIR /app
#10 CACHED

#11 [4/7] COPY requirements/ ./requirements/
#11 CACHED

#12 [5/7] RUN pip install --upgrade pip &&     pip install -r requirements/base.txt
#12 CACHED

#13 [6/7] COPY . /app
#13 DONE 0.2s

#14 [7/7] RUN useradd --create-home --shell /bin/bash app && chown -R app:app /app
#14 DONE 4.9s

#15 exporting to image
#15 exporting layers
#15 exporting layers 1.4s done
#15 exporting manifest sha256:d9ed408de4f02d89f9fd5569fd165636a2114084d3747631143e25bd621034b9 0.1s done
#15 exporting config sha256:bc19e4c56d37b8c65a03497d30d7c43d7ab99ad45380455efdb98f6ee8271aaf 0.1s done
#15 exporting attestation manifest sha256:1448557002a078a9ac504e8c9092dd6985f75546060a5e4d72594b63f5398dad
#15 exporting attestation manifest sha256:1448557002a078a9ac504e8c9092dd6985f75546060a5e4d72594b63f5398dad 0.1s done
#15 exporting manifest list sha256:69845ee511c19140e4b001c27cc5a404d7c03c2973fefc8c436522b0e810d859
#15 exporting manifest list sha256:69845ee511c19140e4b001c27cc5a404d7c03c2973fefc8c436522b0e810d859 0.1s done
#15 naming to docker.io/library/mhc-ticketing-backend:latest 0.0s done
#15 unpacking to docker.io/library/mhc-ticketing-backend:latest
#15 unpacking to docker.io/library/mhc-ticketing-backend:latest 0.6s done
#15 DONE 2.7s

#16 resolving provenance for metadata file
#16 DONE 0.1s
 Image mhc-ticketing-backend Built 
