docker :  Container mhc-ticketing-frontend-1 Running 
At line:2 char:1
+ docker compose run --rm --no-deps backend python manage.py makemigrat ...
+ ~~~~~~~~~~~~~~~~~~~~~~~~~~~~~~~~~~~~~~~~~~~~~~~~~~~~~~~~~~~~~~~~~~~~~
    + CategoryInfo          : NotSpecified: ( Container mhc-...tend-1 Running :String) [], RemoteException
    + FullyQualifiedErrorId : NativeCommandError
 
 Container mhc-ticketing-beat-1 Running 
 Container mhc-ticketing-postgres-1 Running 
 Container mhc-ticketing-rabbitmq-1 Running 
 Container mhc-ticketing-backend-1 Running 
 Container mhc-ticketing-worker-1 Running 
 Container mhc-ticketing-redis-1 Running 
 Container mhc-ticketing-keycloak-1 Running 
 Container mhc-ticketing-clamav-1 Running 
 Container mhc-ticketing-minio-1 Running 
 Container mhc-ticketing-backend-run-cf346ea8e49f Creating 
 Container mhc-ticketing-backend-run-cf346ea8e49f Created 
Migrations for 'automation':
  apps/automation/migrations/0001_initial.py
    + Create model AutomationRule
    + Create model AutomationExecution
Migrations for 'csat':
  apps/csat/migrations/0001_initial.py
    + Create model CsatResponse
Migrations for 'knowledge':
  apps/knowledge/migrations/0001_initial.py
    + Create model KnowledgeArticle
    + Create model KnowledgeUsageLog
Migrations for 'whatsapp':
  apps/whatsapp/migrations/0001_initial.py
    + Create model WhatsappAccount
    + Create model WhatsappMessage
