docker :  Container mhc-ticketing-frontend-1 Running 
At line:2 char:1
+ docker compose run --rm --no-deps backend python manage.py migrate 2> ...
+ ~~~~~~~~~~~~~~~~~~~~~~~~~~~~~~~~~~~~~~~~~~~~~~~~~~~~~~~~~~~~~~~~~~~~~
    + CategoryInfo          : NotSpecified: ( Container mhc-...tend-1 Running :String) [], RemoteException
    + FullyQualifiedErrorId : NativeCommandError
 
 Container mhc-ticketing-redis-1 Running 
 Container mhc-ticketing-postgres-1 Running 
 Container mhc-ticketing-rabbitmq-1 Running 
 Container mhc-ticketing-keycloak-1 Running 
 Container mhc-ticketing-clamav-1 Running 
 Container mhc-ticketing-minio-1 Running 
 Container mhc-ticketing-backend-run-7cf622edf1d3 Creating 
 Container mhc-ticketing-backend-run-7cf622edf1d3 Created 
Operations to perform:
  Apply all migrations: admin, administration, audit, auth, catalogue, contacts, contenttypes, files, identity_access, integrations, notifications, organisations, reporting, sessions, sla, tickets, workflow
Running migrations:
  Applying organisations.0001_initial... OK
  Applying contenttypes.0001_initial... OK
  Applying contenttypes.0002_remove_content_type_name... OK
  Applying auth.0001_initial... OK
  Applying auth.0002_alter_permission_name_max_length... OK
  Applying auth.0003_alter_user_email_max_length... OK
  Applying auth.0004_alter_user_username_opts... OK
  Applying auth.0005_alter_user_last_login_null... OK
  Applying auth.0006_require_contenttypes_0002... OK
  Applying auth.0007_alter_validators_add_error_messages... OK
  Applying auth.0008_alter_user_username_max_length... OK
  Applying auth.0009_alter_user_last_name_max_length... OK
  Applying auth.0010_alter_group_name_max_length... OK
  Applying auth.0011_update_proxy_permissions... OK
  Applying auth.0012_alter_user_first_name_max_length... OK
  Applying identity_access.0001_initial... OK
  Applying admin.0001_initial... OK
  Applying admin.0002_logentry_remove_auto_add... OK
  Applying admin.0003_logentry_add_action_flag_choices... OK
  Applying administration.0001_initial... OK
  Applying audit.0001_initial... OK
  Applying catalogue.0001_initial... OK
  Applying contacts.0001_initial... OK
  Applying files.0001_initial... OK
  Applying integrations.0001_initial... OK
  Applying notifications.0001_initial... OK
  Applying reporting.0001_initial... OK
  Applying sessions.0001_initial... OK
  Applying sla.0001_initial... OK
  Applying tickets.0001_initial... OK
  Applying workflow.0001_initial... OK
