docker :  Container mhc-ticketing-worker-1 Running 
At line:7 char:1
+ docker compose run --rm --no-deps backend python manage.py migrate -- ...
+ ~~~~~~~~~~~~~~~~~~~~~~~~~~~~~~~~~~~~~~~~~~~~~~~~~~~~~~~~~~~~~~~~~~~~~
    + CategoryInfo          : NotSpecified: ( Container mhc-...rker-1 Running :String) [], RemoteException
    + FullyQualifiedErrorId : NativeCommandError
 
 Container mhc-ticketing-redis-1 Running 
 Container mhc-ticketing-rabbitmq-1 Running 
 Container mhc-ticketing-minio-1 Running 
 Container mhc-ticketing-beat-1 Running 
 Container mhc-ticketing-postgres-1 Running 
 Container mhc-ticketing-keycloak-1 Running 
 Container mhc-ticketing-clamav-1 Running 
 Container mhc-ticketing-backend-1 Running 
 Container mhc-ticketing-frontend-1 Running 
 Container mhc-ticketing-backend-run-317fce555a8c Creating 
 Container mhc-ticketing-backend-run-317fce555a8c Created 
Operations to perform:
  Apply all migrations: admin, administration, audit, auth, automation, catalogue, contacts, contenttypes, csat, email_channel, files, identity_access, integrations, knowledge, notifications, organisations, reporting, sessions, sla, tickets, whatsapp, workflow
Running migrations:
  Applying tickets.0003_ticket_legal_hold_ticket_legal_hold_expires_at_and_more... OK
