docker :  Image mhc-ticketing-backend Building 
At line:9 char:1
+ docker compose build backend 2>&1 | Out-File -FilePath "C:\Users\sour ...
+ ~~~~~~~~~~~~~~~~~~~~~~~~~~~~~~~~~
    + CategoryInfo          : NotSpecified: ( Image mhc-ticketing-backend Building :String) [], RemoteException
    + FullyQualifiedErrorId : NativeCommandError
 
#1 [internal] load local bake definitions
#1 reading from stdin 561B done
#1 DONE 0.0s

#2 [internal] load build definition from Dockerfile.dev
#2 transferring dockerfile: 1.10kB 0.0s done
#2 DONE 0.1s

#3 resolve image config for docker-image://docker.io/docker/dockerfile:1.7
#3 DONE 2.3s

#4 docker-image://docker.io/docker/dockerfile:1.7@sha256:a57df69d0ea827fb7266491f2813635de6f17269be881f696fbfdf2d83dda33e
#4 resolve docker.io/docker/dockerfile:1.7@sha256:a57df69d0ea827fb7266491f2813635de6f17269be881f696fbfdf2d83dda33e 0.1s done
#4 CACHED

#5 [internal] load metadata for docker.io/library/python:3.12-slim
#5 DONE 1.5s

#6 [internal] load .dockerignore
#6 transferring context: 2B done
#6 DONE 0.0s

#7 [1/7] FROM docker.io/library/python:3.12-slim@sha256:57cd7c3a7a273101a6485ba99423ee568157882804b1124b4dd04266317710de
#7 resolve docker.io/library/python:3.12-slim@sha256:57cd7c3a7a273101a6485ba99423ee568157882804b1124b4dd04266317710de 0.1s done
#7 DONE 0.1s

#8 [internal] load build context
#8 transferring context: 3.52MB 0.5s done
#8 DONE 0.6s

#9 [2/7] RUN apt-get update && apt-get install -y --no-install-recommends         build-essential         libpq-dev         libmagic1         libclamav-dev         clamav-daemon         clamav-freshclam         curl         netcat-openbsd     && rm -rf /var/lib/apt/lists/*
#9 CACHED

#10 [3/7] WORKDIR /app
#10 CACHED

#11 [4/7] COPY requirements/ ./requirements/
#11 CACHED

#12 [5/7] RUN pip install --upgrade pip &&     pip install -r requirements/base.txt
#12 CACHED

#13 [6/7] COPY . /app
#13 DONE 0.3s

#14 [7/7] RUN useradd --create-home --shell /bin/bash app && chown -R app:app /app
#14 DONE 6.1s

#15 exporting to image
#15 exporting layers
#15 exporting layers 1.0s done
#15 exporting manifest sha256:135c23bf6d954222ed9d0d7147dd4ae36f9d3519175b678240179930eeffb134 0.1s done
#15 exporting config sha256:cfa2b6fb2ca5154acdc8a0484d4dd459945c6f74921ec81cbc98426464eec5c1 0.1s done
#15 exporting attestation manifest sha256:5fba3cc89690da65968588d3df1553515ae2935b4a4e93ed8bbd46339070695e 0.1s done
#15 exporting manifest list sha256:6b58798fc5ae96749b770489eec9ff2bbd2f318fa60a1d9dc9b430cef0a5a2f0
#15 exporting manifest list sha256:6b58798fc5ae96749b770489eec9ff2bbd2f318fa60a1d9dc9b430cef0a5a2f0 0.1s done
#15 naming to docker.io/library/mhc-ticketing-backend:latest done
#15 unpacking to docker.io/library/mhc-ticketing-backend:latest
#15 unpacking to docker.io/library/mhc-ticketing-backend:latest 0.4s done
#15 DONE 1.8s

#16 resolving provenance for metadata file
#16 DONE 0.0s
 Image mhc-ticketing-backend Built 
