docker :  Container mhc-ticketing-redis-1 Running 
At line:2 char:1
+ docker compose up -d backend worker beat 2>&1 | Out-File -FilePath "C ...
+ ~~~~~~~~~~~~~~~~~~~~~~~~~~~~~~~~~~~~~~~~~~~~~
    + CategoryInfo          : NotSpecified: ( Container mhc-...edis-1 Running :String) [], RemoteException
    + FullyQualifiedErrorId : NativeCommandError
 
 Container mhc-ticketing-minio-1 Running 
 Container mhc-ticketing-keycloak-1 Running 
 Container mhc-ticketing-frontend-1 Running 
 Container mhc-ticketing-clamav-1 Running 
 Container mhc-ticketing-postgres-1 Running 
 Container mhc-ticketing-rabbitmq-1 Running 
 Container mhc-ticketing-rabbitmq-1 Waiting 
 Container mhc-ticketing-minio-1 Waiting 
 Container mhc-ticketing-keycloak-1 Waiting 
 Container mhc-ticketing-postgres-1 Waiting 
 Container mhc-ticketing-redis-1 Waiting 
 Container mhc-ticketing-rabbitmq-1 Healthy 
 Container mhc-ticketing-postgres-1 Healthy 
 Container mhc-ticketing-minio-1 Healthy 
 Container mhc-ticketing-keycloak-1 Healthy 
 Container mhc-ticketing-redis-1 Healthy 
 Container mhc-ticketing-backend-1 Starting 
 Container mhc-ticketing-backend-1 Started 
 Container mhc-ticketing-beat-1 Starting 
 Container mhc-ticketing-worker-1 Starting 
 Container mhc-ticketing-worker-1 Started 
 Container mhc-ticketing-beat-1 Started 
