^/
^/admin/
^/admin/login/
^/admin/logout/
^/admin/password_change/
^/admin/password_change/done/
^/admin/autocomplete/
^/admin/jsi18n/
^/admin/r/<path:content_type_id>/<path:object_id>/
^/admin/auth/group/
^/admin/auth/group/add/
^/admin/auth/group/<path:object_id>/history/
^/admin/auth/group/<path:object_id>/delete/
^/admin/auth/group/<path:object_id>/change/
^/admin/auth/group/<path:object_id>/
^/admin/identity_access/user/
^/admin/identity_access/user/add/
^/admin/identity_access/user/<path:object_id>/history/
^/admin/identity_access/user/<path:object_id>/delete/
^/admin/identity_access/user/<path:object_id>/change/
^/admin/identity_access/user/<path:object_id>/
^/admin/identity_access/role/
^/admin/identity_access/role/add/
^/admin/identity_access/role/<path:object_id>/history/
^/admin/identity_access/role/<path:object_id>/delete/
^/admin/identity_access/role/<path:object_id>/change/
^/admin/identity_access/role/<path:object_id>/
^/admin/identity_access/userrole/
^/admin/identity_access/userrole/add/
^/admin/identity_access/userrole/<path:object_id>/history/
^/admin/identity_access/userrole/<path:object_id>/delete/
^/admin/identity_access/userrole/<path:object_id>/change/
^/admin/identity_access/userrole/<path:object_id>/
^/admin/identity_access/auditlogin/
^/admin/identity_access/auditlogin/add/
^/admin/identity_access/auditlogin/<path:object_id>/history/
^/admin/identity_access/auditlogin/<path:object_id>/delete/
^/admin/identity_access/auditlogin/<path:object_id>/change/
^/admin/identity_access/auditlogin/<path:object_id>/
^/admin/organisations/region/
^/admin/organisations/region/add/
^/admin/organisations/region/<path:object_id>/history/
^/admin/organisations/region/<path:object_id>/delete/
^/admin/organisations/region/<path:object_id>/change/
^/admin/organisations/region/<path:object_id>/
^/admin/organisations/office/
^/admin/organisations/office/add/
^/admin/organisations/office/<path:object_id>/history/
^/admin/organisations/office/<path:object_id>/delete/
^/admin/organisations/office/<path:object_id>/change/
^/admin/organisations/office/<path:object_id>/
^/admin/organisations/servicelocation/
^/admin/organisations/servicelocation/add/
^/admin/organisations/servicelocation/<path:object_id>/history/
^/admin/organisations/servicelocation/<path:object_id>/delete/
^/admin/organisations/servicelocation/<path:object_id>/change/
^/admin/organisations/servicelocation/<path:object_id>/
^/admin/contacts/contact/
^/admin/contacts/contact/add/
^/admin/contacts/contact/<path:object_id>/history/
^/admin/contacts/contact/<path:object_id>/delete/
^/admin/contacts/contact/<path:object_id>/change/
^/admin/contacts/contact/<path:object_id>/
^/admin/contacts/contactmethod/
^/admin/contacts/contactmethod/add/
^/admin/contacts/contactmethod/<path:object_id>/history/
^/admin/contacts/contactmethod/<path:object_id>/delete/
^/admin/contacts/contactmethod/<path:object_id>/change/
^/admin/contacts/contactmethod/<path:object_id>/
^/admin/contacts/organisation/
^/admin/contacts/organisation/add/
^/admin/contacts/organisation/<path:object_id>/history/
^/admin/contacts/organisation/<path:object_id>/delete/
^/admin/contacts/organisation/<path:object_id>/change/
^/admin/contacts/organisation/<path:object_id>/
^/admin/contacts/verificationtoken/
^/admin/contacts/verificationtoken/add/
^/admin/contacts/verificationtoken/<path:object_id>/history/
^/admin/contacts/verificationtoken/<path:object_id>/delete/
^/admin/contacts/verificationtoken/<path:object_id>/change/
^/admin/contacts/verificationtoken/<path:object_id>/
^/admin/catalogue/service/
^/admin/catalogue/service/add/
^/admin/catalogue/service/<path:object_id>/history/
^/admin/catalogue/service/<path:object_id>/delete/
^/admin/catalogue/service/<path:object_id>/change/
^/admin/catalogue/service/<path:object_id>/
^/admin/catalogue/requesttype/
^/admin/catalogue/requesttype/add/
^/admin/catalogue/requesttype/<path:object_id>/history/
^/admin/catalogue/requesttype/<path:object_id>/delete/
^/admin/catalogue/requesttype/<path:object_id>/change/
^/admin/catalogue/requesttype/<path:object_id>/
^/admin/catalogue/customfielddefinition/
^/admin/catalogue/customfielddefinition/add/
^/admin/catalogue/customfielddefinition/<path:object_id>/history/
^/admin/catalogue/customfielddefinition/<path:object_id>/delete/
^/admin/catalogue/customfielddefinition/<path:object_id>/change/
^/admin/catalogue/customfielddefinition/<path:object_id>/
^/admin/tickets/ticket/
^/admin/tickets/ticket/add/
^/admin/tickets/ticket/<path:object_id>/history/
^/admin/tickets/ticket/<path:object_id>/delete/
^/admin/tickets/ticket/<path:object_id>/change/
^/admin/tickets/ticket/<path:object_id>/
^/admin/tickets/ticketmessage/
^/admin/tickets/ticketmessage/add/
^/admin/tickets/ticketmessage/<path:object_id>/history/
^/admin/tickets/ticketmessage/<path:object_id>/delete/
^/admin/tickets/ticketmessage/<path:object_id>/change/
^/admin/tickets/ticketmessage/<path:object_id>/
^/admin/tickets/ticketnote/
^/admin/tickets/ticketnote/add/
^/admin/tickets/ticketnote/<path:object_id>/history/
^/admin/tickets/ticketnote/<path:object_id>/delete/
^/admin/tickets/ticketnote/<path:object_id>/change/
^/admin/tickets/ticketnote/<path:object_id>/
^/admin/tickets/ticketlink/
^/admin/tickets/ticketlink/add/
^/admin/tickets/ticketlink/<path:object_id>/history/
^/admin/tickets/ticketlink/<path:object_id>/delete/
^/admin/tickets/ticketlink/<path:object_id>/change/
^/admin/tickets/ticketlink/<path:object_id>/
^/admin/tickets/watcher/
^/admin/tickets/watcher/add/
^/admin/tickets/watcher/<path:object_id>/history/
^/admin/tickets/watcher/<path:object_id>/delete/
^/admin/tickets/watcher/<path:object_id>/change/
^/admin/tickets/watcher/<path:object_id>/
^/admin/tickets/outboxevent/
^/admin/tickets/outboxevent/add/
^/admin/tickets/outboxevent/<path:object_id>/history/
^/admin/tickets/outboxevent/<path:object_id>/delete/
^/admin/tickets/outboxevent/<path:object_id>/change/
^/admin/tickets/outboxevent/<path:object_id>/
^/admin/workflow/status/
^/admin/workflow/status/add/
^/admin/workflow/status/<path:object_id>/history/
^/admin/workflow/status/<path:object_id>/delete/
^/admin/workflow/status/<path:object_id>/change/
^/admin/workflow/status/<path:object_id>/
^/admin/workflow/transition/
^/admin/workflow/transition/add/
^/admin/workflow/transition/<path:object_id>/history/
^/admin/workflow/transition/<path:object_id>/delete/
^/admin/workflow/transition/<path:object_id>/change/
^/admin/workflow/transition/<path:object_id>/
^/admin/workflow/transitionhistory/
^/admin/workflow/transitionhistory/add/
^/admin/workflow/transitionhistory/<path:object_id>/history/
^/admin/workflow/transitionhistory/<path:object_id>/delete/
^/admin/workflow/transitionhistory/<path:object_id>/change/
^/admin/workflow/transitionhistory/<path:object_id>/
^/admin/sla/businesscalendar/
^/admin/sla/businesscalendar/add/
^/admin/sla/businesscalendar/<path:object_id>/history/
^/admin/sla/businesscalendar/<path:object_id>/delete/
^/admin/sla/businesscalendar/<path:object_id>/change/
^/admin/sla/businesscalendar/<path:object_id>/
^/admin/sla/slapolicy/
^/admin/sla/slapolicy/add/
^/admin/sla/slapolicy/<path:object_id>/history/
^/admin/sla/slapolicy/<path:object_id>/delete/
^/admin/sla/slapolicy/<path:object_id>/change/
^/admin/sla/slapolicy/<path:object_id>/
^/admin/sla/slainstance/
^/admin/sla/slainstance/add/
^/admin/sla/slainstance/<path:object_id>/history/
^/admin/sla/slainstance/<path:object_id>/delete/
^/admin/sla/slainstance/<path:object_id>/change/
^/admin/sla/slainstance/<path:object_id>/
^/admin/sla/slapausehistory/
^/admin/sla/slapausehistory/add/
^/admin/sla/slapausehistory/<path:object_id>/history/
^/admin/sla/slapausehistory/<path:object_id>/delete/
^/admin/sla/slapausehistory/<path:object_id>/change/
^/admin/sla/slapausehistory/<path:object_id>/
^/admin/files/attachment/
^/admin/files/attachment/add/
^/admin/files/attachment/<path:object_id>/history/
^/admin/files/attachment/<path:object_id>/delete/
^/admin/files/attachment/<path:object_id>/change/
^/admin/files/attachment/<path:object_id>/
^/admin/files/attachmentaccesslog/
^/admin/files/attachmentaccesslog/add/
^/admin/files/attachmentaccesslog/<path:object_id>/history/
^/admin/files/attachmentaccesslog/<path:object_id>/delete/
^/admin/files/attachmentaccesslog/<path:object_id>/change/
^/admin/files/attachmentaccesslog/<path:object_id>/
^/admin/audit/auditevent/
^/admin/audit/auditevent/add/
^/admin/audit/auditevent/<path:object_id>/history/
^/admin/audit/auditevent/<path:object_id>/delete/
^/admin/audit/auditevent/<path:object_id>/change/
^/admin/audit/auditevent/<path:object_id>/
^/admin/notifications/notification/
^/admin/notifications/notification/add/
^/admin/notifications/notification/<path:object_id>/history/
^/admin/notifications/notification/<path:object_id>/delete/
^/admin/notifications/notification/<path:object_id>/change/
^/admin/notifications/notification/<path:object_id>/
^/admin/integrations/integrationevent/
^/admin/integrations/integrationevent/add/
^/admin/integrations/integrationevent/<path:object_id>/history/
^/admin/integrations/integrationevent/<path:object_id>/delete/
^/admin/integrations/integrationevent/<path:object_id>/change/
^/admin/integrations/integrationevent/<path:object_id>/
^/admin/reporting/dashboard/
^/admin/reporting/dashboard/add/
^/admin/reporting/dashboard/<path:object_id>/history/
^/admin/reporting/dashboard/<path:object_id>/delete/
^/admin/reporting/dashboard/<path:object_id>/change/
^/admin/reporting/dashboard/<path:object_id>/
^/admin/administration/configitem/
^/admin/administration/configitem/add/
^/admin/administration/configitem/<path:object_id>/history/
^/admin/administration/configitem/<path:object_id>/delete/
^/admin/administration/configitem/<path:object_id>/change/
^/admin/administration/configitem/<path:object_id>/
^/admin/^(?P<app_label>auth|identity_access|organisations|contacts|catalogue|tickets|workflow|sla|files|audit|notifications|integrations|reporting|administration)/$
^/admin/(?P<url>.*)$
^/api/v1/health
^/api/v1/health/live
^/api/v1/identity/me
^/api/v1/organisations/offices
^/api/v1/^contacts/$
^/api/v1/^contacts\.(?P<format>[a-z0-9]+)/?$
^/api/v1/^contacts/duplicates/$
^/api/v1/^contacts/duplicates\.(?P<format>[a-z0-9]+)/?$
^/api/v1/^contacts/(?P<pk>[^/.]+)/$
^/api/v1/^contacts/(?P<pk>[^/.]+)\.(?P<format>[a-z0-9]+)/?$
^/api/v1/
^/api/v1/<drf_format_suffix:format>
^/api/v1/^catalogue/services/$
^/api/v1/^catalogue/services\.(?P<format>[a-z0-9]+)/?$
^/api/v1/^catalogue/services/(?P<code>[^/.]+)/$
^/api/v1/^catalogue/services/(?P<code>[^/.]+)\.(?P<format>[a-z0-9]+)/?$
^/api/v1/
^/api/v1/<drf_format_suffix:format>
^/api/v1/tickets/public/intake/
^/api/v1/tickets/dashboard/operational/
^/api/v1/^tickets/$
^/api/v1/^tickets\.(?P<format>[a-z0-9]+)/?$
^/api/v1/^tickets/kanban/$
^/api/v1/^tickets/kanban\.(?P<format>[a-z0-9]+)/?$
^/api/v1/^tickets/(?P<number>[A-Z]{2}-\d{6}-\d{6})/$
^/api/v1/^tickets/(?P<number>[A-Z]{2}-\d{6}-\d{6})\.(?P<format>[a-z0-9]+)/?$
^/api/v1/^tickets/(?P<number>[A-Z]{2}-\d{6}-\d{6})/messages/$
^/api/v1/^tickets/(?P<number>[A-Z]{2}-\d{6}-\d{6})/messages\.(?P<format>[a-z0-9]+)/?$
^/api/v1/^tickets/(?P<number>[A-Z]{2}-\d{6}-\d{6})/notes/$
^/api/v1/^tickets/(?P<number>[A-Z]{2}-\d{6}-\d{6})/notes\.(?P<format>[a-z0-9]+)/?$
^/api/v1/^tickets/(?P<number>[A-Z]{2}-\d{6}-\d{6})/transition/$
^/api/v1/^tickets/(?P<number>[A-Z]{2}-\d{6}-\d{6})/transition\.(?P<format>[a-z0-9]+)/?$
^/api/v1/
^/api/v1/<drf_format_suffix:format>
^/api/v1/workflow/
^/api/v1/sla/
^/api/v1/files/
^/api/v1/audit/
^/api/v1/notifications/
^/api/v1/integrations/
^/api/v1/reporting/
^/api/v1/administration/
^/metrics
