[verify] collecting live row counts
[verify] creating fresh backup
[verify] snapshotting MinIO objects
powershell :  Container mhc-ticketing-minio-1 Stopping 
At line:2 char:1
+ powershell -ExecutionPolicy Bypass -File scripts/verify_backup.ps1 2> ...
+ ~~~~~~~~~~~~~~~~~~~~~~~~~~~~~~~~~~~~~~~~~~~~~~~~~~~~~~~~~~~~~~~~~~~~~
    + CategoryInfo          : NotSpecified: ( Container mhc-...nio-1 Stopping :String) [], RemoteException
    + FullyQualifiedErrorId : NativeCommandError
 
 Container mhc-ticketing-minio-1 Stopped 
Unable to find image 'alpine:3.20' locally
3.20: Pulling from library/alpine
25f1d6b1951a: Pulling fs layer
25f1d6b1951a: Download complete
25f1d6b1951a: Pull complete
d4050d56ebf2: Download complete
3a030ca3f633: Download complete
Digest: sha256:d9e853e87e55526f6b2917df91a2115c36dd7c696a35be12163d44e6e2a4b6bc
Status: Downloaded newer image for alpine:3.20
 Container mhc-ticketing-minio-1 Starting 
 Container mhc-ticketing-minio-1 Started 
[verify] provisioning side database mhc_verify_20260719T123858Z
NOTICE:  database "mhc_verify_20260719t123858z" does not exist, skipping
pg_restore: error: could not read from input file: end of file
[verify] collecting restored row counts
docker : ERROR:  relation "ticket" does not exist
At C:\Users\sourc\Downloads\ticket\scripts\verify_backup.ps1:35 char:18
+ ...    $count = docker compose exec -T postgres psql -U $postgresUser -d  ...
+                 ~~~~~~~~~~~~~~~~~~~~~~~~~~~~~~~~~~~~~~~~~~~~~~~~~~~~~~~~~
    + CategoryInfo          : NotSpecified: (ERROR:  relation "ticket" does not exist:String) [], RemoteException
    + FullyQualifiedErrorId : NativeCommandError
 
