[verify] collecting live row counts
[verify] creating fresh backup
[verify] provisioning side database mhc_verify_20260719t124117z
powershell : NOTICE:  database "mhc_verify_20260719t124117z" does not exist, skipping
At line:2 char:1
+ powershell -ExecutionPolicy Bypass -File scripts/verify_backup.ps1 2> ...
+ ~~~~~~~~~~~~~~~~~~~~~~~~~~~~~~~~~~~~~~~~~~~~~~~~~~~~~~~~~~~~~~~~~~~~~
    + CategoryInfo          : NotSpecified: (NOTICE:  databa...exist, skipping:String) [], RemoteException
    + FullyQualifiedErrorId : NativeCommandError
 
[verify] collecting restored row counts
[verify] diffing counts
[verify] PASS: row counts match
  ticket|30
  ticket_message|8
  ticket_note|3
  ticket_link|7
  workflow_status|28
  workflow_transition|48
  workflow_transition_history|67
  sla_instance|40
  sla_policy|8
  catalogue_service|6
  catalogue_request_type|9
  contact|13
  org_office|2
  auditevent|0
  file_attachment|2
  integrationevent|0
  whatsapp_message|1
  knowledge_article|4
[verify] evidence in C:\Users\sourc\Downloads\ticket\scripts\..\backups\verify-20260719t124117z
