docker :  Container mhc-ticketing-backend-1 Running 
At line:2 char:1
+ docker compose run --rm --no-deps backend python manage.py makemigrat ...
+ ~~~~~~~~~~~~~~~~~~~~~~~~~~~~~~~~~~~~~~~~~~~~~~~~~~~~~~~~~~~~~~~~~~~~~
    + CategoryInfo          : NotSpecified: ( Container mhc-...kend-1 Running :String) [], RemoteException
    + FullyQualifiedErrorId : NativeCommandError
 
 Container mhc-ticketing-frontend-1 Running 
 Container mhc-ticketing-worker-1 Running 
 Container mhc-ticketing-beat-1 Running 
 Container mhc-ticketing-postgres-1 Running 
 Container mhc-ticketing-redis-1 Running 
 Container mhc-ticketing-clamav-1 Running 
 Container mhc-ticketing-minio-1 Running 
 Container mhc-ticketing-rabbitmq-1 Running 
 Container mhc-ticketing-keycloak-1 Running 
 Container mhc-ticketing-backend-run-f63b0c5d3cbf Creating 
 Container mhc-ticketing-backend-run-f63b0c5d3cbf Created 
Migrations for 'whatsapp':
  apps/whatsapp/migrations/0002_alter_whatsappmessage_account.py
    ~ Alter field account on whatsappmessage
