docker :  Container mhc-ticketing-beat-1 Running 
At line:1 char:143
+ ... ads\ticket; docker compose run --rm --no-deps backend python manage.p ...
+                 ~~~~~~~~~~~~~~~~~~~~~~~~~~~~~~~~~~~~~~~~~~~~~~~~~~~~~~~~~
    + CategoryInfo          : NotSpecified: ( Container mhc-ticketing-beat-1 Running :String) [], RemoteException
    + FullyQualifiedErrorId : NativeCommandError
 
 Container mhc-ticketing-frontend-1 Running 
 Container mhc-ticketing-redis-1 Running 
 Container mhc-ticketing-keycloak-1 Running 
 Container mhc-ticketing-clamav-1 Running 
 Container mhc-ticketing-worker-1 Running 
 Container mhc-ticketing-postgres-1 Running 
 Container mhc-ticketing-rabbitmq-1 Running 
 Container mhc-ticketing-minio-1 Running 
 Container mhc-ticketing-backend-1 Running 
 Container mhc-ticketing-backend-run-703a1b5c90d8 Creating 
 Container mhc-ticketing-backend-run-703a1b5c90d8 Created 
Traceback (most recent call last):
  File "/app/manage.py", line 20, in <module>
    main()
  File "/app/manage.py", line 16, in main
    execute_from_command_line(sys.argv)
  File "/usr/local/lib/python3.12/site-packages/django/core/management/__init__.py", line 442, in 
execute_from_command_line
    utility.execute()
  File "/usr/local/lib/python3.12/site-packages/django/core/management/__init__.py", line 436, in execute
    self.fetch_command(subcommand).run_from_argv(self.argv)
  File "/usr/local/lib/python3.12/site-packages/django/core/management/base.py", line 416, in run_from_argv
    self.execute(*args, **cmd_options)
  File "/usr/local/lib/python3.12/site-packages/django/core/management/base.py", line 460, in execute
    output = self.handle(*args, **options)
             ^^^^^^^^^^^^^^^^^^^^^^^^^^^^^
  File "/usr/local/lib/python3.12/site-packages/django/core/management/base.py", line 107, in wrapper
    res = handle_func(*args, **kwargs)
          ^^^^^^^^^^^^^^^^^^^^^^^^^^^^
  File "/usr/local/lib/python3.12/site-packages/django/core/management/commands/makemigrations.py", line 140, in handle
    loader = MigrationLoader(None, ignore_no_migrations=True)
             ^^^^^^^^^^^^^^^^^^^^^^^^^^^^^^^^^^^^^^^^^^^^^^^^
  File "/usr/local/lib/python3.12/site-packages/django/db/migrations/loader.py", line 58, in __init__
    self.build_graph()
  File "/usr/local/lib/python3.12/site-packages/django/db/migrations/loader.py", line 276, in build_graph
    self.graph.validate_consistency()
  File "/usr/local/lib/python3.12/site-packages/django/db/migrations/graph.py", line 198, in validate_consistency
    [n.raise_error() for n in self.node_map.values() if isinstance(n, DummyNode)]
     ^^^^^^^^^^^^^^^
  File "/usr/local/lib/python3.12/site-packages/django/db/migrations/graph.py", line 60, in raise_error
    raise NodeNotFoundError(self.error_message, self.key, origin=self.origin)
django.db.migrations.exceptions.NodeNotFoundError: Migration tickets.0002_initial dependencies reference nonexistent 
parent node ('workflow', '0001_initial')

